Archive member included to satisfy reference by file (symbol)

lbm/build/basic_modem.a(ral_sx126x.o)
                              build/main.o (ral_sx126x_handles_part)
lbm/build/basic_modem.a(ralf_sx126x.o)
                              build/main.o (ralf_sx126x_setup_gfsk)
lbm/build/basic_modem.a(smtc_modem.o)
                              build/main.o (smtc_modem_init)
lbm/build/basic_modem.a(smtc_modem_test.o)
                              lbm/build/basic_modem.a(smtc_modem.o) (smtc_modem_test_duty_cycle_app_activate)
lbm/build/basic_modem.a(fifo_ctrl.o)
                              lbm/build/basic_modem.a(smtc_modem.o) (fifo_ctrl_get_nb_elt)
lbm/build/basic_modem.a(modem_supervisor.o)
                              lbm/build/basic_modem.a(smtc_modem.o) (modem_supervisor_init)
lbm/build/basic_modem.a(smtc_clock_sync.o)
                              lbm/build/basic_modem.a(modem_supervisor.o) (clock_sync_init)
lbm/build/basic_modem.a(stream.o)
                              lbm/build/basic_modem.a(smtc_modem.o) (stream_init)
lbm/build/basic_modem.a(rose.o)
                              lbm/build/basic_modem.a(stream.o) (ROSE_init)
lbm/build/basic_modem.a(file_upload.o)
                              lbm/build/basic_modem.a(smtc_modem.o) (file_upload_init)
lbm/build/basic_modem.a(alc_sync.o)
                              lbm/build/basic_modem.a(modem_supervisor.o) (alc_sync_init)
lbm/build/basic_modem.a(soft_se.o)
                              lbm/build/basic_modem.a(smtc_modem.o) (smtc_secure_element_init)
lbm/build/basic_modem.a(lr1_stack_mac_layer.o)
                              lbm/build/basic_modem.a(smtc_modem_test.o) (lr1_stack_mac_tx_lora_launch_callback_for_rp)
lbm/build/basic_modem.a(lr1mac_utilities.o)
                              lbm/build/basic_modem.a(lr1_stack_mac_layer.o) (memcpy1)
lbm/build/basic_modem.a(smtc_real.o)
                              lbm/build/basic_modem.a(lr1_stack_mac_layer.o) (smtc_real_init_session)
lbm/build/basic_modem.a(smtc_duty_cycle.o)
                              lbm/build/basic_modem.a(smtc_real.o) (smtc_duty_cycle_init)
lbm/build/basic_modem.a(smtc_lbt.o)
                              lbm/build/basic_modem.a(smtc_modem_test.o) (smtc_lbt_init)
lbm/build/basic_modem.a(sx126x.o)
                              lbm/build/basic_modem.a(ral_sx126x.o) (sx126x_set_sleep)
lbm/build/basic_modem.a(sx126x_lr_fhss.o)
                              lbm/build/basic_modem.a(ral_sx126x.o) (sx126x_lr_fhss_init)
lbm/build/basic_modem.a(lr_fhss_mac.o)
                              lbm/build/basic_modem.a(ral_sx126x.o) (lr_fhss_get_hop_sequence_count)
lbm/build/basic_modem.a(radio_planner.o)
                              lbm/build/basic_modem.a(smtc_modem.o) (rp_init)
lbm/build/basic_modem.a(radio_planner_hal.o)
                              lbm/build/basic_modem.a(radio_planner.o) (rp_hal_critical_section_begin)
lbm/build/basic_modem.a(lorawan_api.o)
                              lbm/build/basic_modem.a(smtc_modem_test.o) (lorawan_api_init)
lbm/build/basic_modem.a(dm_downlink.o)
                              lbm/build/basic_modem.a(modem_supervisor.o) (dm_downlink)
lbm/build/basic_modem.a(modem_context.o)
                              lbm/build/basic_modem.a(modem_supervisor.o) (modem_context_init)
lbm/build/basic_modem.a(modem_utilities.o)
                              lbm/build/basic_modem.a(modem_context.o) (crc)
lbm/build/basic_modem.a(smtc_modem_services_hal.o)
                              lbm/build/basic_modem.a(rose.o) (smtc_modem_services_aes_encrypt)
lbm/build/basic_modem.a(lorawan_certification.o)
                              lbm/build/basic_modem.a(lorawan_api.o) (lorawan_certification_init)
lbm/build/basic_modem.a(aes.o)
                              lbm/build/basic_modem.a(soft_se.o) (aes_set_key)
lbm/build/basic_modem.a(cmac.o)
                              lbm/build/basic_modem.a(soft_se.o) (AES_CMAC_Init)
lbm/build/basic_modem.a(smtc_modem_crypto.o)
                              lbm/build/basic_modem.a(lr1_stack_mac_layer.o) (smtc_modem_crypto_payload_encrypt)
lbm/build/basic_modem.a(region_eu_868.o)
                              lbm/build/basic_modem.a(smtc_real.o) (region_eu_868_config)
lbm/build/basic_modem.a(lr1mac_core.o)
                              lbm/build/basic_modem.a(lorawan_api.o) (lr1mac_core_process)
lbm/build/basic_modem.a(lr1mac_class_c.o)
                              lbm/build/basic_modem.a(lorawan_api.o) (lr1mac_class_c_init)
lbm/build/basic_modem.a(smtc_beacon_sniff.o)
                              lbm/build/basic_modem.a(lorawan_api.o) (smtc_beacon_sniff_init)
lbm/build/basic_modem.a(smtc_ping_slot.o)
                              lbm/build/basic_modem.a(lorawan_api.o) (smtc_ping_slot_init)
lbm/build/basic_modem.a(smtc_multicast.o)
                              lbm/build/basic_modem.a(lorawan_api.o) (smtc_multicast_init)
/usr/lib/gcc/arm-none-eabi/10.3.1/../../../arm-none-eabi/lib/thumb/v6-m/nofp/libc_nano.a(lib_a-atexit.o)
[...]
Memory Configuration

Name             Origin             Length             Attributes
RAM              0x0000000020000000 0x0000000000005000 xrw
FLASH            0x0000000008000000 0x0000000000030000 xr
*default*        0x0000000000000000 0xffffffffffffffff

Linker script and memory map

LOAD /usr/lib/gcc/arm-none-eabi/10.3.1/thumb/v6-m/nofp/crti.o
LOAD /usr/lib/gcc/arm-none-eabi/10.3.1/thumb/v6-m/nofp/crtbegin.o
LOAD /usr/lib/gcc/arm-none-eabi/10.3.1/../../../arm-none-eabi/lib/thumb/v6-m/nofp/crt0.o
LOAD build/main.o
LOAD build/led.o
LOAD build/button.o
LOAD build/sht3x.o
LOAD build/lis2dw.o
LOAD build/stm32l0xx_hal_i2c.o
LOAD build/stm32l0xx_hal_i2c_ex.o
LOAD build/stm32l0xx_hal_lptim.o
LOAD build/stm32l0xx_hal_rtc.o
LOAD build/stm32l0xx_hal_rtc_ex.o
LOAD build/stm32l0xx_hal_spi.o
LOAD build/stm32l0xx_hal_tim.o
LOAD build/stm32l0xx_hal_tim_ex.o
LOAD build/stm32l0xx_hal_uart.o
LOAD build/stm32l0xx_hal_uart_ex.o
LOAD build/stm32l0xx_hal_wwdg.o
LOAD build/stm32l0xx_hal_iwdg.o
LOAD build/stm32l0xx_hal.o
LOAD build/stm32l0xx_hal_rcc.o
LOAD build/stm32l0xx_hal_rcc_ex.o
LOAD build/stm32l0xx_hal_flash.o
LOAD build/stm32l0xx_hal_flash_ex.o
LOAD build/stm32l0xx_hal_flash_ramfunc.o
LOAD build/stm32l0xx_hal_gpio.o
LOAD build/stm32l0xx_hal_dma.o
LOAD build/stm32l0xx_hal_pwr.o
LOAD build/stm32l0xx_hal_pwr_ex.o
LOAD build/stm32l0xx_hal_cortex.o
LOAD build/stm32l0xx_hal_adc.o
LOAD build/stm32l0xx_hal_adc_ex.o
LOAD build/smtc_modem_hal.o
LOAD build/system_stm32l0xx.o
LOAD build/smtc_hal_adc.o
LOAD build/smtc_hal_eeprom.o
LOAD build/smtc_hal_gpio.o
LOAD build/smtc_hal_mcu.o
LOAD build/smtc_hal_rtc.o
LOAD build/smtc_hal_spi.o
LOAD build/smtc_hal_lp_timer.o
LOAD build/smtc_hal_trace.o
LOAD build/smtc_hal_uart.o
LOAD build/smtc_hal_watchdog.o
LOAD build/smtc_hal_rng.o
LOAD build/smtc_hal_i2c.o
LOAD build/timer.o
LOAD build/settings.o
LOAD build/sx126x_hal.o
LOAD build/ral_sx126x_bsp.o
LOAD build/startup_stm32l071xx.o
LOAD lbm/build/basic_modem.a
LOAD /usr/lib/gcc/arm-none-eabi/10.3.1/../../../arm-none-eabi/lib/thumb/v6-m/nofp/libstdc++_nano.a
LOAD /usr/lib/gcc/arm-none-eabi/10.3.1/../../../arm-none-eabi/lib/thumb/v6-m/nofp/libsupc++_nano.a
LOAD /usr/lib/gcc/arm-none-eabi/10.3.1/../../../arm-none-eabi/lib/thumb/v6-m/nofp/libm.a
LOAD /usr/lib/gcc/arm-none-eabi/10.3.1/../../../arm-none-eabi/lib/thumb/v6-m/nofp/libc_nano.a
LOAD /usr/lib/gcc/arm-none-eabi/10.3.1/../../../arm-none-eabi/lib/thumb/v6-m/nofp/libnosys.a
START GROUP
LOAD /usr/lib/gcc/arm-none-eabi/10.3.1/thumb/v6-m/nofp/libgcc.a
LOAD /usr/lib/gcc/arm-none-eabi/10.3.1/../../../arm-none-eabi/lib/thumb/v6-m/nofp/libc_nano.a
END GROUP
START GROUP
LOAD /usr/lib/gcc/arm-none-eabi/10.3.1/thumb/v6-m/nofp/libgcc.a
LOAD /usr/lib/gcc/arm-none-eabi/10.3.1/../../../arm-none-eabi/lib/thumb/v6-m/nofp/libc_nano.a
LOAD /usr/lib/gcc/arm-none-eabi/10.3.1/../../../arm-none-eabi/lib/thumb/v6-m/nofp/libnosys.a
END GROUP
START GROUP
LOAD /usr/lib/gcc/arm-none-eabi/10.3.1/thumb/v6-m/nofp/libgcc.a
LOAD /usr/lib/gcc/arm-none-eabi/10.3.1/../../../arm-none-eabi/lib/thumb/v6-m/nofp/libc_nano.a
LOAD /usr/lib/gcc/arm-none-eabi/10.3.1/../../../arm-none-eabi/lib/thumb/v6-m/nofp/libnosys.a
END GROUP
LOAD /usr/lib/gcc/arm-none-eabi/10.3.1/thumb/v6-m/nofp/crtend.o
LOAD /usr/lib/gcc/arm-none-eabi/10.3.1/thumb/v6-m/nofp/crtn.o
                0x0000000020005000                _estack = 0x20005000
                0x0000000000000200                _Min_Heap_Size = 0x200
                0x0000000000000400                _Min_Stack_Size = 0x400

.isr_vector     0x0000000008000000       0xc0
                0x0000000008000000                . = ALIGN (0x4)
 *(.isr_vector)
 .isr_vector    0x0000000008000000       0xc0 build/startup_stm32l071xx.o
                0x0000000008000000                g_pfnVectors
                0x00000000080000c0                . = ALIGN (0x4)

.text           0x00000000080000c0    0x1a4c8
                0x00000000080000c0                . = ALIGN (0x4)
 *(.text)
 .text          0x00000000080000c0       0x98 /usr/lib/gcc/arm-none-eabi/10.3.1/thumb/v6-m/nofp/crtbegin.o
 .text          0x0000000008000158       0x44 /usr/lib/gcc/arm-none-eabi/10.3.1/../../../arm-none-eabi/lib/thumb/v6-m/nofp/libc_nano.a(lib_a-init.o)
                0x0000000008000158                __libc_init_array
 .text          0x000000000800019c       0xa4 /usr/lib/gcc/arm-none-eabi/10.3.1/../../../arm-none-eabi/lib/thumb/v6-m/nofp/libc_nano.a(lib_a-memcpy-stub.o)
                0x000000000800019c                memcpy
 .text          0x0000000008000240       0xac /usr/lib/gcc/arm-none-eabi/10.3.1/../../../arm-none-eabi/lib/thumb/v6-m/nofp/libc_nano.a(lib_a-memmove.o)
                0x0000000008000240                memmove
 .text          0x00000000080002ec       0xa8 /usr/lib/gcc/arm-none-eabi/10.3.1/../../../arm-none-eabi/lib/thumb/v6-m/nofp/libc_nano.a(lib_a-memset.o)
                0x00000000080002ec                memset
 .text          0x0000000008000394       0xe8 /usr/lib/gcc/arm-none-eabi/10.3.1/../../../arm-none-eabi/lib/thumb/v6-m/nofp/libc_nano.a(lib_a-rand.o)
                0x0000000008000394                srand
                0x00000000080003f4                rand
 .text          0x000000000800047c       0x88 /usr/lib/gcc/arm-none-eabi/10.3.1/../../../arm-none-eabi/lib/thumb/v6-m/nofp/libc_nano.a(lib_a-strcmp.o)
                0x000000000800047c                strcmp
 .text          0x0000000008000504       0x5c /usr/lib/gcc/arm-none-eabi/10.3.1/../../../arm-none-eabi/lib/thumb/v6-m/nofp/libc_nano.a(lib_a-strlen-stub.o)
                0x0000000008000504                strlen
 .text          0x0000000008000560       0x28 /usr/lib/gcc/arm-none-eabi/10.3.1/../../../arm-none-eabi/lib/thumb/v6-m/nofp/libc_nano.a(lib_a-strrchr.o)
                0x0000000008000560                strrchr
 .text          0x0000000008000588       0x64 /usr/lib/gcc/arm-none-eabi/10.3.1/../../../arm-none-eabi/lib/thumb/v6-m/nofp/libc_nano.a(lib_a-vsprintf.o)
                0x0000000008000588                vsprintf
                0x0000000008000588                vsiprintf
                0x00000000080005c0                _vsiprintf_r
                0x00000000080005c0                _vsprintf_r
 .text          0x00000000080005ec       0x4c /usr/lib/gcc/arm-none-eabi/10.3.1/../../../arm-none-eabi/lib/thumb/v6-m/nofp/libc_nano.a(lib_a-assert.o)
                0x00000000080005ec                __assert_func
                0x000000000800062c                __assert
 .text          0x0000000008000638       0x3c /usr/lib/gcc/arm-none-eabi/10.3.1/../../../arm-none-eabi/lib/thumb/v6-m/nofp/libc_nano.a(lib_a-fprintf.o)
                0x0000000008000638                _fprintf_r
                0x0000000008000638                _fiprintf_r
                0x0000000008000650                fprintf
                0x0000000008000650                fiprintf
 .text          0x0000000008000674       0x28 /usr/lib/gcc/arm-none-eabi/10.3.1/../../../arm-none-eabi/lib/thumb/v6-m/nofp/libc_nano.a(lib_a-malloc.o)
                0x0000000008000674                malloc
                0x0000000008000688                free
 .text          0x000000000800069c       0xc0 /usr/lib/gcc/arm-none-eabi/10.3.1/../../../arm-none-eabi/lib/thumb/v6-m/nofp/libc_nano.a(lib_a-nano-freer.o)
                0x000000000800069c                _free_r
 .text          0x000000000800075c       0xc4 /usr/lib/gcc/arm-none-eabi/10.3.1/../../../arm-none-eabi/lib/thumb/v6-m/nofp/libc_nano.a(lib_a-nano-mallocr.o)
                0x000000000800075c                _malloc_r
 .text          0x0000000008000820      0x428 /usr/lib/gcc/arm-none-eabi/10.3.1/../../../arm-none-eabi/lib/thumb/v6-m/nofp/libc_nano.a(lib_a-nano-svfprintf.o)
                0x0000000008000820                __ssputs_r
                0x00000000080008f8                __ssprint_r
                0x0000000008000a0c                _svfprintf_r
                0x0000000008000a0c                _svfiprintf_r
 .text          0x0000000008000c48      0x344 /usr/lib/gcc/arm-none-eabi/10.3.1/../../../arm-none-eabi/lib/thumb/v6-m/nofp/libc_nano.a(lib_a-nano-vfprintf.o)
                0x0000000008000c70                __sfputs_r
                0x0000000008000c9c                __sprint_r
                0x0000000008000cb8                _vfiprintf_r
                0x0000000008000cb8                _vfprintf_r
                0x0000000008000f74                vfiprintf
                0x0000000008000f74                vfprintf
 .text          0x0000000008000f8c      0x3c4 /usr/lib/gcc/arm-none-eabi/10.3.1/../../../arm-none-eabi/lib/thumb/v6-m/nofp/libc_nano.a(lib_a-nano-vfprintf_i.o)
                0x0000000008000f8c                _printf_common
                0x00000000080010c8                _printf_i
 .text          0x0000000008001350       0x24 /usr/lib/gcc/arm-none-eabi/10.3.1/../../../arm-none-eabi/lib/thumb/v6-m/nofp/libc_nano.a(lib_a-sbrkr.o)
                0x0000000008001350                _sbrk_r
 .text          0x0000000008001374       0xc0 /usr/lib/gcc/arm-none-eabi/10.3.1/../../../arm-none-eabi/lib/thumb/v6-m/nofp/libc_nano.a(lib_a-strchr.o)
                0x0000000008001374                strchr
 .text          0x0000000008001434       0xec /usr/lib/gcc/arm-none-eabi/10.3.1/../../../arm-none-eabi/lib/thumb/v6-m/nofp/libc_nano.a(lib_a-wbuf.o)
                0x0000000008001434                __swbuf_r
                0x0000000008001508                __swbuf
 .text          0x0000000008001520      0x10c /usr/lib/gcc/arm-none-eabi/10.3.1/../../../arm-none-eabi/lib/thumb/v6-m/nofp/libc_nano.a(lib_a-wsetup.o)
                0x0000000008001520                __swsetup_r
 .text          0x000000000800162c       0x10 /usr/lib/gcc/arm-none-eabi/10.3.1/../../../arm-none-eabi/lib/thumb/v6-m/nofp/libc_nano.a(lib_a-abort.o)
                0x000000000800162c                abort
 .text          0x000000000800163c      0x200 /usr/lib/gcc/arm-none-eabi/10.3.1/../../../arm-none-eabi/lib/thumb/v6-m/nofp/libc_nano.a(lib_a-fflush.o)
                0x000000000800163c                __sflush_r
                0x0000000008001758                _fflush_r
                0x00000000080017b4                fflush
 .text          0x000000000800183c      0x268 /usr/lib/gcc/arm-none-eabi/10.3.1/../../../arm-none-eabi/lib/thumb/v6-m/nofp/libc_nano.a(lib_a-findfp.o)
                0x0000000008001840                _cleanup_r
                0x0000000008001854                __sfmoreglue
                0x0000000008001884                __sfp
                0x0000000008001a3c                _cleanup
                0x0000000008001a54                __sinit
                0x0000000008001a64                __sfp_lock_acquire
                0x0000000008001a68                __sfp_lock_release
                0x0000000008001a6c                __sinit_lock_acquire
                0x0000000008001a70                __sinit_lock_release
                0x0000000008001a74                __fp_lock_all
                0x0000000008001a8c                __fp_unlock_all
 .text          0x0000000008001aa4      0x2f4 /usr/lib/gcc/arm-none-eabi/10.3.1/../../../arm-none-eabi/lib/thumb/v6-m/nofp/libc_nano.a(lib_a-fvwrite.o)
                0x0000000008001aa4                __sfvwrite_r
 .text          0x0000000008001d98       0x88 /usr/lib/gcc/arm-none-eabi/10.3.1/../../../arm-none-eabi/lib/thumb/v6-m/nofp/libc_nano.a(lib_a-fwalk.o)
                0x0000000008001d98                _fwalk
                0x0000000008001dd8                _fwalk_reent
 .text          0x0000000008001e20      0x10c /usr/lib/gcc/arm-none-eabi/10.3.1/../../../arm-none-eabi/lib/thumb/v6-m/nofp/libc_nano.a(lib_a-makebuf.o)
                0x0000000008001e20                __smakebuf_r
                0x0000000008001ed8                __swhatbuf_r
 .text          0x0000000008001f2c       0x74 /usr/lib/gcc/arm-none-eabi/10.3.1/../../../arm-none-eabi/lib/thumb/v6-m/nofp/libc_nano.a(lib_a-memchr-stub.o)
                0x0000000008001f2c                memchr
 .text          0x0000000008001fa0        0x8 /usr/lib/gcc/arm-none-eabi/10.3.1/../../../arm-none-eabi/lib/thumb/v6-m/nofp/libc_nano.a(lib_a-mlock.o)
                0x0000000008001fa0                __malloc_lock
                0x0000000008001fa4                __malloc_unlock
 .text          0x0000000008001fa8       0x50 /usr/lib/gcc/arm-none-eabi/10.3.1/../../../arm-none-eabi/lib/thumb/v6-m/nofp/libc_nano.a(lib_a-nano-reallocr.o)
                0x0000000008001fa8                _realloc_r
 .text          0x0000000008001ff8      0x274 /usr/lib/gcc/arm-none-eabi/10.3.1/../../../arm-none-eabi/lib/thumb/v6-m/nofp/libc_nano.a(lib_a-signal.o)
                0x0000000008001ff8                _init_signal_r
                0x0000000008002028                _signal_r
                0x0000000008002070                _raise_r
                0x00000000080020c8                __sigtramp_r
                0x0000000008002124                raise
                0x0000000008002180                signal
                0x00000000080021d0                _init_signal
                0x0000000008002208                __sigtramp
 .text          0x000000000800226c       0x30 /usr/lib/gcc/arm-none-eabi/10.3.1/../../../arm-none-eabi/lib/thumb/v6-m/nofp/libc_nano.a(lib_a-signalr.o)
                0x000000000800226c                _kill_r
                0x0000000008002294                _getpid_r
 .text          0x000000000800229c       0xa4 /usr/lib/gcc/arm-none-eabi/10.3.1/../../../arm-none-eabi/lib/thumb/v6-m/nofp/libc_nano.a(lib_a-stdio.o)
                0x000000000800229c                __sread
                0x00000000080022c4                __seofread
                0x00000000080022c8                __swrite
                0x0000000008002308                __sseek
                0x0000000008002334                __sclose
 .text          0x0000000008002340       0x28 /usr/lib/gcc/arm-none-eabi/10.3.1/../../../arm-none-eabi/lib/thumb/v6-m/nofp/libc_nano.a(lib_a-writer.o)
                0x0000000008002340                _write_r
 .text          0x0000000008002368       0x24 /usr/lib/gcc/arm-none-eabi/10.3.1/../../../arm-none-eabi/lib/thumb/v6-m/nofp/libc_nano.a(lib_a-closer.o)
                0x0000000008002368                _close_r
 .text          0x000000000800238c       0x28 /usr/lib/gcc/arm-none-eabi/10.3.1/../../../arm-none-eabi/lib/thumb/v6-m/nofp/libc_nano.a(lib_a-fstatr.o)
                0x000000000800238c                _fstat_r
 .text          0x00000000080023b4       0x24 /usr/lib/gcc/arm-none-eabi/10.3.1/../../../arm-none-eabi/lib/thumb/v6-m/nofp/libc_nano.a(lib_a-isattyr.o)
                0x00000000080023b4                _isatty_r
 .text          0x00000000080023d8       0x28 /usr/lib/gcc/arm-none-eabi/10.3.1/../../../arm-none-eabi/lib/thumb/v6-m/nofp/libc_nano.a(lib_a-lseekr.o)
                0x00000000080023d8                _lseek_r
 .text          0x0000000008002400       0x14 /usr/lib/gcc/arm-none-eabi/10.3.1/../../../arm-none-eabi/lib/thumb/v6-m/nofp/libc_nano.a(lib_a-nano-msizer.o)
                0x0000000008002400                _malloc_usable_size_r
 .text          0x0000000008002414       0x28 /usr/lib/gcc/arm-none-eabi/10.3.1/../../../arm-none-eabi/lib/thumb/v6-m/nofp/libc_nano.a(lib_a-readr.o)
                0x0000000008002414                _read_r
 .text          0x000000000800243c       0x10 /usr/lib/gcc/arm-none-eabi/10.3.1/../../../arm-none-eabi/lib/thumb/v6-m/nofp/libnosys.a(close.o)
                0x000000000800243c                _close
 .text          0x000000000800244c       0x10 /usr/lib/gcc/arm-none-eabi/10.3.1/../../../arm-none-eabi/lib/thumb/v6-m/nofp/libnosys.a(fstat.o)
                0x000000000800244c                _fstat
 .text          0x000000000800245c       0x10 /usr/lib/gcc/arm-none-eabi/10.3.1/../../../arm-none-eabi/lib/thumb/v6-m/nofp/libnosys.a(getpid.o)
                0x000000000800245c                _getpid
 .text          0x000000000800246c       0x10 /usr/lib/gcc/arm-none-eabi/10.3.1/../../../arm-none-eabi/lib/thumb/v6-m/nofp/libnosys.a(isatty.o)
                0x000000000800246c                _isatty
 .text          0x000000000800247c       0x10 /usr/lib/gcc/arm-none-eabi/10.3.1/../../../arm-none-eabi/lib/thumb/v6-m/nofp/libnosys.a(kill.o)
                0x000000000800247c                _kill
 .text          0x000000000800248c       0x10 /usr/lib/gcc/arm-none-eabi/10.3.1/../../../arm-none-eabi/lib/thumb/v6-m/nofp/libnosys.a(lseek.o)
                0x000000000800248c                _lseek
 .text          0x000000000800249c       0x10 /usr/lib/gcc/arm-none-eabi/10.3.1/../../../arm-none-eabi/lib/thumb/v6-m/nofp/libnosys.a(read.o)
                0x000000000800249c                _read
 .text          0x00000000080024ac       0x1c /usr/lib/gcc/arm-none-eabi/10.3.1/../../../arm-none-eabi/lib/thumb/v6-m/nofp/libnosys.a(sbrk.o)
                0x00000000080024ac                _sbrk
 .text          0x00000000080024c8       0x10 /usr/lib/gcc/arm-none-eabi/10.3.1/../../../arm-none-eabi/lib/thumb/v6-m/nofp/libnosys.a(write.o)
                0x00000000080024c8                _write
 .text          0x00000000080024d8        0x4 /usr/lib/gcc/arm-none-eabi/10.3.1/../../../arm-none-eabi/lib/thumb/v6-m/nofp/libnosys.a(_exit.o)
                0x00000000080024d8                _exit
 .text          0x00000000080024dc       0x14 /usr/lib/gcc/arm-none-eabi/10.3.1/thumb/v6-m/nofp/libgcc.a(_thumb1_case_sqi.o)
                0x00000000080024dc                __gnu_thumb1_case_sqi
 .text          0x00000000080024f0       0x14 /usr/lib/gcc/arm-none-eabi/10.3.1/thumb/v6-m/nofp/libgcc.a(_thumb1_case_uqi.o)
                0x00000000080024f0                __gnu_thumb1_case_uqi
 .text          0x0000000008002504       0x14 /usr/lib/gcc/arm-none-eabi/10.3.1/thumb/v6-m/nofp/libgcc.a(_thumb1_case_shi.o)
                0x0000000008002504                __gnu_thumb1_case_shi
 .text          0x0000000008002518       0x14 /usr/lib/gcc/arm-none-eabi/10.3.1/thumb/v6-m/nofp/libgcc.a(_thumb1_case_uhi.o)
                0x0000000008002518                __gnu_thumb1_case_uhi
 .text          0x000000000800252c      0x114 /usr/lib/gcc/arm-none-eabi/10.3.1/thumb/v6-m/nofp/libgcc.a(_udivsi3.o)
                0x000000000800252c                __udivsi3
                0x000000000800252c                __aeabi_uidiv
                0x0000000008002638                __aeabi_uidivmod
 .text          0x0000000008002640      0x1d4 /usr/lib/gcc/arm-none-eabi/10.3.1/thumb/v6-m/nofp/libgcc.a(_divsi3.o)
                0x0000000008002640                __aeabi_idiv
                0x0000000008002640                __divsi3
                0x000000000800280c                __aeabi_idivmod
 .text          0x0000000008002814        0x4 /usr/lib/gcc/arm-none-eabi/10.3.1/thumb/v6-m/nofp/libgcc.a(_dvmd_tls.o)
                0x0000000008002814                __aeabi_ldiv0
                0x0000000008002814                __aeabi_idiv0
 .text          0x0000000008002818       0x40 /usr/lib/gcc/arm-none-eabi/10.3.1/thumb/v6-m/nofp/libgcc.a(_aeabi_uldivmod.o)
                0x0000000008002818                __aeabi_uldivmod
 .text          0x0000000008002858       0x5c /usr/lib/gcc/arm-none-eabi/10.3.1/thumb/v6-m/nofp/libgcc.a(_muldi3.o)
                0x0000000008002858                __aeabi_lmul
                0x0000000008002858                __muldi3
 .text          0x00000000080028b4      0x198 /usr/lib/gcc/arm-none-eabi/10.3.1/thumb/v6-m/nofp/libgcc.a(_udivmoddi4.o)
                0x00000000080028b4                __udivmoddi4
 .text          0x0000000008002a4c      0x24c /usr/lib/gcc/arm-none-eabi/10.3.1/thumb/v6-m/nofp/libgcc.a(mulsf3.o)
                0x0000000008002a4c                __aeabi_fmul
 .text          0x0000000008002c98       0x40 /usr/lib/gcc/arm-none-eabi/10.3.1/thumb/v6-m/nofp/libgcc.a(fixsfsi.o)
                0x0000000008002c98                __aeabi_f2iz
 .text          0x0000000008002cd8       0x9c /usr/lib/gcc/arm-none-eabi/10.3.1/thumb/v6-m/nofp/libgcc.a(floatsisf.o)
                0x0000000008002cd8                __aeabi_i2f
 .text          0x0000000008002d74       0x3c /usr/lib/gcc/arm-none-eabi/10.3.1/thumb/v6-m/nofp/libgcc.a(_clzsi2.o)
                0x0000000008002d74                __clzsi2
 .text          0x0000000008002db0       0x18 /usr/lib/gcc/arm-none-eabi/10.3.1/thumb/v6-m/nofp/libgcc.a(_clzdi2.o)
                0x0000000008002db0                __clzdi2
 *(.text*)
 .text.periodic_timer_cb
                0x0000000008002dc8       0x24 build/main.o
 .text.get_event
                0x0000000008002dec      0x284 build/main.o
 .text.user_button_callback
                0x0000000008003070       0x34 build/main.o
 .text.is_joined
                0x00000000080030a4       0x14 build/main.o
 .text.startup.main
                0x00000000080030b8      0x39c build/main.o
                0x00000000080030b8                main
 .text.led_set  0x0000000008003454       0x1c build/led.o
                0x0000000008003454                led_set
 .text.led_init
                0x0000000008003470       0x1c build/led.o
                0x0000000008003470                led_init
 .text.led_toggle
                0x000000000800348c        0xe build/led.o
                0x000000000800348c                led_toggle
 .text.blink_timer_cb
                0x000000000800349a       0x26 build/led.o
 .text.led_blink
                0x00000000080034c0       0x3c build/led.o
                0x00000000080034c0                led_blink
 .text.debounce_timer_cb
                0x00000000080034fc       0x28 build/button.o
 .text.button_cb
                0x0000000008003524       0x18 build/button.o
 .text.button_init
                0x000000000800353c       0x5c build/button.o
                0x000000000800353c                button_init
 .text.sht3x_check_crc.constprop.0
                0x0000000008003598       0x50 build/sht3x.o
 .text.sht3x_init
                0x00000000080035e8       0x50 build/sht3x.o
                0x00000000080035e8                sht3x_init
 .text.sht3x_read_temp
                0x0000000008003638       0x88 build/sht3x.o
                0x0000000008003638                sht3x_read_temp
 .text.lis2dw_read_byte
                0x00000000080036c0       0x30 build/lis2dw.o
 .text.lis2dw_write_byte
                0x00000000080036f0       0x38 build/lis2dw.o
 .text.lis2dw_init
                0x0000000008003728       0x9c build/lis2dw.o
                0x0000000008003728                lis2dw_init
 .text.lis2dw_read
                0x00000000080037c4      0x1d0 build/lis2dw.o
                0x00000000080037c4                lis2dw_read
 .text.I2C_Flush_TXDR
                0x0000000008003994       0x1c build/stm32l0xx_hal_i2c.o
 .text.I2C_TransferConfig
                0x00000000080039b0       0x28 build/stm32l0xx_hal_i2c.o
 .text.I2C_IsAcknowledgeFailed
                0x00000000080039d8       0x88 build/stm32l0xx_hal_i2c.o
 .text.I2C_WaitOnTXISFlagUntilTimeout
                0x0000000008003a60       0x54 build/stm32l0xx_hal_i2c.o
 .text.I2C_WaitOnFlagUntilTimeout
                0x0000000008003ab4       0x50 build/stm32l0xx_hal_i2c.o
 .text.I2C_RequestMemoryWrite
                0x0000000008003b04       0x68 build/stm32l0xx_hal_i2c.o
 .text.I2C_RequestMemoryRead
                0x0000000008003b6c       0x64 build/stm32l0xx_hal_i2c.o
 .text.I2C_WaitOnSTOPFlagUntilTimeout
                0x0000000008003bd0       0x50 build/stm32l0xx_hal_i2c.o
 .text.HAL_I2C_Init
                0x0000000008003c20       0xac build/stm32l0xx_hal_i2c.o
                0x0000000008003c20                HAL_I2C_Init
 .text.HAL_I2C_DeInit
                0x0000000008003ccc       0x34 build/stm32l0xx_hal_i2c.o
                0x0000000008003ccc                HAL_I2C_DeInit
 .text.HAL_I2C_Mem_Write
                0x0000000008003d00      0x174 build/stm32l0xx_hal_i2c.o
                0x0000000008003d00                HAL_I2C_Mem_Write
 .text.HAL_I2C_Mem_Read
                0x0000000008003e74      0x188 build/stm32l0xx_hal_i2c.o
                0x0000000008003e74                HAL_I2C_Mem_Read
 .text.HAL_I2CEx_ConfigAnalogFilter
                0x0000000008003ffc       0x4c build/stm32l0xx_hal_i2c_ex.o
                0x0000000008003ffc                HAL_I2CEx_ConfigAnalogFilter
 .text.HAL_I2CEx_ConfigDigitalFilter
                0x0000000008004048       0x48 build/stm32l0xx_hal_i2c_ex.o
                0x0000000008004048                HAL_I2CEx_ConfigDigitalFilter
 .text.LPTIM_WaitForFlag
                0x0000000008004090       0x3c build/stm32l0xx_hal_lptim.o
 .text.HAL_LPTIM_Init
                0x00000000080040cc       0xac build/stm32l0xx_hal_lptim.o
                0x00000000080040cc                HAL_LPTIM_Init
 .text.HAL_LPTIM_CompareMatchCallback
                0x0000000008004178        0x2 build/stm32l0xx_hal_lptim.o
                0x0000000008004178                HAL_LPTIM_CompareMatchCallback
 .text.HAL_LPTIM_AutoReloadMatchCallback
                0x000000000800417a        0x2 build/stm32l0xx_hal_lptim.o
                0x000000000800417a                HAL_LPTIM_AutoReloadMatchCallback
 .text.HAL_LPTIM_TriggerCallback
                0x000000000800417c        0x2 build/stm32l0xx_hal_lptim.o
                0x000000000800417c                HAL_LPTIM_TriggerCallback
 .text.HAL_LPTIM_CompareWriteCallback
                0x000000000800417e        0x2 build/stm32l0xx_hal_lptim.o
                0x000000000800417e                HAL_LPTIM_CompareWriteCallback
 .text.HAL_LPTIM_AutoReloadWriteCallback
                0x0000000008004180        0x2 build/stm32l0xx_hal_lptim.o
                0x0000000008004180                HAL_LPTIM_AutoReloadWriteCallback
 .text.HAL_LPTIM_DirectionUpCallback
                0x0000000008004182        0x2 build/stm32l0xx_hal_lptim.o
                0x0000000008004182                HAL_LPTIM_DirectionUpCallback
 .text.HAL_LPTIM_DirectionDownCallback
                0x0000000008004184        0x2 build/stm32l0xx_hal_lptim.o
                0x0000000008004184                HAL_LPTIM_DirectionDownCallback
 .text.HAL_LPTIM_IRQHandler
                0x0000000008004186       0xac build/stm32l0xx_hal_lptim.o
                0x0000000008004186                HAL_LPTIM_IRQHandler
 *fill*         0x0000000008004232        0x2 
 .text.LPTIM_Disable
                0x0000000008004234       0xe4 build/stm32l0xx_hal_lptim.o
                0x0000000008004234                LPTIM_Disable
 .text.HAL_LPTIM_TimeOut_Stop
                0x0000000008004318       0x30 build/stm32l0xx_hal_lptim.o
                0x0000000008004318                HAL_LPTIM_TimeOut_Stop
 .text.HAL_LPTIM_TimeOut_Start_IT
                0x0000000008004348       0x84 build/stm32l0xx_hal_lptim.o
                0x0000000008004348                HAL_LPTIM_TimeOut_Start_IT
 .text.HAL_LPTIM_TimeOut_Stop_IT
                0x00000000080043cc       0x48 build/stm32l0xx_hal_lptim.o
                0x00000000080043cc                HAL_LPTIM_TimeOut_Stop_IT
 .text.HAL_RTC_WaitForSynchro
                0x0000000008004414       0x34 build/stm32l0xx_hal_rtc.o
                0x0000000008004414                HAL_RTC_WaitForSynchro
 .text.RTC_EnterInitMode
                0x0000000008004448       0x38 build/stm32l0xx_hal_rtc.o
                0x0000000008004448                RTC_EnterInitMode
 .text.HAL_RTC_Init
                0x0000000008004480       0xb8 build/stm32l0xx_hal_rtc.o
                0x0000000008004480                HAL_RTC_Init
 .text.RTC_ByteToBcd2
                0x0000000008004538       0x16 build/stm32l0xx_hal_rtc.o
                0x0000000008004538                RTC_ByteToBcd2
 *fill*         0x000000000800454e        0x2 
 .text.HAL_RTC_SetTime
                0x0000000008004550      0x108 build/stm32l0xx_hal_rtc.o
                0x0000000008004550                HAL_RTC_SetTime
 .text.HAL_RTC_SetDate
                0x0000000008004658       0xd8 build/stm32l0xx_hal_rtc.o
                0x0000000008004658                HAL_RTC_SetDate
 .text.RTC_Bcd2ToByte
                0x0000000008004730       0x12 build/stm32l0xx_hal_rtc.o
                0x0000000008004730                RTC_Bcd2ToByte
 *fill*         0x0000000008004742        0x2 
 .text.HAL_RTC_GetTime
                0x0000000008004744       0x54 build/stm32l0xx_hal_rtc.o
                0x0000000008004744                HAL_RTC_GetTime
 .text.HAL_RTC_GetDate
                0x0000000008004798       0x44 build/stm32l0xx_hal_rtc.o
                0x0000000008004798                HAL_RTC_GetDate
 .text.HAL_RTCEx_SetWakeUpTimer_IT
                0x00000000080047dc       0xfc build/stm32l0xx_hal_rtc_ex.o
                0x00000000080047dc                HAL_RTCEx_SetWakeUpTimer_IT
 .text.HAL_RTCEx_DeactivateWakeUpTimer
                0x00000000080048d8       0x80 build/stm32l0xx_hal_rtc_ex.o
                0x00000000080048d8                HAL_RTCEx_DeactivateWakeUpTimer
 .text.HAL_RTCEx_WakeUpTimerEventCallback
                0x0000000008004958        0x2 build/stm32l0xx_hal_rtc_ex.o
                0x0000000008004958                HAL_RTCEx_WakeUpTimerEventCallback
 *fill*         0x000000000800495a        0x2 
 .text.HAL_RTCEx_WakeUpTimerIRQHandler
                0x000000000800495c       0x34 build/stm32l0xx_hal_rtc_ex.o
                0x000000000800495c                HAL_RTCEx_WakeUpTimerIRQHandler
 .text.HAL_RTCEx_EnableBypassShadow
                0x0000000008004990       0x34 build/stm32l0xx_hal_rtc_ex.o
                0x0000000008004990                HAL_RTCEx_EnableBypassShadow
 .text.HAL_SPI_Init
                0x00000000080049c4       0xc4 build/stm32l0xx_hal_spi.o
                0x00000000080049c4                HAL_SPI_Init
 .text.HAL_SPI_DeInit
                0x0000000008004a88       0x2e build/stm32l0xx_hal_spi.o
                0x0000000008004a88                HAL_SPI_DeInit
 *fill*         0x0000000008004ab6        0x2 
 .text.UART_EndRxTransfer
                0x0000000008004ab8       0x5c build/stm32l0xx_hal_uart.o
 .text.HAL_UART_DeInit
                0x0000000008004b14       0x36 build/stm32l0xx_hal_uart.o
                0x0000000008004b14                HAL_UART_DeInit
 .text.HAL_UART_TxCpltCallback
                0x0000000008004b4a        0x2 build/stm32l0xx_hal_uart.o
                0x0000000008004b4a                HAL_UART_TxCpltCallback
 .text.HAL_UART_ErrorCallback
                0x0000000008004b4c        0x2 build/stm32l0xx_hal_uart.o
                0x0000000008004b4c                HAL_UART_ErrorCallback
 .text.UART_DMAAbortOnError
                0x0000000008004b4e       0x16 build/stm32l0xx_hal_uart.o
 .text.HAL_UARTEx_RxEventCallback
                0x0000000008004b64        0x2 build/stm32l0xx_hal_uart.o
                0x0000000008004b64                HAL_UARTEx_RxEventCallback
 *fill*         0x0000000008004b66        0x2 
 .text.HAL_UART_IRQHandler
                0x0000000008004b68      0x2b8 build/stm32l0xx_hal_uart.o
                0x0000000008004b68                HAL_UART_IRQHandler
 .text.UART_SetConfig
                0x0000000008004e20      0x238 build/stm32l0xx_hal_uart.o
                0x0000000008004e20                UART_SetConfig
 .text.UART_AdvFeatureConfig
                0x0000000008005058       0xd0 build/stm32l0xx_hal_uart.o
                0x0000000008005058                UART_AdvFeatureConfig
 .text.UART_WaitOnFlagUntilTimeout
                0x0000000008005128       0xc4 build/stm32l0xx_hal_uart.o
                0x0000000008005128                UART_WaitOnFlagUntilTimeout
 .text.HAL_UART_Transmit
                0x00000000080051ec       0xe2 build/stm32l0xx_hal_uart.o
                0x00000000080051ec                HAL_UART_Transmit
 *fill*         0x00000000080052ce        0x2 
 .text.UART_CheckIdleState
                0x00000000080052d0       0x64 build/stm32l0xx_hal_uart.o
                0x00000000080052d0                UART_CheckIdleState
 .text.HAL_UART_Init
                0x0000000008005334       0x64 build/stm32l0xx_hal_uart.o
                0x0000000008005334                HAL_UART_Init
 .text.HAL_UARTEx_WakeupCallback
                0x0000000008005398        0x2 build/stm32l0xx_hal_uart_ex.o
                0x0000000008005398                HAL_UARTEx_WakeupCallback
 *fill*         0x000000000800539a        0x2 
 .text.HAL_IWDG_Init
                0x000000000800539c       0x64 build/stm32l0xx_hal_iwdg.o
                0x000000000800539c                HAL_IWDG_Init
 .text.HAL_IWDG_Refresh
                0x0000000008005400       0x10 build/stm32l0xx_hal_iwdg.o
                0x0000000008005400                HAL_IWDG_Refresh
 .text.HAL_InitTick
                0x0000000008005410       0x48 build/stm32l0xx_hal.o
                0x0000000008005410                HAL_InitTick
 .text.HAL_Init
                0x0000000008005458       0x28 build/stm32l0xx_hal.o
                0x0000000008005458                HAL_Init
 .text.HAL_IncTick
                0x0000000008005480       0x18 build/stm32l0xx_hal.o
                0x0000000008005480                HAL_IncTick
 .text.HAL_GetTick
                0x0000000008005498        0xc build/stm32l0xx_hal.o
                0x0000000008005498                HAL_GetTick
 .text.HAL_Delay
                0x00000000080054a4       0x24 build/stm32l0xx_hal.o
                0x00000000080054a4                HAL_Delay
 .text.HAL_SuspendTick
                0x00000000080054c8       0x10 build/stm32l0xx_hal.o
                0x00000000080054c8                HAL_SuspendTick
 .text.HAL_ResumeTick
                0x00000000080054d8       0x10 build/stm32l0xx_hal.o
                0x00000000080054d8                HAL_ResumeTick
 .text.HAL_RCC_GetSysClockFreq
                0x00000000080054e8       0x90 build/stm32l0xx_hal_rcc.o
                0x00000000080054e8                HAL_RCC_GetSysClockFreq
 .text.HAL_RCC_OscConfig
                0x0000000008005578      0x49c build/stm32l0xx_hal_rcc.o
                0x0000000008005578                HAL_RCC_OscConfig
 .text.HAL_RCC_ClockConfig
                0x0000000008005a14      0x19c build/stm32l0xx_hal_rcc.o
                0x0000000008005a14                HAL_RCC_ClockConfig
 .text.HAL_RCC_GetPCLK1Freq
                0x0000000008005bb0       0x20 build/stm32l0xx_hal_rcc.o
                0x0000000008005bb0                HAL_RCC_GetPCLK1Freq
 .text.HAL_RCC_GetPCLK2Freq
                0x0000000008005bd0       0x20 build/stm32l0xx_hal_rcc.o
                0x0000000008005bd0                HAL_RCC_GetPCLK2Freq
 .text.HAL_RCC_GetOscConfig
                0x0000000008005bf0       0xa4 build/stm32l0xx_hal_rcc.o
                0x0000000008005bf0                HAL_RCC_GetOscConfig
 .text.HAL_RCC_GetClockConfig
                0x0000000008005c94       0x40 build/stm32l0xx_hal_rcc.o
                0x0000000008005c94                HAL_RCC_GetClockConfig
 .text.HAL_RCCEx_PeriphCLKConfig
                0x0000000008005cd4      0x1a0 build/stm32l0xx_hal_rcc_ex.o
                0x0000000008005cd4                HAL_RCCEx_PeriphCLKConfig
 .text.HAL_FLASHEx_DATAEEPROM_Unlock
                0x0000000008005e74       0x30 build/stm32l0xx_hal_flash_ex.o
                0x0000000008005e74                HAL_FLASHEx_DATAEEPROM_Unlock
 .text.HAL_FLASHEx_DATAEEPROM_Lock
                0x0000000008005ea4       0x14 build/stm32l0xx_hal_flash_ex.o
                0x0000000008005ea4                HAL_FLASHEx_DATAEEPROM_Lock
 .text.HAL_GPIO_Init
                0x0000000008005eb8      0x18c build/stm32l0xx_hal_gpio.o
                0x0000000008005eb8                HAL_GPIO_Init
 .text.HAL_GPIO_DeInit
                0x0000000008006044      0x100 build/stm32l0xx_hal_gpio.o
                0x0000000008006044                HAL_GPIO_DeInit
 .text.HAL_GPIO_ReadPin
                0x0000000008006144        0xc build/stm32l0xx_hal_gpio.o
                0x0000000008006144                HAL_GPIO_ReadPin
 .text.HAL_GPIO_WritePin
                0x0000000008006150        0xc build/stm32l0xx_hal_gpio.o
                0x0000000008006150                HAL_GPIO_WritePin
 .text.HAL_GPIO_EXTI_IRQHandler
                0x000000000800615c       0x18 build/stm32l0xx_hal_gpio.o
                0x000000000800615c                HAL_GPIO_EXTI_IRQHandler
 .text.HAL_DMA_Init
                0x0000000008006174       0x88 build/stm32l0xx_hal_dma.o
                0x0000000008006174                HAL_DMA_Init
 .text.HAL_DMA_DeInit
                0x00000000080061fc       0x60 build/stm32l0xx_hal_dma.o
                0x00000000080061fc                HAL_DMA_DeInit
 .text.HAL_DMA_Abort
                0x000000000800625c       0x40 build/stm32l0xx_hal_dma.o
                0x000000000800625c                HAL_DMA_Abort
 .text.HAL_DMA_Abort_IT
                0x000000000800629c       0x4a build/stm32l0xx_hal_dma.o
                0x000000000800629c                HAL_DMA_Abort_IT
 .text.HAL_DMA_IRQHandler
                0x00000000080062e6       0x96 build/stm32l0xx_hal_dma.o
                0x00000000080062e6                HAL_DMA_IRQHandler
 .text.HAL_PWR_EnableBkUpAccess
                0x000000000800637c       0x14 build/stm32l0xx_hal_pwr.o
                0x000000000800637c                HAL_PWR_EnableBkUpAccess
 .text.HAL_PWR_EnterSTOPMode
                0x0000000008006390       0x78 build/stm32l0xx_hal_pwr.o
                0x0000000008006390                HAL_PWR_EnterSTOPMode
 .text.HAL_NVIC_SetPriority
                0x0000000008006408       0x54 build/stm32l0xx_hal_cortex.o
                0x0000000008006408                HAL_NVIC_SetPriority
 .text.HAL_NVIC_EnableIRQ
                0x000000000800645c       0x18 build/stm32l0xx_hal_cortex.o
                0x000000000800645c                HAL_NVIC_EnableIRQ
 .text.HAL_NVIC_DisableIRQ
                0x0000000008006474       0x20 build/stm32l0xx_hal_cortex.o
                0x0000000008006474                HAL_NVIC_DisableIRQ
 .text.HAL_SYSTICK_Config
                0x0000000008006494       0x34 build/stm32l0xx_hal_cortex.o
                0x0000000008006494                HAL_SYSTICK_Config
 .text.HAL_SYSTICK_Callback
                0x00000000080064c8        0x2 build/stm32l0xx_hal_cortex.o
                0x00000000080064c8                HAL_SYSTICK_Callback
 .text.HAL_SYSTICK_IRQHandler
                0x00000000080064ca        0x8 build/stm32l0xx_hal_cortex.o
                0x00000000080064ca                HAL_SYSTICK_IRQHandler
 *fill*         0x00000000080064d2        0x2 
 .text.ADC_DelayMicroSecond
                0x00000000080064d4       0x2c build/stm32l0xx_hal_adc.o
 .text.ADC_Disable
                0x0000000008006500       0x70 build/stm32l0xx_hal_adc.o
 .text.ADC_Enable
                0x0000000008006570       0x78 build/stm32l0xx_hal_adc.o
 .text.ADC_ConversionStop
                0x00000000080065e8       0x5a build/stm32l0xx_hal_adc.o
 *fill*         0x0000000008006642        0x2 
 .text.HAL_ADC_Init
                0x0000000008006644      0x1b4 build/stm32l0xx_hal_adc.o
                0x0000000008006644                HAL_ADC_Init
 .text.HAL_ADC_DeInit
                0x00000000080067f8       0xa8 build/stm32l0xx_hal_adc.o
                0x00000000080067f8                HAL_ADC_DeInit
 .text.HAL_ADC_Start
                0x00000000080068a0       0x58 build/stm32l0xx_hal_adc.o
                0x00000000080068a0                HAL_ADC_Start
 .text.HAL_ADC_Stop
                0x00000000080068f8       0x3c build/stm32l0xx_hal_adc.o
                0x00000000080068f8                HAL_ADC_Stop
 .text.HAL_ADC_PollForConversion
                0x0000000008006934       0xc8 build/stm32l0xx_hal_adc.o
                0x0000000008006934                HAL_ADC_PollForConversion
 .text.HAL_ADC_GetValue
                0x00000000080069fc        0x6 build/stm32l0xx_hal_adc.o
                0x00000000080069fc                HAL_ADC_GetValue
 *fill*         0x0000000008006a02        0x2 
 .text.HAL_ADC_ConfigChannel
                0x0000000008006a04       0xa8 build/stm32l0xx_hal_adc.o
                0x0000000008006a04                HAL_ADC_ConfigChannel
 .text.HAL_ADC_GetState
                0x0000000008006aac        0x4 build/stm32l0xx_hal_adc.o
                0x0000000008006aac                HAL_ADC_GetState
 .text.HAL_ADCEx_Calibration_Start
                0x0000000008006ab0       0xa8 build/stm32l0xx_hal_adc_ex.o
                0x0000000008006ab0                HAL_ADCEx_Calibration_Start
 .text.smtc_modem_hal_reset_mcu
                0x0000000008006b58        0x8 build/smtc_modem_hal.o
                0x0000000008006b58                smtc_modem_hal_reset_mcu
 .text.smtc_modem_hal_get_time_in_s
                0x0000000008006b60        0x8 build/smtc_modem_hal.o
                0x0000000008006b60                smtc_modem_hal_get_time_in_s
 .text.smtc_modem_hal_get_compensated_time_in_s
                0x0000000008006b68        0x8 build/smtc_modem_hal.o
                0x0000000008006b68                smtc_modem_hal_get_compensated_time_in_s
 .text.smtc_modem_hal_get_time_compensation_in_s
                0x0000000008006b70        0x4 build/smtc_modem_hal.o
                0x0000000008006b70                smtc_modem_hal_get_time_compensation_in_s
 .text.smtc_modem_hal_get_time_in_ms
                0x0000000008006b74        0x8 build/smtc_modem_hal.o
                0x0000000008006b74                smtc_modem_hal_get_time_in_ms
 .text.smtc_modem_hal_get_time_in_100us
                0x0000000008006b7c        0x8 build/smtc_modem_hal.o
                0x0000000008006b7c                smtc_modem_hal_get_time_in_100us
 .text.smtc_modem_hal_get_radio_irq_timestamp_in_100us
                0x0000000008006b84        0x8 build/smtc_modem_hal.o
                0x0000000008006b84                smtc_modem_hal_get_radio_irq_timestamp_in_100us
 .text.smtc_modem_hal_start_timer
                0x0000000008006b8c        0xe build/smtc_modem_hal.o
                0x0000000008006b8c                smtc_modem_hal_start_timer
 .text.smtc_modem_hal_stop_timer
                0x0000000008006b9a        0x8 build/smtc_modem_hal.o
                0x0000000008006b9a                smtc_modem_hal_stop_timer
 .text.smtc_modem_hal_disable_modem_irq
                0x0000000008006ba2        0xc build/smtc_modem_hal.o
                0x0000000008006ba2                smtc_modem_hal_disable_modem_irq
 .text.smtc_modem_hal_enable_modem_irq
                0x0000000008006bae        0xc build/smtc_modem_hal.o
                0x0000000008006bae                smtc_modem_hal_enable_modem_irq
 *fill*         0x0000000008006bba        0x2 
 .text.smtc_modem_hal_context_restore
                0x0000000008006bbc       0x64 build/smtc_modem_hal.o
                0x0000000008006bbc                smtc_modem_hal_context_restore
 .text.smtc_modem_hal_context_store
                0x0000000008006c20       0x64 build/smtc_modem_hal.o
                0x0000000008006c20                smtc_modem_hal_context_store
 .text.smtc_modem_hal_store_crashlog
                0x0000000008006c84       0x14 build/smtc_modem_hal.o
                0x0000000008006c84                smtc_modem_hal_store_crashlog
 .text.smtc_modem_hal_restore_crashlog
                0x0000000008006c98       0x10 build/smtc_modem_hal.o
                0x0000000008006c98                smtc_modem_hal_restore_crashlog
 .text.smtc_modem_hal_set_crashlog_status
                0x0000000008006ca8        0xc build/smtc_modem_hal.o
                0x0000000008006ca8                smtc_modem_hal_set_crashlog_status
 .text.smtc_modem_hal_get_crashlog_status
                0x0000000008006cb4       0x10 build/smtc_modem_hal.o
                0x0000000008006cb4                smtc_modem_hal_get_crashlog_status
 .text.smtc_modem_hal_get_random_nb_in_range
                0x0000000008006cc4        0x8 build/smtc_modem_hal.o
                0x0000000008006cc4                smtc_modem_hal_get_random_nb_in_range
 .text.smtc_modem_hal_get_signed_random_nb_in_range
                0x0000000008006ccc        0x8 build/smtc_modem_hal.o
                0x0000000008006ccc                smtc_modem_hal_get_signed_random_nb_in_range
 .text.smtc_modem_hal_irq_config_radio_irq
                0x0000000008006cd4       0x18 build/smtc_modem_hal.o
                0x0000000008006cd4                smtc_modem_hal_irq_config_radio_irq
 .text.smtc_modem_hal_radio_irq_clear_pending
                0x0000000008006cec        0xa build/smtc_modem_hal.o
                0x0000000008006cec                smtc_modem_hal_radio_irq_clear_pending
 .text.smtc_modem_hal_start_radio_tcxo
                0x0000000008006cf6        0x2 build/smtc_modem_hal.o
                0x0000000008006cf6                smtc_modem_hal_start_radio_tcxo
 .text.smtc_modem_hal_stop_radio_tcxo
                0x0000000008006cf8        0x2 build/smtc_modem_hal.o
                0x0000000008006cf8                smtc_modem_hal_stop_radio_tcxo
 .text.smtc_modem_hal_get_radio_tcxo_startup_delay_ms
                0x0000000008006cfa        0x4 build/smtc_modem_hal.o
                0x0000000008006cfa                smtc_modem_hal_get_radio_tcxo_startup_delay_ms
 .text.smtc_modem_hal_get_battery_level
                0x0000000008006cfe        0x4 build/smtc_modem_hal.o
                0x0000000008006cfe                smtc_modem_hal_get_battery_level
 .text.smtc_modem_hal_get_temperature
                0x0000000008006d02       0x14 build/smtc_modem_hal.o
                0x0000000008006d02                smtc_modem_hal_get_temperature
 .text.smtc_modem_hal_get_voltage
                0x0000000008006d16       0x1c build/smtc_modem_hal.o
                0x0000000008006d16                smtc_modem_hal_get_voltage
 .text.smtc_modem_hal_get_board_delay_ms
                0x0000000008006d32        0x4 build/smtc_modem_hal.o
                0x0000000008006d32                smtc_modem_hal_get_board_delay_ms
 .text.smtc_modem_hal_print_trace
                0x0000000008006d36       0x16 build/smtc_modem_hal.o
                0x0000000008006d36                smtc_modem_hal_print_trace
 .text.smtc_modem_hal_assert_fail
                0x0000000008006d4c       0x2c build/smtc_modem_hal.o
                0x0000000008006d4c                smtc_modem_hal_assert_fail
 .text.SystemInit
                0x0000000008006d78        0x2 build/system_stm32l0xx.o
                0x0000000008006d78                SystemInit
 *fill*         0x0000000008006d7a        0x2 
 .text.adc_read
                0x0000000008006d7c       0x74 build/smtc_hal_adc.o
 .text.hal_adc_init
                0x0000000008006df0       0xb0 build/smtc_hal_adc.o
                0x0000000008006df0                hal_adc_init
 .text.hal_adc_get_vref_int
                0x0000000008006ea0       0x28 build/smtc_hal_adc.o
                0x0000000008006ea0                hal_adc_get_vref_int
 .text.hal_adc_get_temp
                0x0000000008006ec8       0x40 build/smtc_hal_adc.o
                0x0000000008006ec8                hal_adc_get_temp
 .text.hal_adc_deinit
                0x0000000008006f08       0x10 build/smtc_hal_adc.o
                0x0000000008006f08                hal_adc_deinit
 .text.HAL_ADC_MspInit
                0x0000000008006f18       0x14 build/smtc_hal_adc.o
                0x0000000008006f18                HAL_ADC_MspInit
 .text.HAL_ADC_MspDeInit
                0x0000000008006f2c       0x14 build/smtc_hal_adc.o
                0x0000000008006f2c                HAL_ADC_MspDeInit
 .text.hal_eeprom_write_buffer
                0x0000000008006f40       0x2c build/smtc_hal_eeprom.o
                0x0000000008006f40                hal_eeprom_write_buffer
 .text.hal_eeprom_read_buffer
                0x0000000008006f6c       0x14 build/smtc_hal_eeprom.o
                0x0000000008006f6c                hal_eeprom_read_buffer
 .text.hal_gpio_irq_attach
                0x0000000008006f80       0x1c build/smtc_hal_gpio.o
                0x0000000008006f80                hal_gpio_irq_attach
 .text.gpio_init.constprop.0
                0x0000000008006f9c      0x164 build/smtc_hal_gpio.o
 .text.hal_gpio_init_out
                0x0000000008007100       0x20 build/smtc_hal_gpio.o
                0x0000000008007100                hal_gpio_init_out
 .text.hal_gpio_init_in
                0x0000000008007120       0x58 build/smtc_hal_gpio.o
                0x0000000008007120                hal_gpio_init_in
 .text.hal_gpio_irq_enable
                0x0000000008007178       0x16 build/smtc_hal_gpio.o
                0x0000000008007178                hal_gpio_irq_enable
 .text.hal_gpio_irq_disable
                0x000000000800718e       0x16 build/smtc_hal_gpio.o
                0x000000000800718e                hal_gpio_irq_disable
 .text.hal_gpio_set_value
                0x00000000080071a4       0x26 build/smtc_hal_gpio.o
                0x00000000080071a4                hal_gpio_set_value
 .text.hal_gpio_get_value
                0x00000000080071ca       0x24 build/smtc_hal_gpio.o
                0x00000000080071ca                hal_gpio_get_value
 *fill*         0x00000000080071ee        0x2 
 .text.hal_gpio_clear_pending_irq
                0x00000000080071f0       0x2c build/smtc_hal_gpio.o
                0x00000000080071f0                hal_gpio_clear_pending_irq
 .text.EXTI0_1_IRQHandler
                0x000000000800721c       0x10 build/smtc_hal_gpio.o
                0x000000000800721c                EXTI0_1_IRQHandler
 .text.EXTI2_3_IRQHandler
                0x000000000800722c       0x10 build/smtc_hal_gpio.o
                0x000000000800722c                EXTI2_3_IRQHandler
 .text.EXTI4_15_IRQHandler
                0x000000000800723c       0x5c build/smtc_hal_gpio.o
                0x000000000800723c                EXTI4_15_IRQHandler
 .text.HAL_GPIO_EXTI_Callback
                0x0000000008007298       0x30 build/smtc_hal_gpio.o
                0x0000000008007298                HAL_GPIO_EXTI_Callback
 .text.hal_mcu_wait_us
                0x00000000080072c8       0x44 build/smtc_hal_mcu.o
                0x00000000080072c8                hal_mcu_wait_us
 .text.wut_cb   0x000000000800730c        0xc build/smtc_hal_mcu.o
 .text.hal_mcu_critical_section_begin
                0x0000000008007318        0xa build/smtc_hal_mcu.o
                0x0000000008007318                hal_mcu_critical_section_begin
 .text.hal_mcu_critical_section_end
                0x0000000008007322        0x8 build/smtc_hal_mcu.o
                0x0000000008007322                hal_mcu_critical_section_end
 .text.hal_mcu_disable_irq
                0x000000000800732a        0x4 build/smtc_hal_mcu.o
                0x000000000800732a                hal_mcu_disable_irq
 .text.hal_mcu_enable_irq
                0x000000000800732e        0x4 build/smtc_hal_mcu.o
                0x000000000800732e                hal_mcu_enable_irq
 *fill*         0x0000000008007332        0x2 
 .text.hal_mcu_reset
                0x0000000008007334       0x1c build/smtc_hal_mcu.o
                0x0000000008007334                hal_mcu_reset
 .text.hal_mcu_init
                0x0000000008007350      0x178 build/smtc_hal_mcu.o
                0x0000000008007350                hal_mcu_init
 .text.hal_mcu_set_sleep_for_ms
                0x00000000080074c8      0x17c build/smtc_hal_mcu.o
                0x00000000080074c8                hal_mcu_set_sleep_for_ms
 .text.SysTick_Handler
                0x0000000008007644        0xc build/smtc_hal_mcu.o
                0x0000000008007644                SysTick_Handler
 .text.HAL_MspInit
                0x0000000008007650       0x10 build/smtc_hal_mcu.o
                0x0000000008007650                HAL_MspInit
 .text.hal_mcu_delay_ms
                0x0000000008007660        0x8 build/smtc_hal_mcu.o
                0x0000000008007660                hal_mcu_delay_ms
 .text.HardFault_Handler
                0x0000000008007668       0x38 build/smtc_hal_mcu.o
                0x0000000008007668                HardFault_Handler
 .text.rtc_get_timestamp_in_ticks
                0x00000000080076a0       0xb0 build/smtc_hal_rtc.o
 .text.hal_rtc_get_timer_context
                0x0000000008007750        0xc build/smtc_hal_rtc.o
                0x0000000008007750                hal_rtc_get_timer_context
 .text.hal_rtc_set_timer_context
                0x000000000800775c       0x18 build/smtc_hal_rtc.o
                0x000000000800775c                hal_rtc_set_timer_context
 .text.hal_rtc_init
                0x0000000008007774       0x98 build/smtc_hal_rtc.o
                0x0000000008007774                hal_rtc_init
 .text.hal_rtc_get_timer_elapsed_time
                0x000000000800780c       0x18 build/smtc_hal_rtc.o
                0x000000000800780c                hal_rtc_get_timer_elapsed_time
 .text.hal_rtc_get_minimum_timeout
                0x0000000008007824        0x4 build/smtc_hal_rtc.o
                0x0000000008007824                hal_rtc_get_minimum_timeout
 .text.hal_rtc_wakeup_timer_stop
                0x0000000008007828       0x18 build/smtc_hal_rtc.o
                0x0000000008007828                hal_rtc_wakeup_timer_stop
 .text.rtc_tick_2_ms
                0x0000000008007840       0x1c build/smtc_hal_rtc.o
                0x0000000008007840                rtc_tick_2_ms
 .text.rtc_get_calendar_time.constprop.0
                0x000000000800785c       0x26 build/smtc_hal_rtc.o
 *fill*         0x0000000008007882        0x2 
 .text.hal_rtc_get_time_100us
                0x0000000008007884       0x20 build/smtc_hal_rtc.o
                0x0000000008007884                hal_rtc_get_time_100us
 .text.hal_rtc_get_time_ms
                0x00000000080078a4        0xe build/smtc_hal_rtc.o
                0x00000000080078a4                hal_rtc_get_time_ms
 .text.hal_rtc_get_time_s
                0x00000000080078b2       0x10 build/smtc_hal_rtc.o
                0x00000000080078b2                hal_rtc_get_time_s
 .text.rtc_ms_2_ticks
                0x00000000080078c2       0x10 build/smtc_hal_rtc.o
                0x00000000080078c2                rtc_ms_2_ticks
 .text.rtc_ms_2_wakeup_timer_tick
                0x00000000080078d2        0xe build/smtc_hal_rtc.o
                0x00000000080078d2                rtc_ms_2_wakeup_timer_tick
 .text.hal_rtc_wakeup_timer_set_ms
                0x00000000080078e0       0x50 build/smtc_hal_rtc.o
                0x00000000080078e0                hal_rtc_wakeup_timer_set_ms
 .text.RTC_IRQHandler
                0x0000000008007930       0x44 build/smtc_hal_rtc.o
                0x0000000008007930                RTC_IRQHandler
 .text.HAL_RTC_MspInit
                0x0000000008007974       0x24 build/smtc_hal_rtc.o
                0x0000000008007974                HAL_RTC_MspInit
 .text.hal_spi_init
                0x0000000008007998       0x9c build/smtc_hal_spi.o
                0x0000000008007998                hal_spi_init
 .text.hal_spi_de_init
                0x0000000008007a34       0x18 build/smtc_hal_spi.o
                0x0000000008007a34                hal_spi_de_init
 .text.hal_spi_in_out
                0x0000000008007a4c       0x30 build/smtc_hal_spi.o
                0x0000000008007a4c                hal_spi_in_out
 .text.HAL_SPI_MspInit
                0x0000000008007a7c      0x170 build/smtc_hal_spi.o
                0x0000000008007a7c                HAL_SPI_MspInit
 .text.HAL_SPI_MspDeInit
                0x0000000008007bec      0x130 build/smtc_hal_spi.o
                0x0000000008007bec                HAL_SPI_MspDeInit
 .text.hal_lp_timer_init
                0x0000000008007d1c       0x74 build/smtc_hal_lp_timer.o
                0x0000000008007d1c                hal_lp_timer_init
 .text.hal_lp_timer_start
                0x0000000008007d90       0x3c build/smtc_hal_lp_timer.o
                0x0000000008007d90                hal_lp_timer_start
 .text.hal_lp_timer_stop
                0x0000000008007dcc       0x10 build/smtc_hal_lp_timer.o
                0x0000000008007dcc                hal_lp_timer_stop
 .text.hal_lp_timer_irq_enable
                0x0000000008007ddc        0xa build/smtc_hal_lp_timer.o
                0x0000000008007ddc                hal_lp_timer_irq_enable
 .text.hal_lp_timer_irq_disable
                0x0000000008007de6        0xa build/smtc_hal_lp_timer.o
                0x0000000008007de6                hal_lp_timer_irq_disable
 .text.LPTIM1_IRQHandler
                0x0000000008007df0       0x28 build/smtc_hal_lp_timer.o
                0x0000000008007df0                LPTIM1_IRQHandler
 .text.HAL_LPTIM_MspInit
                0x0000000008007e18       0x30 build/smtc_hal_lp_timer.o
                0x0000000008007e18                HAL_LPTIM_MspInit
 .text.hal_trace_print
                0x0000000008007e48       0x24 build/smtc_hal_trace.o
                0x0000000008007e48                hal_trace_print
 .text.hal_trace_print_var
                0x0000000008007e6c       0x16 build/smtc_hal_trace.o
                0x0000000008007e6c                hal_trace_print_var
 *fill*         0x0000000008007e82        0x2 
 .text.uart1_init
                0x0000000008007e84       0x64 build/smtc_hal_uart.o
                0x0000000008007e84                uart1_init
 .text.uart1_deinit
                0x0000000008007ee8       0x10 build/smtc_hal_uart.o
                0x0000000008007ee8                uart1_deinit
 .text.uart1_tx
                0x0000000008007ef8       0x18 build/smtc_hal_uart.o
                0x0000000008007ef8                uart1_tx
 .text.HAL_UART_MspInit
                0x0000000008007f10      0x130 build/smtc_hal_uart.o
                0x0000000008007f10                HAL_UART_MspInit
 .text.HAL_UART_MspDeInit
                0x0000000008008040       0x78 build/smtc_hal_uart.o
                0x0000000008008040                HAL_UART_MspDeInit
 .text.DMA1_Channel4_5_6_7_IRQHandler
                0x00000000080080b8       0x10 build/smtc_hal_uart.o
                0x00000000080080b8                DMA1_Channel4_5_6_7_IRQHandler
 .text.USART2_IRQHandler
                0x00000000080080c8       0x10 build/smtc_hal_uart.o
                0x00000000080080c8                USART2_IRQHandler
 .text.hal_watchdog_init
                0x00000000080080d8       0x24 build/smtc_hal_watchdog.o
                0x00000000080080d8                hal_watchdog_init
 .text.watchdog_reload
                0x00000000080080fc       0x10 build/smtc_hal_watchdog.o
                0x00000000080080fc                watchdog_reload
 .text.hal_rng_init
                0x000000000800810c       0x18 build/smtc_hal_rng.o
                0x000000000800810c                hal_rng_init
 .text.hal_rng_get_random_in_range
                0x0000000008008124       0x2a build/smtc_hal_rng.o
                0x0000000008008124                hal_rng_get_random_in_range
 .text.hal_rng_get_signed_random_in_range
                0x000000000800814e       0x22 build/smtc_hal_rng.o
                0x000000000800814e                hal_rng_get_signed_random_in_range
 .text.hal_i2c_init
                0x0000000008008170       0xd0 build/smtc_hal_i2c.o
                0x0000000008008170                hal_i2c_init
 .text.hal_i2c_deinit
                0x0000000008008240       0x18 build/smtc_hal_i2c.o
                0x0000000008008240                hal_i2c_deinit
 .text.HAL_I2C_MspInit
                0x0000000008008258      0x128 build/smtc_hal_i2c.o
                0x0000000008008258                HAL_I2C_MspInit
 .text.HAL_I2C_MspDeInit
                0x0000000008008380       0xc8 build/smtc_hal_i2c.o
                0x0000000008008380                HAL_I2C_MspDeInit
 .text.hal_i2c_write_buffer
                0x0000000008008448       0x38 build/smtc_hal_i2c.o
                0x0000000008008448                hal_i2c_write_buffer
 .text.hal_i2c_read_buffer
                0x0000000008008480       0x38 build/smtc_hal_i2c.o
                0x0000000008008480                hal_i2c_read_buffer
 .text.hal_i2c_set_addr_size
                0x00000000080084b8        0xc build/smtc_hal_i2c.o
                0x00000000080084b8                hal_i2c_set_addr_size
 .text.TimerInsertTimer
                0x00000000080084c4       0x2c build/timer.o
 .text.TimerSetTimeout
                0x00000000080084f0       0x24 build/timer.o
 .text.TimerInsertNewHeadTimer
                0x0000000008008514       0x1c build/timer.o
 .text.TimerInit
                0x0000000008008530       0x10 build/timer.o
                0x0000000008008530                TimerInit
 .text.TimerSetContext
                0x0000000008008540        0x4 build/timer.o
                0x0000000008008540                TimerSetContext
 .text.TimerStart
                0x0000000008008544       0x5c build/timer.o
                0x0000000008008544                TimerStart
 .text.TimerIrqHandler
                0x00000000080085a0       0x7c build/timer.o
                0x00000000080085a0                TimerIrqHandler
 .text.TimerStop
                0x000000000800861c       0x5c build/timer.o
                0x000000000800861c                TimerStop
 .text.TimerSetValue
                0x0000000008008678       0x22 build/timer.o
                0x0000000008008678                TimerSetValue
 *fill*         0x000000000800869a        0x2 
 .text.settings_init
                0x000000000800869c       0x40 build/settings.o
                0x000000000800869c                settings_init
 .text.settings_print
                0x00000000080086dc       0xd8 build/settings.o
                0x00000000080086dc                settings_print
 .text.sx126x_hal_check_device_ready
                0x00000000080087b4       0x38 build/sx126x_hal.o
 .text.sx126x_hal_write
                0x00000000080087ec       0x64 build/sx126x_hal.o
                0x00000000080087ec                sx126x_hal_write
 .text.sx126x_hal_read
                0x0000000008008850       0x4a build/sx126x_hal.o
                0x0000000008008850                sx126x_hal_read
 *fill*         0x000000000800889a        0x2 
 .text.sx126x_hal_reset
                0x000000000800889c       0x34 build/sx126x_hal.o
                0x000000000800889c                sx126x_hal_reset
 .text.sx126x_hal_wakeup
                0x00000000080088d0        0xa build/sx126x_hal.o
                0x00000000080088d0                sx126x_hal_wakeup
 .text.ral_sx126x_bsp_get_reg_mode
                0x00000000080088da        0x6 build/ral_sx126x_bsp.o
                0x00000000080088da                ral_sx126x_bsp_get_reg_mode
 .text.ral_sx126x_bsp_get_rf_switch_cfg
                0x00000000080088e0        0x6 build/ral_sx126x_bsp.o
                0x00000000080088e0                ral_sx126x_bsp_get_rf_switch_cfg
 .text.ral_sx126x_bsp_get_tx_cfg
                0x00000000080088e6       0x74 build/ral_sx126x_bsp.o
                0x00000000080088e6                ral_sx126x_bsp_get_tx_cfg
 .text.ral_sx126x_bsp_get_xosc_cfg
                0x000000000800895a        0x6 build/ral_sx126x_bsp.o
                0x000000000800895a                ral_sx126x_bsp_get_xosc_cfg
 .text.ral_sx126x_bsp_get_ocp_value
                0x0000000008008960        0x2 build/ral_sx126x_bsp.o
                0x0000000008008960                ral_sx126x_bsp_get_ocp_value
 *fill*         0x0000000008008962        0x2 
 .text.Reset_Handler
                0x0000000008008964       0x50 build/startup_stm32l071xx.o
                0x0000000008008964                Reset_Handler
 .text.Default_Handler
                0x00000000080089b4        0x2 build/startup_stm32l071xx.o
                0x00000000080089b4                ADC1_COMP_IRQHandler
                0x00000000080089b4                TIM6_IRQHandler
                0x00000000080089b4                PVD_IRQHandler
                0x00000000080089b4                PendSV_Handler
                0x00000000080089b4                NMI_Handler
                0x00000000080089b4                I2C1_IRQHandler
                0x00000000080089b4                SPI1_IRQHandler
                0x00000000080089b4                I2C2_IRQHandler
                0x00000000080089b4                TIM3_IRQHandler
                0x00000000080089b4                RCC_IRQHandler
                0x00000000080089b4                DMA1_Channel1_IRQHandler
                0x00000000080089b4                USART4_5_IRQHandler
                0x00000000080089b4                Default_Handler
                0x00000000080089b4                TIM22_IRQHandler
                0x00000000080089b4                TIM7_IRQHandler
                0x00000000080089b4                I2C3_IRQHandler
                0x00000000080089b4                SPI2_IRQHandler
                0x00000000080089b4                SVC_Handler
                0x00000000080089b4                TIM21_IRQHandler
                0x00000000080089b4                WWDG_IRQHandler
                0x00000000080089b4                LPUART1_IRQHandler
                0x00000000080089b4                TIM2_IRQHandler
                0x00000000080089b4                DMA1_Channel2_3_IRQHandler
                0x00000000080089b4                FLASH_IRQHandler
                0x00000000080089b4                USART1_IRQHandler
 .text.ral_sx126x_convert_irq_flags_to_ral
                0x00000000080089b6       0x60 lbm/build/basic_modem.a(ral_sx126x.o)
 .text.ral_sx126x_convert_irq_flags_from_ral
                0x0000000008008a16       0x56 lbm/build/basic_modem.a(ral_sx126x.o)
 .text.ral_sx126x_convert_gfsk_pkt_params_from_ral
                0x0000000008008a6c       0x8c lbm/build/basic_modem.a(ral_sx126x.o)
 .text.ral_sx126x_convert_lora_mod_params_from_ral
                0x0000000008008af8       0x56 lbm/build/basic_modem.a(ral_sx126x.o)
 .text.ral_sx126x_convert_gfsk_mod_params_from_ral
                0x0000000008008b4e       0x56 lbm/build/basic_modem.a(ral_sx126x.o)
 .text.ral_sx126x_convert_lr_fhss_params_from_ral
                0x0000000008008ba4       0x1c lbm/build/basic_modem.a(ral_sx126x.o)
 .text.ral_sx126x_handles_part
                0x0000000008008bc0       0x2c lbm/build/basic_modem.a(ral_sx126x.o)
                0x0000000008008bc0                ral_sx126x_handles_part
 .text.ral_sx126x_reset
                0x0000000008008bec        0x8 lbm/build/basic_modem.a(ral_sx126x.o)
                0x0000000008008bec                ral_sx126x_reset
 .text.ral_sx126x_init
                0x0000000008008bf4       0x7a lbm/build/basic_modem.a(ral_sx126x.o)
                0x0000000008008bf4                ral_sx126x_init
 .text.ral_sx126x_wakeup
                0x0000000008008c6e        0x8 lbm/build/basic_modem.a(ral_sx126x.o)
                0x0000000008008c6e                ral_sx126x_wakeup
 .text.ral_sx126x_set_sleep
                0x0000000008008c76        0xe lbm/build/basic_modem.a(ral_sx126x.o)
                0x0000000008008c76                ral_sx126x_set_sleep
 .text.ral_sx126x_set_standby
                0x0000000008008c84       0x16 lbm/build/basic_modem.a(ral_sx126x.o)
                0x0000000008008c84                ral_sx126x_set_standby
 .text.ral_sx126x_set_fs
                0x0000000008008c9a        0x8 lbm/build/basic_modem.a(ral_sx126x.o)
                0x0000000008008c9a                ral_sx126x_set_fs
 .text.ral_sx126x_set_tx
                0x0000000008008ca2        0xa lbm/build/basic_modem.a(ral_sx126x.o)
                0x0000000008008ca2                ral_sx126x_set_tx
 .text.ral_sx126x_set_rx
                0x0000000008008cac       0x28 lbm/build/basic_modem.a(ral_sx126x.o)
                0x0000000008008cac                ral_sx126x_set_rx
 .text.ral_sx126x_cfg_rx_boosted
                0x0000000008008cd4        0x8 lbm/build/basic_modem.a(ral_sx126x.o)
                0x0000000008008cd4                ral_sx126x_cfg_rx_boosted
 .text.ral_sx126x_set_rx_tx_fallback_mode
                0x0000000008008cdc       0x18 lbm/build/basic_modem.a(ral_sx126x.o)
                0x0000000008008cdc                ral_sx126x_set_rx_tx_fallback_mode
 .text.ral_sx126x_stop_timer_on_preamble
                0x0000000008008cf4        0x8 lbm/build/basic_modem.a(ral_sx126x.o)
                0x0000000008008cf4                ral_sx126x_stop_timer_on_preamble
 .text.ral_sx126x_set_rx_duty_cycle
                0x0000000008008cfc        0x8 lbm/build/basic_modem.a(ral_sx126x.o)
                0x0000000008008cfc                ral_sx126x_set_rx_duty_cycle
 .text.ral_sx126x_set_lora_cad
                0x0000000008008d04        0x8 lbm/build/basic_modem.a(ral_sx126x.o)
                0x0000000008008d04                ral_sx126x_set_lora_cad
 .text.ral_sx126x_set_tx_cw
                0x0000000008008d0c        0x8 lbm/build/basic_modem.a(ral_sx126x.o)
                0x0000000008008d0c                ral_sx126x_set_tx_cw
 .text.ral_sx126x_set_tx_infinite_preamble
                0x0000000008008d14        0x8 lbm/build/basic_modem.a(ral_sx126x.o)
                0x0000000008008d14                ral_sx126x_set_tx_infinite_preamble
 .text.ral_sx126x_cal_img
                0x0000000008008d1c        0x8 lbm/build/basic_modem.a(ral_sx126x.o)
                0x0000000008008d1c                ral_sx126x_cal_img
 .text.ral_sx126x_set_tx_cfg
                0x0000000008008d24       0x82 lbm/build/basic_modem.a(ral_sx126x.o)
                0x0000000008008d24                ral_sx126x_set_tx_cfg
 .text.ral_sx126x_set_pkt_payload
                0x0000000008008da6       0x22 lbm/build/basic_modem.a(ral_sx126x.o)
                0x0000000008008da6                ral_sx126x_set_pkt_payload
 .text.ral_sx126x_get_pkt_payload
                0x0000000008008dc8       0x34 lbm/build/basic_modem.a(ral_sx126x.o)
                0x0000000008008dc8                ral_sx126x_get_pkt_payload
 .text.ral_sx126x_get_irq_status
                0x0000000008008dfc       0x22 lbm/build/basic_modem.a(ral_sx126x.o)
                0x0000000008008dfc                ral_sx126x_get_irq_status
 .text.ral_sx126x_clear_irq_status
                0x0000000008008e1e       0x14 lbm/build/basic_modem.a(ral_sx126x.o)
                0x0000000008008e1e                ral_sx126x_clear_irq_status
 .text.ral_sx126x_get_and_clear_irq_status
                0x0000000008008e32       0x26 lbm/build/basic_modem.a(ral_sx126x.o)
                0x0000000008008e32                ral_sx126x_get_and_clear_irq_status
 .text.ral_sx126x_set_dio_irq_params
                0x0000000008008e58       0x20 lbm/build/basic_modem.a(ral_sx126x.o)
                0x0000000008008e58                ral_sx126x_set_dio_irq_params
 .text.ral_sx126x_set_rf_freq
                0x0000000008008e78        0x8 lbm/build/basic_modem.a(ral_sx126x.o)
                0x0000000008008e78                ral_sx126x_set_rf_freq
 .text.ral_sx126x_set_pkt_type
                0x0000000008008e80       0x16 lbm/build/basic_modem.a(ral_sx126x.o)
                0x0000000008008e80                ral_sx126x_set_pkt_type
 .text.ral_sx126x_get_pkt_type
                0x0000000008008e96       0x28 lbm/build/basic_modem.a(ral_sx126x.o)
                0x0000000008008e96                ral_sx126x_get_pkt_type
 .text.ral_sx126x_set_gfsk_mod_params
                0x0000000008008ebe       0x2a lbm/build/basic_modem.a(ral_sx126x.o)
                0x0000000008008ebe                ral_sx126x_set_gfsk_mod_params
 .text.ral_sx126x_set_gfsk_pkt_params
                0x0000000008008ee8       0x2a lbm/build/basic_modem.a(ral_sx126x.o)
                0x0000000008008ee8                ral_sx126x_set_gfsk_pkt_params
 .text.ral_sx126x_set_lora_mod_params
                0x0000000008008f12       0x1a lbm/build/basic_modem.a(ral_sx126x.o)
                0x0000000008008f12                ral_sx126x_set_lora_mod_params
 .text.ral_sx126x_set_lora_pkt_params
                0x0000000008008f2c       0x3e lbm/build/basic_modem.a(ral_sx126x.o)
                0x0000000008008f2c                ral_sx126x_set_lora_pkt_params
 .text.ral_sx126x_set_lora_cad_params
                0x0000000008008f6a       0x60 lbm/build/basic_modem.a(ral_sx126x.o)
                0x0000000008008f6a                ral_sx126x_set_lora_cad_params
 .text.ral_sx126x_set_lora_symb_nb_timeout
                0x0000000008008fca        0x8 lbm/build/basic_modem.a(ral_sx126x.o)
                0x0000000008008fca                ral_sx126x_set_lora_symb_nb_timeout
 .text.ral_sx126x_set_flrc_mod_params
                0x0000000008008fd2        0x4 lbm/build/basic_modem.a(ral_sx126x.o)
                0x0000000008008fd2                ral_sx126x_set_flrc_mod_params
 .text.ral_sx126x_set_flrc_pkt_params
                0x0000000008008fd6        0x4 lbm/build/basic_modem.a(ral_sx126x.o)
                0x0000000008008fd6                ral_sx126x_set_flrc_pkt_params
 .text.ral_sx126x_get_gfsk_rx_pkt_status
                0x0000000008008fda       0x64 lbm/build/basic_modem.a(ral_sx126x.o)
                0x0000000008008fda                ral_sx126x_get_gfsk_rx_pkt_status
 .text.ral_sx126x_get_lora_rx_pkt_status
                0x000000000800903e       0x24 lbm/build/basic_modem.a(ral_sx126x.o)
                0x000000000800903e                ral_sx126x_get_lora_rx_pkt_status
 .text.ral_sx126x_get_flrc_rx_pkt_status
                0x0000000008009062        0x4 lbm/build/basic_modem.a(ral_sx126x.o)
                0x0000000008009062                ral_sx126x_get_flrc_rx_pkt_status
 .text.ral_sx126x_get_rssi_inst
                0x0000000008009066        0x8 lbm/build/basic_modem.a(ral_sx126x.o)
                0x0000000008009066                ral_sx126x_get_rssi_inst
 .text.ral_sx126x_get_lora_time_on_air_in_ms
                0x000000000800906e       0x36 lbm/build/basic_modem.a(ral_sx126x.o)
                0x000000000800906e                ral_sx126x_get_lora_time_on_air_in_ms
 .text.ral_sx126x_get_gfsk_time_on_air_in_ms
                0x00000000080090a4       0x22 lbm/build/basic_modem.a(ral_sx126x.o)
                0x00000000080090a4                ral_sx126x_get_gfsk_time_on_air_in_ms
 .text.ral_sx126x_get_flrc_time_on_air_in_ms
                0x00000000080090c6        0x4 lbm/build/basic_modem.a(ral_sx126x.o)
                0x00000000080090c6                ral_sx126x_get_flrc_time_on_air_in_ms
 .text.ral_sx126x_set_gfsk_sync_word
                0x00000000080090ca        0x8 lbm/build/basic_modem.a(ral_sx126x.o)
                0x00000000080090ca                ral_sx126x_set_gfsk_sync_word
 .text.ral_sx126x_set_lora_sync_word
                0x00000000080090d2        0x8 lbm/build/basic_modem.a(ral_sx126x.o)
                0x00000000080090d2                ral_sx126x_set_lora_sync_word
 .text.ral_sx126x_set_flrc_sync_word
                0x00000000080090da        0x4 lbm/build/basic_modem.a(ral_sx126x.o)
                0x00000000080090da                ral_sx126x_set_flrc_sync_word
 .text.ral_sx126x_set_gfsk_crc_params
                0x00000000080090de       0x18 lbm/build/basic_modem.a(ral_sx126x.o)
                0x00000000080090de                ral_sx126x_set_gfsk_crc_params
 .text.ral_sx126x_set_flrc_crc_params
                0x00000000080090f6        0x4 lbm/build/basic_modem.a(ral_sx126x.o)
                0x00000000080090f6                ral_sx126x_set_flrc_crc_params
 .text.ral_sx126x_set_gfsk_whitening_seed
                0x00000000080090fa        0x8 lbm/build/basic_modem.a(ral_sx126x.o)
                0x00000000080090fa                ral_sx126x_set_gfsk_whitening_seed
 .text.ral_sx126x_lr_fhss_init
                0x0000000008009102       0x1a lbm/build/basic_modem.a(ral_sx126x.o)
                0x0000000008009102                ral_sx126x_lr_fhss_init
 .text.ral_sx126x_lr_fhss_build_frame
                0x000000000800911c       0x34 lbm/build/basic_modem.a(ral_sx126x.o)
                0x000000000800911c                ral_sx126x_lr_fhss_build_frame
 .text.ral_sx126x_lr_fhss_handle_hop
                0x0000000008009150       0x1e lbm/build/basic_modem.a(ral_sx126x.o)
                0x0000000008009150                ral_sx126x_lr_fhss_handle_hop
 .text.ral_sx126x_lr_fhss_handle_tx_done
                0x000000000800916e       0x1e lbm/build/basic_modem.a(ral_sx126x.o)
                0x000000000800916e                ral_sx126x_lr_fhss_handle_tx_done
 .text.ral_sx126x_lr_fhss_get_time_on_air_in_ms
                0x000000000800918c       0x20 lbm/build/basic_modem.a(ral_sx126x.o)
                0x000000000800918c                ral_sx126x_lr_fhss_get_time_on_air_in_ms
 .text.ral_sx126x_lr_fhss_get_hop_sequence_count
                0x00000000080091ac       0x16 lbm/build/basic_modem.a(ral_sx126x.o)
                0x00000000080091ac                ral_sx126x_lr_fhss_get_hop_sequence_count
 .text.ral_sx126x_get_lora_rx_pkt_cr_crc
                0x00000000080091c2       0x3a lbm/build/basic_modem.a(ral_sx126x.o)
                0x00000000080091c2                ral_sx126x_get_lora_rx_pkt_cr_crc
 .text.ral_sx126x_get_tx_consumption_in_ua
                0x00000000080091fc       0x9c lbm/build/basic_modem.a(ral_sx126x.o)
                0x00000000080091fc                ral_sx126x_get_tx_consumption_in_ua
 .text.ral_sx126x_get_gfsk_rx_consumption_in_ua
                0x0000000008009298       0x40 lbm/build/basic_modem.a(ral_sx126x.o)
                0x0000000008009298                ral_sx126x_get_gfsk_rx_consumption_in_ua
 .text.ral_sx126x_get_lora_rx_consumption_in_ua
                0x00000000080092d8       0x48 lbm/build/basic_modem.a(ral_sx126x.o)
                0x00000000080092d8                ral_sx126x_get_lora_rx_consumption_in_ua
 .text.ral_sx126x_get_random_numbers
                0x0000000008009320        0x8 lbm/build/basic_modem.a(ral_sx126x.o)
                0x0000000008009320                ral_sx126x_get_random_numbers
 .text.ralf_sx126x_setup_gfsk
                0x0000000008009328       0x9e lbm/build/basic_modem.a(ralf_sx126x.o)
                0x0000000008009328                ralf_sx126x_setup_gfsk
 .text.ralf_sx126x_setup_lora
                0x00000000080093c6       0x70 lbm/build/basic_modem.a(ralf_sx126x.o)
                0x00000000080093c6                ralf_sx126x_setup_lora
 .text.ralf_sx126x_setup_flrc
                0x0000000008009436        0x4 lbm/build/basic_modem.a(ralf_sx126x.o)
                0x0000000008009436                ralf_sx126x_setup_flrc
 .text.empty_callback
                0x000000000800943a        0x2 lbm/build/basic_modem.a(smtc_modem.o)
                0x000000000800943a                empty_callback
 .text.is_modem_connected
                0x000000000800943c       0x74 lbm/build/basic_modem.a(smtc_modem.o)
 .text.user_radio_access_callback
                0x00000000080094b0       0x44 lbm/build/basic_modem.a(smtc_modem.o)
                0x00000000080094b0                user_radio_access_callback
 .text.smtc_modem_send_tx.constprop.0
                0x00000000080094f4       0xa4 lbm/build/basic_modem.a(smtc_modem.o)
 .text.smtc_modem_init
                0x0000000008009598       0xb4 lbm/build/basic_modem.a(smtc_modem.o)
                0x0000000008009598                smtc_modem_init
 .text.smtc_modem_run_engine
                0x000000000800964c       0x28 lbm/build/basic_modem.a(smtc_modem.o)
                0x000000000800964c                smtc_modem_run_engine
 .text.smtc_modem_get_modem_version
                0x0000000008009674       0x24 lbm/build/basic_modem.a(smtc_modem.o)
                0x0000000008009674                smtc_modem_get_modem_version
 .text.smtc_modem_get_lorawan_version
                0x0000000008009698       0x2c lbm/build/basic_modem.a(smtc_modem.o)
                0x0000000008009698                smtc_modem_get_lorawan_version
 .text.smtc_modem_get_regional_params_version
                0x00000000080096c4       0x2c lbm/build/basic_modem.a(smtc_modem.o)
                0x00000000080096c4                smtc_modem_get_regional_params_version
 .text.smtc_modem_get_tx_power_offset_db
                0x00000000080096f0       0x20 lbm/build/basic_modem.a(smtc_modem.o)
                0x00000000080096f0                smtc_modem_get_tx_power_offset_db
 .text.smtc_modem_get_status
                0x0000000008009710       0x20 lbm/build/basic_modem.a(smtc_modem.o)
                0x0000000008009710                smtc_modem_get_status
 .text.smtc_modem_alarm_start_timer
                0x0000000008009730       0x24 lbm/build/basic_modem.a(smtc_modem.o)
                0x0000000008009730                smtc_modem_alarm_start_timer
 .text.smtc_modem_set_joineui
                0x0000000008009754       0x4c lbm/build/basic_modem.a(smtc_modem.o)
                0x0000000008009754                smtc_modem_set_joineui
 .text.smtc_modem_set_deveui
                0x00000000080097a0       0x4c lbm/build/basic_modem.a(smtc_modem.o)
                0x00000000080097a0                smtc_modem_set_deveui
 .text.smtc_modem_set_nwkkey
                0x00000000080097ec       0x4c lbm/build/basic_modem.a(smtc_modem.o)
                0x00000000080097ec                smtc_modem_set_nwkkey
 .text.smtc_modem_set_region
                0x0000000008009838       0x58 lbm/build/basic_modem.a(smtc_modem.o)
                0x0000000008009838                smtc_modem_set_region
 .text.smtc_modem_adr_set_profile
                0x0000000008009890       0x60 lbm/build/basic_modem.a(smtc_modem.o)
                0x0000000008009890                smtc_modem_adr_set_profile
 .text.smtc_modem_dm_set_info_interval
                0x00000000080098f0       0x54 lbm/build/basic_modem.a(smtc_modem.o)
                0x00000000080098f0                smtc_modem_dm_set_info_interval
 .text.smtc_modem_join_network
                0x0000000008009944       0x7c lbm/build/basic_modem.a(smtc_modem.o)
                0x0000000008009944                smtc_modem_join_network
 .text.smtc_modem_leave_network
                0x00000000080099c0       0x16 lbm/build/basic_modem.a(smtc_modem.o)
                0x00000000080099c0                smtc_modem_leave_network
 .text.smtc_modem_request_uplink
                0x00000000080099d6       0x2e lbm/build/basic_modem.a(smtc_modem.o)
                0x00000000080099d6                smtc_modem_request_uplink
 .text.smtc_modem_set_certification_mode
                0x0000000008009a04       0x28 lbm/build/basic_modem.a(smtc_modem.o)
                0x0000000008009a04                smtc_modem_set_certification_mode
 .text.smtc_modem_lorawan_request_link_check
                0x0000000008009a2c       0x22 lbm/build/basic_modem.a(smtc_modem.o)
                0x0000000008009a2c                smtc_modem_lorawan_request_link_check
 *fill*         0x0000000008009a4e        0x2 
 .text.convert_rp_to_user_radio_access_status
                0x0000000008009a50       0x14 lbm/build/basic_modem.a(smtc_modem.o)
                0x0000000008009a50                convert_rp_to_user_radio_access_status
 .text.smtc_modem_get_event
                0x0000000008009a64      0x170 lbm/build/basic_modem.a(smtc_modem.o)
                0x0000000008009a64                smtc_modem_get_event
 .text.callback_rp_user_radio_access_2
                0x0000000008009bd4       0x5c lbm/build/basic_modem.a(smtc_modem.o)
                0x0000000008009bd4                callback_rp_user_radio_access_2
 .text.callback_rp_user_radio_access_1
                0x0000000008009c30       0x5c lbm/build/basic_modem.a(smtc_modem.o)
                0x0000000008009c30                callback_rp_user_radio_access_1
 .text.callback_rp_user_radio_access_0
                0x0000000008009c8c       0x5c lbm/build/basic_modem.a(smtc_modem.o)
                0x0000000008009c8c                callback_rp_user_radio_access_0
 .text.test_mode_cw_callback_for_rp
                0x0000000008009ce8       0x6c lbm/build/basic_modem.a(smtc_modem_test.o)
                0x0000000008009ce8                test_mode_cw_callback_for_rp
 .text.smtc_modem_test_start
                0x0000000008009d54       0x8c lbm/build/basic_modem.a(smtc_modem_test.o)
                0x0000000008009d54                smtc_modem_test_start
 .text.smtc_modem_test_tx_cw
                0x0000000008009de0       0xf4 lbm/build/basic_modem.a(smtc_modem_test.o)
                0x0000000008009de0                smtc_modem_test_tx_cw
 .text.smtc_modem_test_radio_reset
                0x0000000008009ed4       0x64 lbm/build/basic_modem.a(smtc_modem_test.o)
                0x0000000008009ed4                smtc_modem_test_radio_reset
 .text.smtc_modem_test_nop
                0x0000000008009f38       0x38 lbm/build/basic_modem.a(smtc_modem_test.o)
                0x0000000008009f38                smtc_modem_test_nop
 .text.smtc_modem_test_stop
                0x0000000008009f70       0x4c lbm/build/basic_modem.a(smtc_modem_test.o)
                0x0000000008009f70                smtc_modem_test_stop
 .text.smtc_modem_test_duty_cycle_app_activate
                0x0000000008009fbc       0x2c lbm/build/basic_modem.a(smtc_modem_test.o)
                0x0000000008009fbc                smtc_modem_test_duty_cycle_app_activate
 .text.fifo_ctrl_clear
                0x0000000008009fe8       0x14 lbm/build/basic_modem.a(fifo_ctrl.o)
                0x0000000008009fe8                fifo_ctrl_clear
 .text.fifo_ctrl_init
                0x0000000008009ffc        0xc lbm/build/basic_modem.a(fifo_ctrl.o)
                0x0000000008009ffc                fifo_ctrl_init
 .text.fifo_ctrl_print_stat
                0x000000000800a008        0x2 lbm/build/basic_modem.a(fifo_ctrl.o)
                0x000000000800a008                fifo_ctrl_print_stat
 .text.fifo_ctrl_get_nb_elt
                0x000000000800a00a        0x4 lbm/build/basic_modem.a(fifo_ctrl.o)
                0x000000000800a00a                fifo_ctrl_get_nb_elt
 .text.fifo_ctrl_get
                0x000000000800a00e      0x13c lbm/build/basic_modem.a(fifo_ctrl.o)
                0x000000000800a00e                fifo_ctrl_get
 .text.fifo_ctrl_set
                0x000000000800a14a      0x1aa lbm/build/basic_modem.a(fifo_ctrl.o)
                0x000000000800a14a                fifo_ctrl_set
 .text.certification_event_handler
                0x000000000800a2f4      0x3ec lbm/build/basic_modem.a(modem_supervisor.o)
 .text.modem_supervisor_init_task
                0x000000000800a6e0       0x24 lbm/build/basic_modem.a(modem_supervisor.o)
                0x000000000800a6e0                modem_supervisor_init_task
 .text.modem_supervisor_init
                0x000000000800a704       0xe4 lbm/build/basic_modem.a(modem_supervisor.o)
                0x000000000800a704                modem_supervisor_init
 .text.modem_supervisor_get_task_priority
                0x000000000800a7e8       0x18 lbm/build/basic_modem.a(modem_supervisor.o)
                0x000000000800a7e8                modem_supervisor_get_task_priority
 .text.modem_supervisor_remove_task
                0x000000000800a800       0x34 lbm/build/basic_modem.a(modem_supervisor.o)
                0x000000000800a800                modem_supervisor_remove_task
 .text.modem_supervisor_add_task
                0x000000000800a834       0x4c lbm/build/basic_modem.a(modem_supervisor.o)
                0x000000000800a834                modem_supervisor_add_task
 .text.modem_supervisor_launch_task
                0x000000000800a880      0x67c lbm/build/basic_modem.a(modem_supervisor.o)
                0x000000000800a880                modem_supervisor_launch_task
 .text.modem_supervisor_update_task
                0x000000000800aefc      0x2b4 lbm/build/basic_modem.a(modem_supervisor.o)
                0x000000000800aefc                modem_supervisor_update_task
 .text.modem_supervisor_scheduler
                0x000000000800b1b0       0xcc lbm/build/basic_modem.a(modem_supervisor.o)
                0x000000000800b1b0                modem_supervisor_scheduler
 .text.modem_supervisor_engine
                0x000000000800b27c      0x194 lbm/build/basic_modem.a(modem_supervisor.o)
                0x000000000800b27c                modem_supervisor_engine
 .text.modem_supervisor_update_downlink_frame
                0x000000000800b410      0x158 lbm/build/basic_modem.a(modem_supervisor.o)
                0x000000000800b410                modem_supervisor_update_downlink_frame
 .text.clock_sync_init
                0x000000000800b568       0x2c lbm/build/basic_modem.a(smtc_clock_sync.o)
                0x000000000800b568                clock_sync_init
 .text.clock_sync_is_enabled
                0x000000000800b594        0x4 lbm/build/basic_modem.a(smtc_clock_sync.o)
                0x000000000800b594                clock_sync_is_enabled
 .text.clock_sync_get_alcsync_port
                0x000000000800b598        0x4 lbm/build/basic_modem.a(smtc_clock_sync.o)
                0x000000000800b598                clock_sync_get_alcsync_port
 .text.clock_sync_is_done
                0x000000000800b59c       0x22 lbm/build/basic_modem.a(smtc_clock_sync.o)
                0x000000000800b59c                clock_sync_is_done
 .text.clock_sync_is_time_valid
                0x000000000800b5be       0x34 lbm/build/basic_modem.a(smtc_clock_sync.o)
                0x000000000800b5be                clock_sync_is_time_valid
 .text.clock_sync_set_sync_lost
                0x000000000800b5f2       0x18 lbm/build/basic_modem.a(smtc_clock_sync.o)
                0x000000000800b5f2                clock_sync_set_sync_lost
 .text.clock_sync_get_interval_second
                0x000000000800b60a       0x14 lbm/build/basic_modem.a(smtc_clock_sync.o)
                0x000000000800b60a                clock_sync_get_interval_second
 .text.clock_sync_reset_nb_time_req
                0x000000000800b61e        0x6 lbm/build/basic_modem.a(smtc_clock_sync.o)
                0x000000000800b61e                clock_sync_reset_nb_time_req
 .text.clock_sync_get_time_left_connection_lost
                0x000000000800b624       0x16 lbm/build/basic_modem.a(smtc_clock_sync.o)
                0x000000000800b624                clock_sync_get_time_left_connection_lost
 *fill*         0x000000000800b63a        0x2 
 .text.clock_sync_callback
                0x000000000800b63c       0xdc lbm/build/basic_modem.a(smtc_clock_sync.o)
                0x000000000800b63c                clock_sync_callback
 .text.clock_sync_request
                0x000000000800b718       0xf4 lbm/build/basic_modem.a(smtc_clock_sync.o)
                0x000000000800b718                clock_sync_request
 .text.stream_data_pending
                0x000000000800b80c       0x10 lbm/build/basic_modem.a(stream.o)
                0x000000000800b80c                stream_data_pending
 .text.stream_get_fragment
                0x000000000800b81c       0x40 lbm/build/basic_modem.a(stream.o)
                0x000000000800b81c                stream_get_fragment
 .text.stream_process_dn_frame
                0x000000000800b85c       0x18 lbm/build/basic_modem.a(stream.o)
                0x000000000800b85c                stream_process_dn_frame
 .text.ROSE_rvec_len
                0x000000000800b874        0xe lbm/build/basic_modem.a(rose.o)
                0x000000000800b874                ROSE_rvec_len
 *fill*         0x000000000800b882        0x2 
 .text.ROSE_encWL
                0x000000000800b884       0x60 lbm/build/basic_modem.a(rose.o)
                0x000000000800b884                ROSE_encWL
 .text.ROSE_decWL
                0x000000000800b8e4       0x44 lbm/build/basic_modem.a(rose.o)
                0x000000000800b8e4                ROSE_decWL
 .text.ROSE_getStatus
                0x000000000800b928       0x38 lbm/build/basic_modem.a(rose.o)
                0x000000000800b928                ROSE_getStatus
 .text.ROSE_getData
                0x000000000800b960      0x418 lbm/build/basic_modem.a(rose.o)
                0x000000000800b960                ROSE_getData
 .text.ROSE_processDnFrame
                0x000000000800bd78      0x174 lbm/build/basic_modem.a(rose.o)
                0x000000000800bd78                ROSE_processDnFrame
 .text.function_xor.constprop.0
                0x000000000800beec       0x12 lbm/build/basic_modem.a(file_upload.o)
 *fill*         0x000000000800befe        0x2 
 .text.file_upload_get_fragment
                0x000000000800bf00      0x120 lbm/build/basic_modem.a(file_upload.o)
                0x000000000800bf00                file_upload_get_fragment
 .text.file_upload_is_data_remaining
                0x000000000800c020       0x1c lbm/build/basic_modem.a(file_upload.o)
                0x000000000800c020                file_upload_is_data_remaining
 .text.file_upload_process_file_done_frame
                0x000000000800c03c       0x1a lbm/build/basic_modem.a(file_upload.o)
                0x000000000800c03c                file_upload_process_file_done_frame
 .text.file_upload_get_average_delay_in_s
                0x000000000800c056        0x4 lbm/build/basic_modem.a(file_upload.o)
                0x000000000800c056                file_upload_get_average_delay_in_s
 *fill*         0x000000000800c05a        0x2 
 .text.alc_sync_init
                0x000000000800c05c       0x28 lbm/build/basic_modem.a(alc_sync.o)
                0x000000000800c05c                alc_sync_init
 .text.alc_sync_parser
                0x000000000800c084      0x21c lbm/build/basic_modem.a(alc_sync.o)
                0x000000000800c084                alc_sync_parser
 .text.alc_sync_get_interval_second
                0x000000000800c2a0        0x4 lbm/build/basic_modem.a(alc_sync.o)
                0x000000000800c2a0                alc_sync_get_interval_second
 .text.alc_sync_get_time_correction_second
                0x000000000800c2a4        0x4 lbm/build/basic_modem.a(alc_sync.o)
                0x000000000800c2a4                alc_sync_get_time_correction_second
 .text.alc_sync_get_time_left_connection_lost
                0x000000000800c2a8       0x2a lbm/build/basic_modem.a(alc_sync.o)
                0x000000000800c2a8                alc_sync_get_time_left_connection_lost
 .text.is_alc_sync_done
                0x000000000800c2d2       0x14 lbm/build/basic_modem.a(alc_sync.o)
                0x000000000800c2d2                is_alc_sync_done
 .text.is_alc_sync_time_valid
                0x000000000800c2e6       0x1e lbm/build/basic_modem.a(alc_sync.o)
                0x000000000800c2e6                is_alc_sync_time_valid
 .text.alc_sync_set_sync_lost
                0x000000000800c304        0xc lbm/build/basic_modem.a(alc_sync.o)
                0x000000000800c304                alc_sync_set_sync_lost
 .text.alc_sync_get_nb_transmission