smtc_modem_core/smtc_ral/src/ral_sx126x.c:1149:18:ral_sx126x_convert_irq_flags_to_ral	0	static
smtc_modem_core/smtc_ral/src/ral_sx126x.c:1197:26:ral_sx126x_convert_irq_flags_from_ral	0	static
smtc_modem_core/smtc_ral/src/ral_sx126x.c:1298:21:ral_sx126x_convert_gfsk_pkt_params_from_ral	4	static
smtc_modem_core/smtc_ral/src/ral_sx126x.c:1435:21:ral_sx126x_convert_lora_mod_params_from_ral	4	static
smtc_modem_core/smtc_ral/src/ral_sx126x.c:1246:21:ral_sx126x_convert_gfsk_mod_params_from_ral	24	static
smtc_modem_core/smtc_ral/src/ral_sx126x.c:1625:13:ral_sx126x_convert_lr_fhss_params_from_ral	24	static
smtc_modem_core/smtc_ral/src/ral_sx126x.c:337:6:ral_sx126x_handles_part	8	static
smtc_modem_core/smtc_ral/src/ral_sx126x.c:342:14:ral_sx126x_reset	8	static
smtc_modem_core/smtc_ral/src/ral_sx126x.c:347:14:ral_sx126x_init	24	static
smtc_modem_core/smtc_ral/src/ral_sx126x.c:395:14:ral_sx126x_wakeup	8	static
smtc_modem_core/smtc_ral/src/ral_sx126x.c:400:14:ral_sx126x_set_sleep	8	static
smtc_modem_core/smtc_ral/src/ral_sx126x.c:408:14:ral_sx126x_set_standby	8	static
smtc_modem_core/smtc_ral/src/ral_sx126x.c:431:14:ral_sx126x_set_fs	8	static
smtc_modem_core/smtc_ral/src/ral_sx126x.c:436:14:ral_sx126x_set_tx	8	static
smtc_modem_core/smtc_ral/src/ral_sx126x.c:441:14:ral_sx126x_set_rx	8	static
smtc_modem_core/smtc_ral/src/ral_sx126x.c:462:14:ral_sx126x_cfg_rx_boosted	8	static
smtc_modem_core/smtc_ral/src/ral_sx126x.c:467:14:ral_sx126x_set_rx_tx_fallback_mode	8	static
smtc_modem_core/smtc_ral/src/ral_sx126x.c:497:14:ral_sx126x_stop_timer_on_preamble	8	static
smtc_modem_core/smtc_ral/src/ral_sx126x.c:502:14:ral_sx126x_set_rx_duty_cycle	8	static
smtc_modem_core/smtc_ral/src/ral_sx126x.c:508:14:ral_sx126x_set_lora_cad	8	static
smtc_modem_core/smtc_ral/src/ral_sx126x.c:513:14:ral_sx126x_set_tx_cw	8	static
smtc_modem_core/smtc_ral/src/ral_sx126x.c:518:14:ral_sx126x_set_tx_infinite_preamble	8	static
smtc_modem_core/smtc_ral/src/ral_sx126x.c:523:14:ral_sx126x_cal_img	8	static
smtc_modem_core/smtc_ral/src/ral_sx126x.c:528:14:ral_sx126x_set_tx_cfg	40	static
smtc_modem_core/smtc_ral/src/ral_sx126x.c:574:14:ral_sx126x_set_pkt_payload	16	static
smtc_modem_core/smtc_ral/src/ral_sx126x.c:589:14:ral_sx126x_get_pkt_payload	32	static
smtc_modem_core/smtc_ral/src/ral_sx126x.c:619:14:ral_sx126x_get_irq_status	24	static
smtc_modem_core/smtc_ral/src/ral_sx126x.c:635:14:ral_sx126x_clear_irq_status	8	static
smtc_modem_core/smtc_ral/src/ral_sx126x.c:642:14:ral_sx126x_get_and_clear_irq_status	24	static
smtc_modem_core/smtc_ral/src/ral_sx126x.c:661:14:ral_sx126x_set_dio_irq_params	16	static
smtc_modem_core/smtc_ral/src/ral_sx126x.c:669:14:ral_sx126x_set_rf_freq	8	static
smtc_modem_core/smtc_ral/src/ral_sx126x.c:674:14:ral_sx126x_set_pkt_type	8	static
smtc_modem_core/smtc_ral/src/ral_sx126x.c:699:14:ral_sx126x_get_pkt_type	24	static
smtc_modem_core/smtc_ral/src/ral_sx126x.c:729:14:ral_sx126x_set_gfsk_mod_params	32	static
smtc_modem_core/smtc_ral/src/ral_sx126x.c:743:14:ral_sx126x_set_gfsk_pkt_params	32	static
smtc_modem_core/smtc_ral/src/ral_sx126x.c:757:14:ral_sx126x_set_lora_mod_params	16	static
smtc_modem_core/smtc_ral/src/ral_sx126x.c:771:14:ral_sx126x_set_lora_pkt_params	24	static
smtc_modem_core/smtc_ral/src/ral_sx126x.c:785:14:ral_sx126x_set_lora_cad_params	16	static
smtc_modem_core/smtc_ral/src/ral_sx126x.c:799:14:ral_sx126x_set_lora_symb_nb_timeout	8	static
smtc_modem_core/smtc_ral/src/ral_sx126x.c:804:14:ral_sx126x_set_flrc_mod_params	0	static
smtc_modem_core/smtc_ral/src/ral_sx126x.c:808:14:ral_sx126x_set_flrc_pkt_params	0	static
smtc_modem_core/smtc_ral/src/ral_sx126x.c:813:14:ral_sx126x_get_gfsk_rx_pkt_status	16	static
smtc_modem_core/smtc_ral/src/ral_sx126x.c:840:14:ral_sx126x_get_lora_rx_pkt_status	24	static
smtc_modem_core/smtc_ral/src/ral_sx126x.c:858:14:ral_sx126x_get_flrc_rx_pkt_status	0	static
smtc_modem_core/smtc_ral/src/ral_sx126x.c:863:14:ral_sx126x_get_rssi_inst	8	static
smtc_modem_core/smtc_ral/src/ral_sx126x.c:868:10:ral_sx126x_get_lora_time_on_air_in_ms	24	static
smtc_modem_core/smtc_ral/src/ral_sx126x.c:879:10:ral_sx126x_get_gfsk_time_on_air_in_ms	32	static
smtc_modem_core/smtc_ral/src/ral_sx126x.c:890:10:ral_sx126x_get_flrc_time_on_air_in_ms	0	static
smtc_modem_core/smtc_ral/src/ral_sx126x.c:895:14:ral_sx126x_set_gfsk_sync_word	8	static
smtc_modem_core/smtc_ral/src/ral_sx126x.c:900:14:ral_sx126x_set_lora_sync_word	8	static
smtc_modem_core/smtc_ral/src/ral_sx126x.c:905:14:ral_sx126x_set_flrc_sync_word	0	static
smtc_modem_core/smtc_ral/src/ral_sx126x.c:910:14:ral_sx126x_set_gfsk_crc_params	16	static
smtc_modem_core/smtc_ral/src/ral_sx126x.c:929:14:ral_sx126x_set_flrc_crc_params	0	static
smtc_modem_core/smtc_ral/src/ral_sx126x.c:934:14:ral_sx126x_set_gfsk_whitening_seed	8	static
smtc_modem_core/smtc_ral/src/ral_sx126x.c:939:14:ral_sx126x_lr_fhss_init	32	static
smtc_modem_core/smtc_ral/src/ral_sx126x.c:947:14:ral_sx126x_lr_fhss_build_frame	72	static
smtc_modem_core/smtc_ral/src/ral_sx126x.c:958:14:ral_sx126x_lr_fhss_handle_hop	40	static
smtc_modem_core/smtc_ral/src/ral_sx126x.c:967:14:ral_sx126x_lr_fhss_handle_tx_done	40	static
smtc_modem_core/smtc_ral/src/ral_sx126x.c:976:14:ral_sx126x_lr_fhss_get_time_on_air_in_ms	40	static
smtc_modem_core/smtc_ral/src/ral_sx126x.c:987:14:ral_sx126x_lr_fhss_get_hop_sequence_count	32	static
smtc_modem_core/smtc_ral/src/ral_sx126x.c:996:14:ral_sx126x_get_lora_rx_pkt_cr_crc	24	static
smtc_modem_core/smtc_ral/src/ral_sx126x.c:1016:14:ral_sx126x_get_tx_consumption_in_ua	40	static
smtc_modem_core/smtc_ral/src/ral_sx126x.c:1092:14:ral_sx126x_get_gfsk_rx_consumption_in_ua	24	static
smtc_modem_core/smtc_ral/src/ral_sx126x.c:1116:14:ral_sx126x_get_lora_rx_consumption_in_ua	24	static
smtc_modem_core/smtc_ral/src/ral_sx126x.c:1139:14:ral_sx126x_get_random_numbers	8	static
