smtc_modem_core/radio_drivers/sx126x_driver/src/sx126x.c:246:17:sx126x_set_sleep	24	static
smtc_modem_core/radio_drivers/sx126x_driver/src/sx126x.c:256:17:sx126x_set_standby	24	static
smtc_modem_core/radio_drivers/sx126x_driver/src/sx126x.c:266:17:sx126x_set_fs	24	static
smtc_modem_core/radio_drivers/sx126x_driver/src/sx126x.c:287:17:sx126x_set_tx_with_timeout_in_rtc_step	24	static
smtc_modem_core/radio_drivers/sx126x_driver/src/sx126x.c:275:17:sx126x_set_tx	8	static
smtc_modem_core/radio_drivers/sx126x_driver/src/sx126x.c:311:17:sx126x_set_rx_with_timeout_in_rtc_step	24	static
smtc_modem_core/radio_drivers/sx126x_driver/src/sx126x.c:299:17:sx126x_set_rx	8	static
smtc_modem_core/radio_drivers/sx126x_driver/src/sx126x.c:323:17:sx126x_stop_timer_on_preamble	24	static
smtc_modem_core/radio_drivers/sx126x_driver/src/sx126x.c:342:17:sx126x_set_rx_duty_cycle_with_timings_in_rtc_step	24	static
smtc_modem_core/radio_drivers/sx126x_driver/src/sx126x.c:333:17:sx126x_set_rx_duty_cycle	8	static
smtc_modem_core/radio_drivers/sx126x_driver/src/sx126x.c:359:17:sx126x_set_cad	24	static
smtc_modem_core/radio_drivers/sx126x_driver/src/sx126x.c:368:17:sx126x_set_tx_cw	24	static
smtc_modem_core/radio_drivers/sx126x_driver/src/sx126x.c:377:17:sx126x_set_tx_infinite_preamble	24	static
smtc_modem_core/radio_drivers/sx126x_driver/src/sx126x.c:386:17:sx126x_set_reg_mode	24	static
smtc_modem_core/radio_drivers/sx126x_driver/src/sx126x.c:396:17:sx126x_cal	24	static
smtc_modem_core/radio_drivers/sx126x_driver/src/sx126x.c:406:17:sx126x_cal_img	24	static
smtc_modem_core/radio_drivers/sx126x_driver/src/sx126x.c:417:17:sx126x_cal_img_in_mhz	8	static
smtc_modem_core/radio_drivers/sx126x_driver/src/sx126x.c:429:17:sx126x_set_pa_cfg	24	static
smtc_modem_core/radio_drivers/sx126x_driver/src/sx126x.c:438:17:sx126x_set_rx_tx_fallback_mode	24	static
smtc_modem_core/radio_drivers/sx126x_driver/src/sx126x.c:452:17:sx126x_write_register	32	static
smtc_modem_core/radio_drivers/sx126x_driver/src/sx126x.c:464:17:sx126x_read_register	32	static
smtc_modem_core/radio_drivers/sx126x_driver/src/sx126x.c:476:17:sx126x_write_buffer	32	static
smtc_modem_core/radio_drivers/sx126x_driver/src/sx126x.c:487:17:sx126x_read_buffer	32	static
smtc_modem_core/radio_drivers/sx126x_driver/src/sx126x.c:501:17:sx126x_set_dio_irq_params	40	static
smtc_modem_core/radio_drivers/sx126x_driver/src/sx126x.c:513:17:sx126x_get_irq_status	32	static
smtc_modem_core/radio_drivers/sx126x_driver/src/sx126x.c:533:17:sx126x_clear_irq_status	24	static
smtc_modem_core/radio_drivers/sx126x_driver/src/sx126x.c:544:17:sx126x_get_and_clear_irq_status	32	static
smtc_modem_core/radio_drivers/sx126x_driver/src/sx126x.c:561:17:sx126x_set_dio2_as_rf_sw_ctrl	24	static
smtc_modem_core/radio_drivers/sx126x_driver/src/sx126x.c:571:17:sx126x_set_dio3_as_tcxo_ctrl	24	static
smtc_modem_core/radio_drivers/sx126x_driver/src/sx126x.c:593:17:sx126x_set_rf_freq_in_pll_steps	24	static
smtc_modem_core/radio_drivers/sx126x_driver/src/sx126x.c:603:17:sx126x_set_pkt_type	24	static
smtc_modem_core/radio_drivers/sx126x_driver/src/sx126x.c:613:17:sx126x_get_pkt_type	24	static
smtc_modem_core/radio_drivers/sx126x_driver/src/sx126x.c:623:17:sx126x_set_tx_params	24	static
smtc_modem_core/radio_drivers/sx126x_driver/src/sx126x.c:656:17:sx126x_set_lora_mod_params	48	static
smtc_modem_core/radio_drivers/sx126x_driver/src/sx126x.c:676:17:sx126x_set_gfsk_pkt_params	32	static
smtc_modem_core/radio_drivers/sx126x_driver/src/sx126x.c:694:17:sx126x_set_lora_pkt_params	40	static
smtc_modem_core/radio_drivers/sx126x_driver/src/sx126x.c:734:17:sx126x_set_gfsk_pkt_address	16	static
smtc_modem_core/radio_drivers/sx126x_driver/src/sx126x.c:742:17:sx126x_set_cad_params	24	static
smtc_modem_core/radio_drivers/sx126x_driver/src/sx126x.c:758:17:sx126x_set_buffer_base_address	24	static
smtc_modem_core/radio_drivers/sx126x_driver/src/sx126x.c:770:17:sx126x_set_lora_symb_nb_timeout	40	static
smtc_modem_core/radio_drivers/sx126x_driver/src/sx126x.c:805:17:sx126x_get_status	24	static
smtc_modem_core/radio_drivers/sx126x_driver/src/sx126x.c:826:17:sx126x_get_rx_buffer_status	32	static
smtc_modem_core/radio_drivers/sx126x_driver/src/sx126x.c:847:17:sx126x_get_gfsk_pkt_status	40	static
smtc_modem_core/radio_drivers/sx126x_driver/src/sx126x.c:880:17:sx126x_get_lora_pkt_status	40	static
smtc_modem_core/radio_drivers/sx126x_driver/src/sx126x.c:902:17:sx126x_get_rssi_inst	24	static
smtc_modem_core/radio_drivers/sx126x_driver/src/sx126x.c:921:17:sx126x_get_gfsk_stats	40	static
smtc_modem_core/radio_drivers/sx126x_driver/src/sx126x.c:943:17:sx126x_get_lora_stats	40	static
smtc_modem_core/radio_drivers/sx126x_driver/src/sx126x.c:964:17:sx126x_reset_stats	32	static
smtc_modem_core/radio_drivers/sx126x_driver/src/sx126x.c:977:17:sx126x_reset	8	static
smtc_modem_core/radio_drivers/sx126x_driver/src/sx126x.c:982:17:sx126x_wakeup	8	static
smtc_modem_core/radio_drivers/sx126x_driver/src/sx126x.c:987:17:sx126x_get_device_errors	32	static
smtc_modem_core/radio_drivers/sx126x_driver/src/sx126x.c:1007:17:sx126x_clear_device_errors	32	static
smtc_modem_core/radio_drivers/sx126x_driver/src/sx126x.c:1018:17:sx126x_get_gfsk_bw_param	12	static
smtc_modem_core/radio_drivers/sx126x_driver/src/sx126x.c:1039:10:sx126x_get_lora_bw_in_hz	0	static
smtc_modem_core/radio_drivers/sx126x_driver/src/sx126x.c:1080:10:sx126x_get_lora_time_on_air_numerator	24	static
smtc_modem_core/radio_drivers/sx126x_driver/src/sx126x.c:1127:10:sx126x_get_lora_time_on_air_in_ms	16	static
smtc_modem_core/radio_drivers/sx126x_driver/src/sx126x.c:1136:10:sx126x_get_gfsk_time_on_air_numerator	0	static
smtc_modem_core/radio_drivers/sx126x_driver/src/sx126x.c:1145:10:sx126x_get_gfsk_time_on_air_in_ms	8	static
smtc_modem_core/radio_drivers/sx126x_driver/src/sx126x.c:1155:17:sx126x_get_random_numbers	40	static
smtc_modem_core/radio_drivers/sx126x_driver/src/sx126x.c:1222:10:sx126x_convert_freq_in_hz_to_pll_step	16	static
smtc_modem_core/radio_drivers/sx126x_driver/src/sx126x.c:586:17:sx126x_set_rf_freq	8	static
smtc_modem_core/radio_drivers/sx126x_driver/src/sx126x.c:634:17:sx126x_set_gfsk_mod_params	40	static
smtc_modem_core/radio_drivers/sx126x_driver/src/sx126x.c:1237:10:sx126x_convert_timeout_in_ms_to_rtc_step	0	static
smtc_modem_core/radio_drivers/sx126x_driver/src/sx126x.c:1251:17:sx126x_cfg_rx_boosted	16	static
smtc_modem_core/radio_drivers/sx126x_driver/src/sx126x.c:1263:17:sx126x_set_gfsk_sync_word	16	static
smtc_modem_core/radio_drivers/sx126x_driver/src/sx126x.c:1277:17:sx126x_set_lora_sync_word	24	static
smtc_modem_core/radio_drivers/sx126x_driver/src/sx126x.c:1295:17:sx126x_set_gfsk_crc_seed	16	static
smtc_modem_core/radio_drivers/sx126x_driver/src/sx126x.c:1302:17:sx126x_set_gfsk_crc_polynomial	16	static
smtc_modem_core/radio_drivers/sx126x_driver/src/sx126x.c:1309:17:sx126x_set_gfsk_whitening_seed	32	static
smtc_modem_core/radio_drivers/sx126x_driver/src/sx126x.c:1331:17:sx126x_cfg_tx_clamp	24	static
smtc_modem_core/radio_drivers/sx126x_driver/src/sx126x.c:1347:17:sx126x_stop_rtc	16	static
smtc_modem_core/radio_drivers/sx126x_driver/src/sx126x.c:1242:17:sx126x_handle_rx_done	8	static
smtc_modem_core/radio_drivers/sx126x_driver/src/sx126x.c:1369:17:sx126x_set_ocp_value	16	static
smtc_modem_core/radio_drivers/sx126x_driver/src/sx126x.c:1374:17:sx126x_set_trimming_capacitor_values	16	static
smtc_modem_core/radio_drivers/sx126x_driver/src/sx126x.c:1382:17:sx126x_add_registers_to_retention_list	64	static
smtc_modem_core/radio_drivers/sx126x_driver/src/sx126x.c:1433:17:sx126x_init_retention_list	16	static
smtc_modem_core/radio_drivers/sx126x_driver/src/sx126x.c:1441:17:sx126x_get_lora_params_from_header	40	static
