smtc_modem_core/radio_drivers/sx126x_driver/src/sx126x_lr_fhss.c:136:17:sx126x_lr_fhss_init	48	static
smtc_modem_core/radio_drivers/sx126x_driver/src/sx126x_lr_fhss.c:294:17:sx126x_lr_fhss_write_payload	8	static
smtc_modem_core/radio_drivers/sx126x_driver/src/sx126x_lr_fhss.c:358:17:sx126x_lr_fhss_handle_tx_done	16	static
smtc_modem_core/radio_drivers/sx126x_driver/src/sx126x_lr_fhss.c:371:17:sx126x_lr_fhss_write_hop_config	16	static
smtc_modem_core/radio_drivers/sx126x_driver/src/sx126x_lr_fhss.c:378:17:sx126x_lr_fhss_write_hop	24	static
smtc_modem_core/radio_drivers/sx126x_driver/src/sx126x_lr_fhss.c:396:10:sx126x_lr_fhss_get_next_freq_in_pll_steps	24	static
smtc_modem_core/radio_drivers/sx126x_driver/src/sx126x_lr_fhss.c:168:17:sx126x_lr_fhss_process_parameters	32	static
smtc_modem_core/radio_drivers/sx126x_driver/src/sx126x_lr_fhss.c:218:17:sx126x_lr_fhss_write_hop_sequence_head	32	static
smtc_modem_core/radio_drivers/sx126x_driver/src/sx126x_lr_fhss.c:300:17:sx126x_lr_fhss_build_frame	296	static
smtc_modem_core/radio_drivers/sx126x_driver/src/sx126x_lr_fhss.c:330:17:sx126x_lr_fhss_handle_hop	24	static
