../Drivers/CMSIS/Include/core_cm4.h:1736:26:__NVIC_GetPendingIRQ	16	static
../Core/Src/smtc_hal/smtc_hal_gpio.c:89:6:hal_gpio_init_out	40	static
../Core/Src/smtc_hal/smtc_hal_gpio.c:100:6:hal_gpio_deinit	40	static
../Core/Src/smtc_hal/smtc_hal_gpio.c:114:6:hal_gpio_init_in	72	static
../Core/Src/smtc_hal/smtc_hal_gpio.c:135:6:hal_gpio_irq_attach	16	static
../Core/Src/smtc_hal/smtc_hal_gpio.c:143:6:hal_gpio_irq_deatach	16	static
../Core/Src/smtc_hal/smtc_hal_gpio.c:151:6:hal_gpio_irq_enable	8	static
../Core/Src/smtc_hal/smtc_hal_gpio.c:162:6:hal_gpio_irq_disable	8	static
../Core/Src/smtc_hal/smtc_hal_gpio.c:177:6:hal_gpio_set_value	24	static
../Core/Src/smtc_hal/smtc_hal_gpio.c:186:6:hal_gpio_toggle	24	static
../Core/Src/smtc_hal/smtc_hal_gpio.c:194:10:hal_gpio_get_value	24	static
../Core/Src/smtc_hal/smtc_hal_gpio.c:205:6:hal_gpio_is_pending_irq	8	static
../Core/Src/smtc_hal/smtc_hal_gpio.c:221:13:hal_gpio_init	72	static
../Core/Src/smtc_hal/smtc_hal_gpio.c:309:6:HAL_GPIO_EXTI_Callback	24	static
../Core/Src/smtc_hal/smtc_hal_gpio.c:339:6:EXTI0_IRQHandler	8	static
../Core/Src/smtc_hal/smtc_hal_gpio.c:353:6:EXTI1_IRQHandler	8	static
../Core/Src/smtc_hal/smtc_hal_gpio.c:368:6:EXTI2_IRQHandler	8	static
../Core/Src/smtc_hal/smtc_hal_gpio.c:382:6:EXTI3_IRQHandler	8	static
../Core/Src/smtc_hal/smtc_hal_gpio.c:396:6:EXTI4_IRQHandler	8	static
../Core/Src/smtc_hal/smtc_hal_gpio.c:410:6:EXTI9_5_IRQHandler	8	static
../Core/Src/smtc_hal/smtc_hal_gpio.c:427:6:EXTI15_10_IRQHandler	8	static
