Archive member included to satisfy reference by file (symbol)

lbm/build/basic_modem.a(lr11xx_wifi.o)
                              build_crc_spi/main.o (lr11xx_wifi_scan)
lbm/build/basic_modem.a(ral_lr11xx.o)
                              build_crc_spi/main.o (ral_lr11xx_handles_part)
lbm/build/basic_modem.a(ralf_lr11xx.o)
                              build_crc_spi/main.o (ralf_lr11xx_setup_gfsk)
lbm/build/basic_modem.a(smtc_modem.o)
                              build_crc_spi/ral_lr11xx_bsp.o (smtc_modem_get_tx_power_offset_db)
lbm/build/basic_modem.a(smtc_modem_test.o)
                              lbm/build/basic_modem.a(smtc_modem.o) (smtc_modem_test_duty_cycle_app_activate)
lbm/build/basic_modem.a(fifo_ctrl.o)
                              lbm/build/basic_modem.a(smtc_modem.o) (fifo_ctrl_get_nb_elt)
lbm/build/basic_modem.a(modem_supervisor.o)
                              lbm/build/basic_modem.a(smtc_modem.o) (modem_supervisor_init)
lbm/build/basic_modem.a(smtc_clock_sync.o)
                              lbm/build/basic_modem.a(modem_supervisor.o) (clock_sync_init)
lbm/build/basic_modem.a(stream.o)
                              lbm/build/basic_modem.a(smtc_modem.o) (stream_init)
lbm/build/basic_modem.a(rose.o)
                              lbm/build/basic_modem.a(stream.o) (ROSE_init)
lbm/build/basic_modem.a(file_upload.o)
                              lbm/build/basic_modem.a(smtc_modem.o) (file_upload_init)
lbm/build/basic_modem.a(alc_sync.o)
                              lbm/build/basic_modem.a(modem_supervisor.o) (alc_sync_init)
lbm/build/basic_modem.a(soft_se.o)
                              lbm/build/basic_modem.a(smtc_modem.o) (smtc_secure_element_init)
lbm/build/basic_modem.a(lr1_stack_mac_layer.o)
                              lbm/build/basic_modem.a(smtc_modem_test.o) (lr1_stack_mac_tx_lora_launch_callback_for_rp)
lbm/build/basic_modem.a(lr1mac_utilities.o)
                              lbm/build/basic_modem.a(lr1_stack_mac_layer.o) (memcpy1)
lbm/build/basic_modem.a(smtc_real.o)
                              lbm/build/basic_modem.a(lr1_stack_mac_layer.o) (smtc_real_init_session)
lbm/build/basic_modem.a(smtc_duty_cycle.o)
                              lbm/build/basic_modem.a(smtc_real.o) (smtc_duty_cycle_init)
lbm/build/basic_modem.a(smtc_lbt.o)
                              lbm/build/basic_modem.a(smtc_modem_test.o) (smtc_lbt_init)
lbm/build/basic_modem.a(lr11xx_radio.o)
                              lbm/build/basic_modem.a(ral_lr11xx.o) (lr11xx_radio_get_pkt_type)
lbm/build/basic_modem.a(lr11xx_regmem.o)
                              lbm/build/basic_modem.a(ral_lr11xx.o) (lr11xx_regmem_write_buffer8)
lbm/build/basic_modem.a(lr11xx_system.o)
                              lbm/build/basic_modem.a(ral_lr11xx.o) (lr11xx_system_reset)
lbm/build/basic_modem.a(lr11xx_lr_fhss.o)
                              lbm/build/basic_modem.a(ral_lr11xx.o) (lr11xx_lr_fhss_init)
lbm/build/basic_modem.a(radio_planner.o)
                              lbm/build/basic_modem.a(smtc_modem.o) (rp_init)
lbm/build/basic_modem.a(radio_planner_hal.o)
                              lbm/build/basic_modem.a(radio_planner.o) (rp_hal_critical_section_begin)
lbm/build/basic_modem.a(lorawan_api.o)
                              lbm/build/basic_modem.a(smtc_modem_test.o) (lorawan_api_init)
lbm/build/basic_modem.a(dm_downlink.o)
                              lbm/build/basic_modem.a(modem_supervisor.o) (dm_downlink)
lbm/build/basic_modem.a(modem_context.o)
                              lbm/build/basic_modem.a(modem_supervisor.o) (modem_context_init)
lbm/build/basic_modem.a(modem_utilities.o)
                              lbm/build/basic_modem.a(modem_context.o) (crc)
lbm/build/basic_modem.a(smtc_modem_services_hal.o)
                              lbm/build/basic_modem.a(rose.o) (smtc_modem_services_aes_encrypt)
lbm/build/basic_modem.a(lorawan_certification.o)
                              lbm/build/basic_modem.a(lorawan_api.o) (lorawan_certification_init)
lbm/build/basic_modem.a(almanac_update.o)
                              lbm/build/basic_modem.a(modem_context.o) (almanac_update_create_uplink_payload)
lbm/build/basic_modem.a(aes.o)
                              lbm/build/basic_modem.a(soft_se.o) (aes_set_key)
lbm/build/basic_modem.a(cmac.o)
                              lbm/build/basic_modem.a(soft_se.o) (AES_CMAC_Init)
lbm/build/basic_modem.a(smtc_modem_crypto.o)
                              lbm/build/basic_modem.a(lr1_stack_mac_layer.o) (smtc_modem_crypto_payload_encrypt)
lbm/build/basic_modem.a(region_eu_868.o)
                              lbm/build/basic_modem.a(smtc_real.o) (region_eu_868_config)
lbm/build/basic_modem.a(lr1mac_core.o)
                              lbm/build/basic_modem.a(lorawan_api.o) (lr1mac_core_join)
lbm/build/basic_modem.a(lr1mac_class_c.o)
                              lbm/build/basic_modem.a(lorawan_api.o) (lr1mac_class_c_init)
lbm/build/basic_modem.a(smtc_beacon_sniff.o)
[...]
Memory Configuration

Name             Origin             Length             Attributes
RAM              0x0000000020000000 0x0000000000005000 xrw
FLASH            0x0000000008000000 0x0000000000030000 xr
*default*        0x0000000000000000 0xffffffffffffffff

Linker script and memory map

LOAD /usr/lib/gcc/arm-none-eabi/10.3.1/thumb/v6-m/nofp/crti.o
LOAD /usr/lib/gcc/arm-none-eabi/10.3.1/thumb/v6-m/nofp/crtbegin.o
LOAD /usr/lib/gcc/arm-none-eabi/10.3.1/../../../arm-none-eabi/lib/thumb/v6-m/nofp/crt0.o
LOAD build_crc_spi/main.o
LOAD build_crc_spi/led.o
LOAD build_crc_spi/button.o
LOAD build_crc_spi/sht3x.o
LOAD build_crc_spi/lis2dw.o
LOAD build_crc_spi/stm32l0xx_hal_i2c.o
LOAD build_crc_spi/stm32l0xx_hal_i2c_ex.o
LOAD build_crc_spi/stm32l0xx_hal_lptim.o
LOAD build_crc_spi/stm32l0xx_hal_rtc.o
LOAD build_crc_spi/stm32l0xx_hal_rtc_ex.o
LOAD build_crc_spi/stm32l0xx_hal_spi.o
LOAD build_crc_spi/stm32l0xx_hal_tim.o
LOAD build_crc_spi/stm32l0xx_hal_tim_ex.o
LOAD build_crc_spi/stm32l0xx_hal_uart.o
LOAD build_crc_spi/stm32l0xx_hal_uart_ex.o
LOAD build_crc_spi/stm32l0xx_hal_wwdg.o
LOAD build_crc_spi/stm32l0xx_hal_iwdg.o
LOAD build_crc_spi/stm32l0xx_hal.o
LOAD build_crc_spi/stm32l0xx_hal_rcc.o
LOAD build_crc_spi/stm32l0xx_hal_rcc_ex.o
LOAD build_crc_spi/stm32l0xx_hal_flash.o
LOAD build_crc_spi/stm32l0xx_hal_flash_ex.o
LOAD build_crc_spi/stm32l0xx_hal_flash_ramfunc.o
LOAD build_crc_spi/stm32l0xx_hal_gpio.o
LOAD build_crc_spi/stm32l0xx_hal_dma.o
LOAD build_crc_spi/stm32l0xx_hal_pwr.o
LOAD build_crc_spi/stm32l0xx_hal_pwr_ex.o
LOAD build_crc_spi/stm32l0xx_hal_cortex.o
LOAD build_crc_spi/stm32l0xx_hal_adc.o
LOAD build_crc_spi/stm32l0xx_hal_adc_ex.o
LOAD build_crc_spi/smtc_modem_hal.o
LOAD build_crc_spi/system_stm32l0xx.o
LOAD build_crc_spi/smtc_hal_adc.o
LOAD build_crc_spi/smtc_hal_eeprom.o
LOAD build_crc_spi/smtc_hal_gpio.o
LOAD build_crc_spi/smtc_hal_mcu.o
LOAD build_crc_spi/smtc_hal_rtc.o
LOAD build_crc_spi/smtc_hal_spi.o
LOAD build_crc_spi/smtc_hal_lp_timer.o
LOAD build_crc_spi/smtc_hal_trace.o
LOAD build_crc_spi/smtc_hal_uart.o
LOAD build_crc_spi/smtc_hal_watchdog.o
LOAD build_crc_spi/smtc_hal_rng.o
LOAD build_crc_spi/smtc_hal_i2c.o
LOAD build_crc_spi/timer.o
LOAD build_crc_spi/settings.o
LOAD build_crc_spi/lr11xx_hal.o
LOAD build_crc_spi/ral_lr11xx_bsp.o
LOAD build_crc_spi/startup_stm32l071xx.o
LOAD lbm/build/basic_modem.a
LOAD /usr/lib/gcc/arm-none-eabi/10.3.1/../../../arm-none-eabi/lib/thumb/v6-m/nofp/libstdc++_nano.a
LOAD /usr/lib/gcc/arm-none-eabi/10.3.1/../../../arm-none-eabi/lib/thumb/v6-m/nofp/libsupc++_nano.a
LOAD /usr/lib/gcc/arm-none-eabi/10.3.1/../../../arm-none-eabi/lib/thumb/v6-m/nofp/libm.a
LOAD /usr/lib/gcc/arm-none-eabi/10.3.1/../../../arm-none-eabi/lib/thumb/v6-m/nofp/libc_nano.a
LOAD /usr/lib/gcc/arm-none-eabi/10.3.1/../../../arm-none-eabi/lib/thumb/v6-m/nofp/libnosys.a
START GROUP
LOAD /usr/lib/gcc/arm-none-eabi/10.3.1/thumb/v6-m/nofp/libgcc.a
LOAD /usr/lib/gcc/arm-none-eabi/10.3.1/../../../arm-none-eabi/lib/thumb/v6-m/nofp/libc_nano.a
END GROUP
START GROUP
LOAD /usr/lib/gcc/arm-none-eabi/10.3.1/thumb/v6-m/nofp/libgcc.a
LOAD /usr/lib/gcc/arm-none-eabi/10.3.1/../../../arm-none-eabi/lib/thumb/v6-m/nofp/libc_nano.a
LOAD /usr/lib/gcc/arm-none-eabi/10.3.1/../../../arm-none-eabi/lib/thumb/v6-m/nofp/libnosys.a
END GROUP
START GROUP
LOAD /usr/lib/gcc/arm-none-eabi/10.3.1/thumb/v6-m/nofp/libgcc.a
LOAD /usr/lib/gcc/arm-none-eabi/10.3.1/../../../arm-none-eabi/lib/thumb/v6-m/nofp/libc_nano.a
LOAD /usr/lib/gcc/arm-none-eabi/10.3.1/../../../arm-none-eabi/lib/thumb/v6-m/nofp/libnosys.a
END GROUP
LOAD /usr/lib/gcc/arm-none-eabi/10.3.1/thumb/v6-m/nofp/crtend.o
LOAD /usr/lib/gcc/arm-none-eabi/10.3.1/thumb/v6-m/nofp/crtn.o
                0x0000000020005000                _estack = 0x20005000
                0x0000000000000200                _Min_Heap_Size = 0x200
                0x0000000000000400                _Min_Stack_Size = 0x400

.isr_vector     0x0000000008000000       0xc0
                0x0000000008000000                . = ALIGN (0x4)
 *(.isr_vector)
 .isr_vector    0x0000000008000000       0xc0 build_crc_spi/startup_stm32l071xx.o
                0x0000000008000000                g_pfnVectors
                0x00000000080000c0                . = ALIGN (0x4)

.text           0x00000000080000c0     0x4618
                0x00000000080000c0                . = ALIGN (0x4)
 *(.text)
 .text          0x00000000080000c0       0x98 /usr/lib/gcc/arm-none-eabi/10.3.1/thumb/v6-m/nofp/crtbegin.o
 .text          0x0000000008000158       0x44 /usr/lib/gcc/arm-none-eabi/10.3.1/../../../arm-none-eabi/lib/thumb/v6-m/nofp/libc_nano.a(lib_a-init.o)
                0x0000000008000158                __libc_init_array
 .text          0x000000000800019c       0xa4 /usr/lib/gcc/arm-none-eabi/10.3.1/../../../arm-none-eabi/lib/thumb/v6-m/nofp/libc_nano.a(lib_a-memcpy-stub.o)
                0x000000000800019c                memcpy
 .text          0x0000000008000240       0xac /usr/lib/gcc/arm-none-eabi/10.3.1/../../../arm-none-eabi/lib/thumb/v6-m/nofp/libc_nano.a(lib_a-memmove.o)
                0x0000000008000240                memmove
 .text          0x00000000080002ec       0xa8 /usr/lib/gcc/arm-none-eabi/10.3.1/../../../arm-none-eabi/lib/thumb/v6-m/nofp/libc_nano.a(lib_a-memset.o)
                0x00000000080002ec                memset
 .text          0x0000000008000394       0x5c /usr/lib/gcc/arm-none-eabi/10.3.1/../../../arm-none-eabi/lib/thumb/v6-m/nofp/libc_nano.a(lib_a-strlen-stub.o)
                0x0000000008000394                strlen
 .text          0x00000000080003f0       0x64 /usr/lib/gcc/arm-none-eabi/10.3.1/../../../arm-none-eabi/lib/thumb/v6-m/nofp/libc_nano.a(lib_a-vsprintf.o)
                0x00000000080003f0                vsprintf
                0x00000000080003f0                vsiprintf
                0x0000000008000428                _vsiprintf_r
                0x0000000008000428                _vsprintf_r
 .text          0x0000000008000454       0xc0 /usr/lib/gcc/arm-none-eabi/10.3.1/../../../arm-none-eabi/lib/thumb/v6-m/nofp/libc_nano.a(lib_a-nano-freer.o)
                0x0000000008000454                _free_r
 .text          0x0000000008000514       0xc4 /usr/lib/gcc/arm-none-eabi/10.3.1/../../../arm-none-eabi/lib/thumb/v6-m/nofp/libc_nano.a(lib_a-nano-mallocr.o)
                0x0000000008000514                _malloc_r
 .text          0x00000000080005d8      0x428 /usr/lib/gcc/arm-none-eabi/10.3.1/../../../arm-none-eabi/lib/thumb/v6-m/nofp/libc_nano.a(lib_a-nano-svfprintf.o)
                0x00000000080005d8                __ssputs_r
                0x00000000080006b0                __ssprint_r
                0x00000000080007c4                _svfprintf_r
                0x00000000080007c4                _svfiprintf_r
 .text          0x0000000008000a00      0x3c4 /usr/lib/gcc/arm-none-eabi/10.3.1/../../../arm-none-eabi/lib/thumb/v6-m/nofp/libc_nano.a(lib_a-nano-vfprintf_i.o)
                0x0000000008000a00                _printf_common
                0x0000000008000b3c                _printf_i
 .text          0x0000000008000dc4       0x24 /usr/lib/gcc/arm-none-eabi/10.3.1/../../../arm-none-eabi/lib/thumb/v6-m/nofp/libc_nano.a(lib_a-sbrkr.o)
                0x0000000008000dc4                _sbrk_r
 .text          0x0000000008000de8       0x74 /usr/lib/gcc/arm-none-eabi/10.3.1/../../../arm-none-eabi/lib/thumb/v6-m/nofp/libc_nano.a(lib_a-memchr-stub.o)
                0x0000000008000de8                memchr
 .text          0x0000000008000e5c        0x8 /usr/lib/gcc/arm-none-eabi/10.3.1/../../../arm-none-eabi/lib/thumb/v6-m/nofp/libc_nano.a(lib_a-mlock.o)
                0x0000000008000e5c                __malloc_lock
                0x0000000008000e60                __malloc_unlock
 .text          0x0000000008000e64       0x50 /usr/lib/gcc/arm-none-eabi/10.3.1/../../../arm-none-eabi/lib/thumb/v6-m/nofp/libc_nano.a(lib_a-nano-reallocr.o)
                0x0000000008000e64                _realloc_r
 .text          0x0000000008000eb4       0x14 /usr/lib/gcc/arm-none-eabi/10.3.1/../../../arm-none-eabi/lib/thumb/v6-m/nofp/libc_nano.a(lib_a-nano-msizer.o)
                0x0000000008000eb4                _malloc_usable_size_r
 .text          0x0000000008000ec8       0x1c /usr/lib/gcc/arm-none-eabi/10.3.1/../../../arm-none-eabi/lib/thumb/v6-m/nofp/libnosys.a(sbrk.o)
                0x0000000008000ec8                _sbrk
 .text          0x0000000008000ee4       0x14 /usr/lib/gcc/arm-none-eabi/10.3.1/thumb/v6-m/nofp/libgcc.a(_thumb1_case_sqi.o)
                0x0000000008000ee4                __gnu_thumb1_case_sqi
 .text          0x0000000008000ef8       0x14 /usr/lib/gcc/arm-none-eabi/10.3.1/thumb/v6-m/nofp/libgcc.a(_thumb1_case_shi.o)
                0x0000000008000ef8                __gnu_thumb1_case_shi
 .text          0x0000000008000f0c      0x114 /usr/lib/gcc/arm-none-eabi/10.3.1/thumb/v6-m/nofp/libgcc.a(_udivsi3.o)
                0x0000000008000f0c                __udivsi3
                0x0000000008000f0c                __aeabi_uidiv
                0x0000000008001018                __aeabi_uidivmod
 .text          0x0000000008001020      0x1d4 /usr/lib/gcc/arm-none-eabi/10.3.1/thumb/v6-m/nofp/libgcc.a(_divsi3.o)
                0x0000000008001020                __aeabi_idiv
                0x0000000008001020                __divsi3
                0x00000000080011ec                __aeabi_idivmod
 .text          0x00000000080011f4        0x4 /usr/lib/gcc/arm-none-eabi/10.3.1/thumb/v6-m/nofp/libgcc.a(_dvmd_tls.o)
                0x00000000080011f4                __aeabi_ldiv0
                0x00000000080011f4                __aeabi_idiv0
 .text          0x00000000080011f8       0x40 /usr/lib/gcc/arm-none-eabi/10.3.1/thumb/v6-m/nofp/libgcc.a(_aeabi_uldivmod.o)
                0x00000000080011f8                __aeabi_uldivmod
 .text          0x0000000008001238       0x5c /usr/lib/gcc/arm-none-eabi/10.3.1/thumb/v6-m/nofp/libgcc.a(_muldi3.o)
                0x0000000008001238                __aeabi_lmul
                0x0000000008001238                __muldi3
 .text          0x0000000008001294      0x198 /usr/lib/gcc/arm-none-eabi/10.3.1/thumb/v6-m/nofp/libgcc.a(_udivmoddi4.o)
                0x0000000008001294                __udivmoddi4
 .text          0x000000000800142c       0x3c /usr/lib/gcc/arm-none-eabi/10.3.1/thumb/v6-m/nofp/libgcc.a(_clzsi2.o)
                0x000000000800142c                __clzsi2
 .text          0x0000000008001468       0x18 /usr/lib/gcc/arm-none-eabi/10.3.1/thumb/v6-m/nofp/libgcc.a(_clzdi2.o)
                0x0000000008001468                __clzdi2
 *(.text*)
 .text.startup.main
                0x0000000008001480       0xe0 build_crc_spi/main.o
                0x0000000008001480                main
 .text.LPTIM_WaitForFlag
                0x0000000008001560       0x3c build_crc_spi/stm32l0xx_hal_lptim.o
 .text.HAL_LPTIM_CompareMatchCallback
                0x000000000800159c        0x2 build_crc_spi/stm32l0xx_hal_lptim.o
                0x000000000800159c                HAL_LPTIM_CompareMatchCallback
 .text.HAL_LPTIM_AutoReloadMatchCallback
                0x000000000800159e        0x2 build_crc_spi/stm32l0xx_hal_lptim.o
                0x000000000800159e                HAL_LPTIM_AutoReloadMatchCallback
 .text.HAL_LPTIM_TriggerCallback
                0x00000000080015a0        0x2 build_crc_spi/stm32l0xx_hal_lptim.o
                0x00000000080015a0                HAL_LPTIM_TriggerCallback
 .text.HAL_LPTIM_CompareWriteCallback
                0x00000000080015a2        0x2 build_crc_spi/stm32l0xx_hal_lptim.o
                0x00000000080015a2                HAL_LPTIM_CompareWriteCallback
 .text.HAL_LPTIM_AutoReloadWriteCallback
                0x00000000080015a4        0x2 build_crc_spi/stm32l0xx_hal_lptim.o
                0x00000000080015a4                HAL_LPTIM_AutoReloadWriteCallback
 .text.HAL_LPTIM_DirectionUpCallback
                0x00000000080015a6        0x2 build_crc_spi/stm32l0xx_hal_lptim.o
                0x00000000080015a6                HAL_LPTIM_DirectionUpCallback
 .text.HAL_LPTIM_DirectionDownCallback
                0x00000000080015a8        0x2 build_crc_spi/stm32l0xx_hal_lptim.o
                0x00000000080015a8                HAL_LPTIM_DirectionDownCallback
 .text.HAL_LPTIM_IRQHandler
                0x00000000080015aa       0xac build_crc_spi/stm32l0xx_hal_lptim.o
                0x00000000080015aa                HAL_LPTIM_IRQHandler
 *fill*         0x0000000008001656        0x2 
 .text.LPTIM_Disable
                0x0000000008001658       0xe4 build_crc_spi/stm32l0xx_hal_lptim.o
                0x0000000008001658                LPTIM_Disable
 .text.HAL_LPTIM_TimeOut_Stop
                0x000000000800173c       0x30 build_crc_spi/stm32l0xx_hal_lptim.o
                0x000000000800173c                HAL_LPTIM_TimeOut_Stop
 .text.HAL_RTC_WaitForSynchro
                0x000000000800176c       0x34 build_crc_spi/stm32l0xx_hal_rtc.o
                0x000000000800176c                HAL_RTC_WaitForSynchro
 .text.RTC_EnterInitMode
                0x00000000080017a0       0x38 build_crc_spi/stm32l0xx_hal_rtc.o
                0x00000000080017a0                RTC_EnterInitMode
 .text.HAL_RTC_Init
                0x00000000080017d8       0xb8 build_crc_spi/stm32l0xx_hal_rtc.o
                0x00000000080017d8                HAL_RTC_Init
 .text.RTC_ByteToBcd2
                0x0000000008001890       0x16 build_crc_spi/stm32l0xx_hal_rtc.o
                0x0000000008001890                RTC_ByteToBcd2
 *fill*         0x00000000080018a6        0x2 
 .text.HAL_RTC_SetTime
                0x00000000080018a8      0x108 build_crc_spi/stm32l0xx_hal_rtc.o
                0x00000000080018a8                HAL_RTC_SetTime
 .text.HAL_RTC_SetDate
                0x00000000080019b0       0xd8 build_crc_spi/stm32l0xx_hal_rtc.o
                0x00000000080019b0                HAL_RTC_SetDate
 .text.RTC_Bcd2ToByte
                0x0000000008001a88       0x12 build_crc_spi/stm32l0xx_hal_rtc.o
                0x0000000008001a88                RTC_Bcd2ToByte
 *fill*         0x0000000008001a9a        0x2 
 .text.HAL_RTC_GetTime
                0x0000000008001a9c       0x54 build_crc_spi/stm32l0xx_hal_rtc.o
                0x0000000008001a9c                HAL_RTC_GetTime
 .text.HAL_RTC_GetDate
                0x0000000008001af0       0x44 build_crc_spi/stm32l0xx_hal_rtc.o
                0x0000000008001af0                HAL_RTC_GetDate
 .text.HAL_RTCEx_SetWakeUpTimer_IT
                0x0000000008001b34       0xfc build_crc_spi/stm32l0xx_hal_rtc_ex.o
                0x0000000008001b34                HAL_RTCEx_SetWakeUpTimer_IT
 .text.HAL_RTCEx_DeactivateWakeUpTimer
                0x0000000008001c30       0x80 build_crc_spi/stm32l0xx_hal_rtc_ex.o
                0x0000000008001c30                HAL_RTCEx_DeactivateWakeUpTimer
 .text.HAL_RTCEx_WakeUpTimerEventCallback
                0x0000000008001cb0        0x2 build_crc_spi/stm32l0xx_hal_rtc_ex.o
                0x0000000008001cb0                HAL_RTCEx_WakeUpTimerEventCallback
 *fill*         0x0000000008001cb2        0x2 
 .text.HAL_RTCEx_WakeUpTimerIRQHandler
                0x0000000008001cb4       0x34 build_crc_spi/stm32l0xx_hal_rtc_ex.o
                0x0000000008001cb4                HAL_RTCEx_WakeUpTimerIRQHandler
 .text.HAL_RTCEx_EnableBypassShadow
                0x0000000008001ce8       0x34 build_crc_spi/stm32l0xx_hal_rtc_ex.o
                0x0000000008001ce8                HAL_RTCEx_EnableBypassShadow
 .text.HAL_SPI_Init
                0x0000000008001d1c       0xc4 build_crc_spi/stm32l0xx_hal_spi.o
                0x0000000008001d1c                HAL_SPI_Init
 .text.UART_EndRxTransfer
                0x0000000008001de0       0x5c build_crc_spi/stm32l0xx_hal_uart.o
 .text.HAL_UART_TxCpltCallback
                0x0000000008001e3c        0x2 build_crc_spi/stm32l0xx_hal_uart.o
                0x0000000008001e3c                HAL_UART_TxCpltCallback
 .text.HAL_UART_ErrorCallback
                0x0000000008001e3e        0x2 build_crc_spi/stm32l0xx_hal_uart.o
                0x0000000008001e3e                HAL_UART_ErrorCallback
 .text.UART_DMAAbortOnError
                0x0000000008001e40       0x16 build_crc_spi/stm32l0xx_hal_uart.o
 .text.HAL_UARTEx_RxEventCallback
                0x0000000008001e56        0x2 build_crc_spi/stm32l0xx_hal_uart.o
                0x0000000008001e56                HAL_UARTEx_RxEventCallback
 .text.HAL_UART_IRQHandler
                0x0000000008001e58      0x2b8 build_crc_spi/stm32l0xx_hal_uart.o
                0x0000000008001e58                HAL_UART_IRQHandler
 .text.UART_SetConfig
                0x0000000008002110      0x238 build_crc_spi/stm32l0xx_hal_uart.o
                0x0000000008002110                UART_SetConfig
 .text.UART_AdvFeatureConfig
                0x0000000008002348       0xd0 build_crc_spi/stm32l0xx_hal_uart.o
                0x0000000008002348                UART_AdvFeatureConfig
 .text.UART_WaitOnFlagUntilTimeout
                0x0000000008002418       0xc4 build_crc_spi/stm32l0xx_hal_uart.o
                0x0000000008002418                UART_WaitOnFlagUntilTimeout
 .text.HAL_UART_Transmit
                0x00000000080024dc       0xe2 build_crc_spi/stm32l0xx_hal_uart.o
                0x00000000080024dc                HAL_UART_Transmit
 *fill*         0x00000000080025be        0x2 
 .text.UART_CheckIdleState
                0x00000000080025c0       0x64 build_crc_spi/stm32l0xx_hal_uart.o
                0x00000000080025c0                UART_CheckIdleState
 .text.HAL_UART_Init
                0x0000000008002624       0x64 build_crc_spi/stm32l0xx_hal_uart.o
                0x0000000008002624                HAL_UART_Init
 .text.HAL_UARTEx_WakeupCallback
                0x0000000008002688        0x2 build_crc_spi/stm32l0xx_hal_uart_ex.o
                0x0000000008002688                HAL_UARTEx_WakeupCallback
 *fill*         0x000000000800268a        0x2 
 .text.HAL_IWDG_Init
                0x000000000800268c       0x64 build_crc_spi/stm32l0xx_hal_iwdg.o
                0x000000000800268c                HAL_IWDG_Init
 .text.HAL_InitTick
                0x00000000080026f0       0x48 build_crc_spi/stm32l0xx_hal.o
                0x00000000080026f0                HAL_InitTick
 .text.HAL_Init
                0x0000000008002738       0x28 build_crc_spi/stm32l0xx_hal.o
                0x0000000008002738                HAL_Init
 .text.HAL_IncTick
                0x0000000008002760       0x18 build_crc_spi/stm32l0xx_hal.o
                0x0000000008002760                HAL_IncTick
 .text.HAL_GetTick
                0x0000000008002778        0xc build_crc_spi/stm32l0xx_hal.o
                0x0000000008002778                HAL_GetTick
 .text.HAL_Delay
                0x0000000008002784       0x24 build_crc_spi/stm32l0xx_hal.o
                0x0000000008002784                HAL_Delay
 .text.HAL_RCC_GetSysClockFreq
                0x00000000080027a8       0x90 build_crc_spi/stm32l0xx_hal_rcc.o
                0x00000000080027a8                HAL_RCC_GetSysClockFreq
 .text.HAL_RCC_OscConfig
                0x0000000008002838      0x49c build_crc_spi/stm32l0xx_hal_rcc.o
                0x0000000008002838                HAL_RCC_OscConfig
 .text.HAL_RCC_ClockConfig
                0x0000000008002cd4      0x19c build_crc_spi/stm32l0xx_hal_rcc.o
                0x0000000008002cd4                HAL_RCC_ClockConfig
 .text.HAL_RCC_GetPCLK1Freq
                0x0000000008002e70       0x20 build_crc_spi/stm32l0xx_hal_rcc.o
                0x0000000008002e70                HAL_RCC_GetPCLK1Freq
 .text.HAL_RCC_GetPCLK2Freq
                0x0000000008002e90       0x20 build_crc_spi/stm32l0xx_hal_rcc.o
                0x0000000008002e90                HAL_RCC_GetPCLK2Freq
 .text.HAL_RCCEx_PeriphCLKConfig
                0x0000000008002eb0      0x1a0 build_crc_spi/stm32l0xx_hal_rcc_ex.o
                0x0000000008002eb0                HAL_RCCEx_PeriphCLKConfig
 .text.HAL_GPIO_Init
                0x0000000008003050      0x18c build_crc_spi/stm32l0xx_hal_gpio.o
                0x0000000008003050                HAL_GPIO_Init
 .text.HAL_GPIO_ReadPin
                0x00000000080031dc        0xc build_crc_spi/stm32l0xx_hal_gpio.o
                0x00000000080031dc                HAL_GPIO_ReadPin
 .text.HAL_GPIO_WritePin
                0x00000000080031e8        0xc build_crc_spi/stm32l0xx_hal_gpio.o
                0x00000000080031e8                HAL_GPIO_WritePin
 .text.HAL_GPIO_EXTI_IRQHandler
                0x00000000080031f4       0x18 build_crc_spi/stm32l0xx_hal_gpio.o
                0x00000000080031f4                HAL_GPIO_EXTI_IRQHandler
 .text.HAL_DMA_Init
                0x000000000800320c       0x88 build_crc_spi/stm32l0xx_hal_dma.o
                0x000000000800320c                HAL_DMA_Init
 .text.HAL_DMA_Abort
                0x0000000008003294       0x40 build_crc_spi/stm32l0xx_hal_dma.o
                0x0000000008003294                HAL_DMA_Abort
 .text.HAL_DMA_Abort_IT
                0x00000000080032d4       0x4a build_crc_spi/stm32l0xx_hal_dma.o
                0x00000000080032d4                HAL_DMA_Abort_IT
 .text.HAL_DMA_IRQHandler
                0x000000000800331e       0x96 build_crc_spi/stm32l0xx_hal_dma.o
                0x000000000800331e                HAL_DMA_IRQHandler
 .text.HAL_PWR_EnableBkUpAccess
                0x00000000080033b4       0x14 build_crc_spi/stm32l0xx_hal_pwr.o
                0x00000000080033b4                HAL_PWR_EnableBkUpAccess
 .text.HAL_NVIC_SetPriority
                0x00000000080033c8       0x54 build_crc_spi/stm32l0xx_hal_cortex.o
                0x00000000080033c8                HAL_NVIC_SetPriority
 .text.HAL_NVIC_EnableIRQ
                0x000000000800341c       0x18 build_crc_spi/stm32l0xx_hal_cortex.o
                0x000000000800341c                HAL_NVIC_EnableIRQ
 .text.HAL_SYSTICK_Config
                0x0000000008003434       0x34 build_crc_spi/stm32l0xx_hal_cortex.o
                0x0000000008003434                HAL_SYSTICK_Config
 .text.HAL_SYSTICK_Callback
                0x0000000008003468        0x2 build_crc_spi/stm32l0xx_hal_cortex.o
                0x0000000008003468                HAL_SYSTICK_Callback
 .text.HAL_SYSTICK_IRQHandler
                0x000000000800346a        0x8 build_crc_spi/stm32l0xx_hal_cortex.o
                0x000000000800346a                HAL_SYSTICK_IRQHandler
 .text.SystemInit
                0x0000000008003472        0x2 build_crc_spi/system_stm32l0xx.o
                0x0000000008003472                SystemInit
 .text.hal_gpio_irq_attach
                0x0000000008003474       0x1c build_crc_spi/smtc_hal_gpio.o
                0x0000000008003474                hal_gpio_irq_attach
 .text.gpio_init.constprop.0
                0x0000000008003490      0x164 build_crc_spi/smtc_hal_gpio.o
 .text.hal_gpio_init_out
                0x00000000080035f4       0x20 build_crc_spi/smtc_hal_gpio.o
                0x00000000080035f4                hal_gpio_init_out
 .text.hal_gpio_init_in
                0x0000000008003614       0x58 build_crc_spi/smtc_hal_gpio.o
                0x0000000008003614                hal_gpio_init_in
 .text.hal_gpio_set_value
                0x000000000800366c       0x26 build_crc_spi/smtc_hal_gpio.o
                0x000000000800366c                hal_gpio_set_value
 .text.hal_gpio_get_value
                0x0000000008003692       0x24 build_crc_spi/smtc_hal_gpio.o
                0x0000000008003692                hal_gpio_get_value
 .text.EXTI0_1_IRQHandler
                0x00000000080036b6       0x10 build_crc_spi/smtc_hal_gpio.o
                0x00000000080036b6                EXTI0_1_IRQHandler
 .text.EXTI2_3_IRQHandler
                0x00000000080036c6       0x10 build_crc_spi/smtc_hal_gpio.o
                0x00000000080036c6                EXTI2_3_IRQHandler
 .text.EXTI4_15_IRQHandler
                0x00000000080036d6       0x5c build_crc_spi/smtc_hal_gpio.o
                0x00000000080036d6                EXTI4_15_IRQHandler
 *fill*         0x0000000008003732        0x2 
 .text.HAL_GPIO_EXTI_Callback
                0x0000000008003734       0x30 build_crc_spi/smtc_hal_gpio.o
                0x0000000008003734                HAL_GPIO_EXTI_Callback
 .text.hal_mcu_wait_us
                0x0000000008003764       0x44 build_crc_spi/smtc_hal_mcu.o
                0x0000000008003764                hal_mcu_wait_us
 .text.hal_mcu_reset
                0x00000000080037a8       0x1c build_crc_spi/smtc_hal_mcu.o
                0x00000000080037a8                hal_mcu_reset
 .text.hal_mcu_init
                0x00000000080037c4      0x134 build_crc_spi/smtc_hal_mcu.o
                0x00000000080037c4                hal_mcu_init
 .text.SysTick_Handler
                0x00000000080038f8        0xc build_crc_spi/smtc_hal_mcu.o
                0x00000000080038f8                SysTick_Handler
 .text.HAL_MspInit
                0x0000000008003904       0x10 build_crc_spi/smtc_hal_mcu.o
                0x0000000008003904                HAL_MspInit
 .text.hal_mcu_delay_ms
                0x0000000008003914        0x8 build_crc_spi/smtc_hal_mcu.o
                0x0000000008003914                hal_mcu_delay_ms
 .text.HardFault_Handler
                0x000000000800391c       0x38 build_crc_spi/smtc_hal_mcu.o
                0x000000000800391c                HardFault_Handler
 .text.rtc_get_timestamp_in_ticks
                0x0000000008003954       0xb0 build_crc_spi/smtc_hal_rtc.o
 .text.hal_rtc_get_timer_context
                0x0000000008003a04        0xc build_crc_spi/smtc_hal_rtc.o
                0x0000000008003a04                hal_rtc_get_timer_context
 .text.hal_rtc_set_timer_context
                0x0000000008003a10       0x18 build_crc_spi/smtc_hal_rtc.o
                0x0000000008003a10                hal_rtc_set_timer_context
 .text.hal_rtc_init
                0x0000000008003a28       0x98 build_crc_spi/smtc_hal_rtc.o
                0x0000000008003a28                hal_rtc_init
 .text.hal_rtc_get_timer_elapsed_time
                0x0000000008003ac0       0x18 build_crc_spi/smtc_hal_rtc.o
                0x0000000008003ac0                hal_rtc_get_timer_elapsed_time
 .text.hal_rtc_get_minimum_timeout
                0x0000000008003ad8        0x4 build_crc_spi/smtc_hal_rtc.o
                0x0000000008003ad8                hal_rtc_get_minimum_timeout
 .text.rtc_ms_2_wakeup_timer_tick
                0x0000000008003adc        0xe build_crc_spi/smtc_hal_rtc.o
                0x0000000008003adc                rtc_ms_2_wakeup_timer_tick
 *fill*         0x0000000008003aea        0x2 
 .text.hal_rtc_wakeup_timer_set_ms
                0x0000000008003aec       0x50 build_crc_spi/smtc_hal_rtc.o
                0x0000000008003aec                hal_rtc_wakeup_timer_set_ms
 .text.RTC_IRQHandler
                0x0000000008003b3c       0x44 build_crc_spi/smtc_hal_rtc.o
                0x0000000008003b3c                RTC_IRQHandler
 .text.HAL_RTC_MspInit
                0x0000000008003b80       0x24 build_crc_spi/smtc_hal_rtc.o
                0x0000000008003b80                HAL_RTC_MspInit
 .text.hal_spi_init
                0x0000000008003ba4       0x9c build_crc_spi/smtc_hal_spi.o
                0x0000000008003ba4                hal_spi_init
 .text.hal_spi_in_out
                0x0000000008003c40       0x30 build_crc_spi/smtc_hal_spi.o
                0x0000000008003c40                hal_spi_in_out
 .text.HAL_SPI_MspInit
                0x0000000008003c70      0x170 build_crc_spi/smtc_hal_spi.o
                0x0000000008003c70                HAL_SPI_MspInit
 .text.LPTIM1_IRQHandler
                0x0000000008003de0       0x28 build_crc_spi/smtc_hal_lp_timer.o
                0x0000000008003de0                LPTIM1_IRQHandler
 .text.hal_trace_print
                0x0000000008003e08       0x24 build_crc_spi/smtc_hal_trace.o
                0x0000000008003e08                hal_trace_print
 .text.hal_trace_print_var
                0x0000000008003e2c       0x16 build_crc_spi/smtc_hal_trace.o
                0x0000000008003e2c                hal_trace_print_var
 *fill*         0x0000000008003e42        0x2 
 .text.uart1_init
                0x0000000008003e44       0x64 build_crc_spi/smtc_hal_uart.o
                0x0000000008003e44                uart1_init
 .text.uart1_tx
                0x0000000008003ea8       0x18 build_crc_spi/smtc_hal_uart.o
                0x0000000008003ea8                uart1_tx
 .text.HAL_UART_MspInit
                0x0000000008003ec0      0x130 build_crc_spi/smtc_hal_uart.o
                0x0000000008003ec0                HAL_UART_MspInit
 .text.DMA1_Channel4_5_6_7_IRQHandler
                0x0000000008003ff0       0x10 build_crc_spi/smtc_hal_uart.o
                0x0000000008003ff0                DMA1_Channel4_5_6_7_IRQHandler
 .text.USART2_IRQHandler
                0x0000000008004000       0x10 build_crc_spi/smtc_hal_uart.o
                0x0000000008004000                USART2_IRQHandler
 .text.hal_watchdog_init
                0x0000000008004010       0x24 build_crc_spi/smtc_hal_watchdog.o
                0x0000000008004010                hal_watchdog_init
 .text.TimerSetTimeout
                0x0000000008004034       0x24 build_crc_spi/timer.o
 .text.TimerIrqHandler
                0x0000000008004058       0x7c build_crc_spi/timer.o
                0x0000000008004058                TimerIrqHandler
 .text.lr11xx_hal_compute_crc
                0x00000000080040d4       0x34 build_crc_spi/lr11xx_hal.o
 .text.lr11xx_hal_wait_on_busy
                0x0000000008004108        0xe build_crc_spi/lr11xx_hal.o
                0x0000000008004108                lr11xx_hal_wait_on_busy
 *fill*         0x0000000008004116        0x2 
 .text.lr11xx_hal_check_device_ready
                0x0000000008004118       0x30 build_crc_spi/lr11xx_hal.o
                0x0000000008004118                lr11xx_hal_check_device_ready
 .text.lr11xx_hal_write
                0x0000000008004148       0x88 build_crc_spi/lr11xx_hal.o
                0x0000000008004148                lr11xx_hal_write
 .text.lr11xx_hal_read
                0x00000000080041d0       0xc0 build_crc_spi/lr11xx_hal.o
                0x00000000080041d0                lr11xx_hal_read
 .text.Reset_Handler
                0x0000000008004290       0x50 build_crc_spi/startup_stm32l071xx.o
                0x0000000008004290                Reset_Handler
 .text.Default_Handler
                0x00000000080042e0        0x2 build_crc_spi/startup_stm32l071xx.o
                0x00000000080042e0                ADC1_COMP_IRQHandler
                0x00000000080042e0                TIM6_IRQHandler
                0x00000000080042e0                PVD_IRQHandler
                0x00000000080042e0                PendSV_Handler
                0x00000000080042e0                NMI_Handler
                0x00000000080042e0                I2C1_IRQHandler
                0x00000000080042e0                SPI1_IRQHandler
                0x00000000080042e0                I2C2_IRQHandler
                0x00000000080042e0                TIM3_IRQHandler
                0x00000000080042e0                RCC_IRQHandler
                0x00000000080042e0                DMA1_Channel1_IRQHandler
                0x00000000080042e0                USART4_5_IRQHandler
                0x00000000080042e0                Default_Handler
                0x00000000080042e0                TIM22_IRQHandler
                0x00000000080042e0                TIM7_IRQHandler
                0x00000000080042e0                I2C3_IRQHandler
                0x00000000080042e0                SPI2_IRQHandler
                0x00000000080042e0                SVC_Handler
                0x00000000080042e0                TIM21_IRQHandler
                0x00000000080042e0                WWDG_IRQHandler
                0x00000000080042e0                LPUART1_IRQHandler
                0x00000000080042e0                TIM2_IRQHandler
                0x00000000080042e0                DMA1_Channel2_3_IRQHandler
                0x00000000080042e0                FLASH_IRQHandler
                0x00000000080042e0                USART1_IRQHandler
 .text.uint16_from_array
                0x00000000080042e2       0x10 lbm/build/basic_modem.a(lr11xx_wifi.o)
 .text.uint64_from_array
                0x00000000080042f2       0x68 lbm/build/basic_modem.a(lr11xx_wifi.o)
 .text.lr11xx_wifi_read_mac_address_from_buffer
                0x000000000800435a       0x10 lbm/build/basic_modem.a(lr11xx_wifi.o)
 *fill*         0x000000000800436a        0x2 
 .text.fetch_and_aggregate_all_results
                0x000000000800436c      0x2ac lbm/build/basic_modem.a(lr11xx_wifi.o)
 .text.lr11xx_wifi_scan
                0x0000000008004618       0x4a lbm/build/basic_modem.a(lr11xx_wifi.o)
                0x0000000008004618                lr11xx_wifi_scan
 *fill*         0x0000000008004662        0x2 
 .text.lr11xx_wifi_get_nb_results
                0x0000000008004664       0x1c lbm/build/basic_modem.a(lr11xx_wifi.o)
                0x0000000008004664                lr11xx_wifi_get_nb_results
 .text.lr11xx_wifi_read_extended_full_results
                0x0000000008004680       0x40 lbm/build/basic_modem.a(lr11xx_wifi.o)
                0x0000000008004680                lr11xx_wifi_read_extended_full_results
 *(.glue_7)
 .glue_7        0x00000000080046c0        0x0 linker stubs
 *(.glue_7t)
 .glue_7t       0x00000000080046c0        0x0 linker stubs
 *(.eh_frame)
 .eh_frame      0x00000000080046c0        0x0 /usr/lib/gcc/arm-none-eabi/10.3.1/thumb/v6-m/nofp/crtbegin.o
 *(.init)
 .init          0x00000000080046c0        0x4 /usr/lib/gcc/arm-none-eabi/10.3.1/thumb/v6-m/nofp/crti.o
                0x00000000080046c0                _init
 .init          0x00000000080046c4        0x8 /usr/lib/gcc/arm-none-eabi/10.3.1/thumb/v6-m/nofp/crtn.o
 *(.fini)
 .fini          0x00000000080046cc        0x4 /usr/lib/gcc/arm-none-eabi/10.3.1/thumb/v6-m/nofp/crti.o
                0x00000000080046cc                _fini
 .fini          0x00000000080046d0        0x8 /usr/lib/gcc/arm-none-eabi/10.3.1/thumb/v6-m/nofp/crtn.o
                0x00000000080046d8                . = ALIGN (0x4)
                0x00000000080046d8                _etext = .

.vfp11_veneer   0x00000000080046d8        0x0
 .vfp11_veneer  0x00000000080046d8        0x0 linker stubs

.v4_bx          0x00000000080046d8        0x0
 .v4_bx         0x00000000080046d8        0x0 linker stubs

.iplt           0x00000000080046d8        0x0
 .iplt          0x00000000080046d8        0x0 /usr/lib/gcc/arm-none-eabi/10.3.1/thumb/v6-m/nofp/crtbegin.o

.rodata         0x00000000080046d8      0x3a8
                0x00000000080046d8                . = ALIGN (0x4)
 *(.rodata)
 .rodata        0x00000000080046d8       0x1c build_crc_spi/smtc_hal_gpio.o
 .rodata        0x00000000080046f4       0x56 build_crc_spi/smtc_hal_mcu.o
 *fill*         0x000000000800474a        0x2 
 .rodata        0x000000000800474c       0x84 /usr/lib/gcc/arm-none-eabi/10.3.1/../../../arm-none-eabi/lib/thumb/v6-m/nofp/libc_nano.a(lib_a-nano-vfprintf_i.o)
 .rodata        0x00000000080047d0       0x60 /usr/lib/gcc/arm-none-eabi/10.3.1/../../../arm-none-eabi/lib/thumb/v6-m/nofp/libc_nano.a(lib_a-findfp.o)
                0x00000000080047d0                __sf_fake_stderr
                0x00000000080047f0                __sf_fake_stdout
                0x0000000008004810                __sf_fake_stdin
 *(.rodata*)
 .rodata.main.str1.1
                0x0000000008004830      0x120 build_crc_spi/main.o
 .rodata.CSWTCH.59
                0x0000000008004950        0x3 build_crc_spi/stm32l0xx_hal_uart.o
 .rodata.CSWTCH.60
                0x0000000008004953        0xd build_crc_spi/stm32l0xx_hal_uart.o
 .rodata.AHBPrescTable
                0x0000000008004960       0x10 build_crc_spi/system_stm32l0xx.o
                0x0000000008004960                AHBPrescTable
 .rodata.APBPrescTable
                0x0000000008004970        0x8 build_crc_spi/system_stm32l0xx.o
                0x0000000008004970                APBPrescTable
 .rodata.PLLMulTable
                0x0000000008004978        0x9 build_crc_spi/system_stm32l0xx.o
                0x0000000008004978                PLLMulTable
 .rodata.__func__.1
                0x0000000008004981       0x14 build_crc_spi/smtc_hal_mcu.o
 .rodata.hal_rtc_init.str1.1
                0x0000000008004995       0x20 build_crc_spi/smtc_hal_rtc.o
                                         0x21 (size before relaxing)
 .rodata.__func__.0
                0x00000000080049b5        0xd build_crc_spi/smtc_hal_rtc.o
 .rodata.hal_spi_init.str1.1
                0x00000000080049c2       0x21 build_crc_spi/smtc_hal_spi.o
 .rodata.__func__.1
                0x00000000080049c2       0x10 build_crc_spi/smtc_hal_spi.o
 .rodata.__func__.2
                0x00000000080049d2        0xd build_crc_spi/smtc_hal_spi.o
 .rodata.uart1_init.str1.1
                0x00000000080049df       0x21 build_crc_spi/smtc_hal_uart.o
 .rodata.__func__.0
                0x00000000080049df       0x11 build_crc_spi/smtc_hal_uart.o
 .rodata.__func__.2
                0x00000000080049f0        0xb build_crc_spi/smtc_hal_uart.o
 .rodata.lr11xx_hal_read.str1.1
                0x00000000080049fb       0x43 build_crc_spi/lr11xx_hal.o
                                         0x44 (size before relaxing)
 .rodata.CSWTCH.15
                0x0000000008004a3e        0x3 lbm/build/basic_modem.a(lr11xx_wifi.o)
 .rodata.CSWTCH.17
                0x0000000008004a41        0x3 lbm/build/basic_modem.a(lr11xx_wifi.o)
 .rodata.str1.4
                0x0000000008004a44       0x13 /usr/lib/gcc/arm-none-eabi/10.3.1/../../../arm-none-eabi/lib/thumb/v6-m/nofp/libc_nano.a(lib_a-nano-svfprintf.o)
 *fill*         0x0000000008004a57        0x1 
 .rodata.str1.4
                0x0000000008004a58       0x25 /usr/lib/gcc/arm-none-eabi/10.3.1/../../../arm-none-eabi/lib/thumb/v6-m/nofp/libc_nano.a(lib_a-nano-vfprintf_i.o)
                0x0000000008004a80                . = ALIGN (0x4)
 *fill*         0x0000000008004a7d        0x3 

.ARM.extab
 *(.ARM.extab* .gnu.linkonce.armextab.*)

.ARM            0x0000000008004a80        0x8
                0x0000000008004a80                __exidx_start = .
 *(.ARM.exidx*)
 .ARM.exidx     0x0000000008004a80        0x8 /usr/lib/gcc/arm-none-eabi/10.3.1/thumb/v6-m/nofp/libgcc.a(_udivmoddi4.o)
                0x0000000008004a88                __exidx_end = .

.rel.dyn        0x0000000008004a88        0x0
 .rel.iplt      0x0000000008004a88        0x0 /usr/lib/gcc/arm-none-eabi/10.3.1/thumb/v6-m/nofp/crtbegin.o

.preinit_array  0x0000000008004a88        0x0
                0x0000000008004a88                PROVIDE (__preinit_array_start = .)
 *(.preinit_array*)
                0x0000000008004a88                PROVIDE (__preinit_array_end = .)

.init_array     0x0000000008004a88        0x4
                0x0000000008004a88                PROVIDE (__init_array_start = .)
 *(SORT_BY_NAME(.init_array.*))
 *(.init_array*)
 .init_array    0x0000000008004a88        0x4 /usr/lib/gcc/arm-none-eabi/10.3.1/thumb/v6-m/nofp/crtbegin.o
                0x0000000008004a8c                PROVIDE (__init_array_end = .)

.fini_array     0x0000000008004a8c        0x4
                0x0000000008004a8c                PROVIDE (__fini_array_start = .)
 *(SORT_BY_NAME(.fini_array.*))
 *(.fini_array*)
 .fini_array    0x0000000008004a8c        0x4 /usr/lib/gcc/arm-none-eabi/10.3.1/thumb/v6-m/nofp/crtbegin.o
                0x0000000008004a90                PROVIDE (__fini_array_end = .)
                0x0000000008004a90                _sidata = LOADADDR (.data)

.data           0x0000000020000000      0x134 load address 0x0000000008004a90
                0x0000000020000000                . = ALIGN (0x4)
                0x0000000020000000                _sdata = .
 *(.data)
 .data          0x0000000020000000       0x64 /usr/lib/gcc/arm-none-eabi/10.3.1/../../../arm-none-eabi/lib/thumb/v6-m/nofp/libc_nano.a(lib_a-impure.o)
                0x0000000020000000                _impure_ptr
 *(.data*)
 .data.uwTickFreq
                0x0000000020000064        0x1 build_crc_spi/stm32l0xx_hal.o
                0x0000000020000064                uwTickFreq
 *fill*         0x0000000020000065        0x3 
 .data.uwTickPrio
                0x0000000020000068        0x4 build_crc_spi/stm32l0xx_hal.o
                0x0000000020000068                uwTickPrio
 .data.SystemCoreClock
                0x000000002000006c        0x4 build_crc_spi/system_stm32l0xx.o
                0x000000002000006c                SystemCoreClock
 .data.spi_periph
                0x0000000020000070       0xc0 build_crc_spi/smtc_hal_spi.o
 .data.radio_mode
                0x0000000020000130        0x1 build_crc_spi/lr11xx_hal.o
                0x0000000020000134                . = ALIGN (0x4)
 *fill*         0x0000000020000131        0x3 
                0x0000000020000134                _edata = .

.tm_clone_table
                0x0000000020000134        0x0 load address 0x0000000008004bc4
 .tm_clone_table
                0x0000000020000134        0x0 /usr/lib/gcc/arm-none-eabi/10.3.1/thumb/v6-m/nofp/crtbegin.o
 .tm_clone_table
                0x0000000020000134        0x0 /usr/lib/gcc/arm-none-eabi/10.3.1/thumb/v6-m/nofp/crtend.o

.igot.plt       0x0000000020000134        0x0 load address 0x0000000008004bc4
 .igot.plt      0x0000000020000134        0x0 /usr/lib/gcc/arm-none-eabi/10.3.1/thumb/v6-m/nofp/crtbegin.o
                0x0000000020000134                . = ALIGN (0x4)

.bss            0x0000000020000138      0x258 load address 0x0000000008004bc4
                0x0000000020000138                _sbss = .
                0x0000000020000138                __bss_start__ = _sbss
 *(.bss)
 .bss           0x0000000020000138       0x1c /usr/lib/gcc/arm-none-eabi/10.3.1/thumb/v6-m/nofp/crtbegin.o
 .bss           0x0000000020000154        0x8 /usr/lib/gcc/arm-none-eabi/10.3.1/../../../arm-none-eabi/lib/thumb/v6-m/nofp/libc_nano.a(lib_a-nano-mallocr.o)
                0x0000000020000154                __malloc_free_list
                0x0000000020000158                __malloc_sbrk_start
 .bss           0x000000002000015c        0x4 /usr/lib/gcc/arm-none-eabi/10.3.1/../../../arm-none-eabi/lib/thumb/v6-m/nofp/libc_nano.a(lib_a-reent.o)
                0x000000002000015c                errno
 .bss           0x0000000020000160        0x4 /usr/lib/gcc/arm-none-eabi/10.3.1/../../../arm-none-eabi/lib/thumb/v6-m/nofp/libnosys.a(sbrk.o)
 *(.bss*)
 .bss.uwTick    0x0000000020000164        0x4 build_crc_spi/stm32l0xx_hal.o
                0x0000000020000164                uwTick
 .bss.gpio_irq  0x0000000020000168       0x40 build_crc_spi/smtc_hal_gpio.o
 .bss.bsp_rtc   0x00000000200001a8       0x40 build_crc_spi/smtc_hal_rtc.o
 .bss.wakeup_timer_rounds
                0x00000000200001e8        0x4 build_crc_spi/smtc_hal_rtc.o
 .bss.wut_timer_irq_happened
                0x00000000200001ec        0x1 build_crc_spi/smtc_hal_rtc.o
 *fill*         0x00000000200001ed        0x3 
 .bss.lptim_handle
                0x00000000200001f0       0x30 build_crc_spi/smtc_hal_lp_timer.o
 .bss.lptim_tmr_irq
                0x0000000020000220        0x8 build_crc_spi/smtc_hal_lp_timer.o
 .bss.hdma_usart2_rx
                0x0000000020000228       0x48 build_crc_spi/smtc_hal_uart.o
 .bss.huart1    0x0000000020000270       0x84 build_crc_spi/smtc_hal_uart.o
 *fill*         0x00000000200002f4        0x4 
 .bss.huart2    0x00000000200002f8       0x84 build_crc_spi/smtc_hal_uart.o
 .bss.iwdg_handle
                0x000000002000037c       0x10 build_crc_spi/smtc_hal_watchdog.o
 .bss.TimerListHead
                0x000000002000038c        0x4 build_crc_spi/timer.o
 *(COMMON)
                0x0000000020000390                . = ALIGN (0x4)
                0x0000000020000390                _ebss = .
                0x0000000020000390                __bss_end__ = _ebss

._user_heap_stack
                0x0000000020000390      0x600 load address 0x0000000008004bc4
                0x0000000020000390                . = ALIGN (0x4)
                0x0000000020000390                PROVIDE (end = .)
                [!provide]                        PROVIDE (_end = .)
                0x0000000020000590                . = (. + _Min_Heap_Size)
 *fill*         0x0000000020000390      0x200 
                0x0000000020000990                . = (. + _Min_Stack_Size)
 *fill*         0x0000000020000590      0x400 
                0x0000000020000990                . = ALIGN (0x4)

/DISCARD/
 libc.a(*)
 libm.a(*)
 libgcc.a(*)

.ARM.attributes
                0x0000000000000000       0x28
 *(.ARM.attributes)
 .ARM.attributes
                0x0000000000000000       0x1e /usr/lib/gcc/arm-none-eabi/10.3.1/thumb/v6-m/nofp/crti.o
 .ARM.attributes
                0x000000000000001e       0x2c /usr/lib/gcc/arm-none-eabi/10.3.1/thumb/v6-m/nofp/crtbegin.o
 .ARM.attributes
                0x000000000000004a       0x28 build_crc_spi/main.o
 .ARM.attributes
                0x0000000000000072       0x28 build_crc_spi/stm32l0xx_hal_lptim.o
 .ARM.attributes
                0x000000000000009a       0x28 build_crc_spi/stm32l0xx_hal_rtc.o
 .ARM.attributes
                0x00000000000000c2       0x28 build_crc_spi/stm32l0xx_hal_rtc_ex.o
 .ARM.attributes
                0x00000000000000ea       0x28 build_crc_spi/stm32l0xx_hal_spi.o
 .ARM.attributes
                0x0000000000000112       0x28 build_crc_spi/stm32l0xx_hal_uart.o
 .ARM.attributes
                0x000000000000013a       0x28 build_crc_spi/stm32l0xx_hal_uart_ex.o
 .ARM.attributes
                0x0000000000000162       0x28 build_crc_spi/stm32l0xx_hal_iwdg.o
 .ARM.attributes
                0x000000000000018a       0x28 build_crc_spi/stm32l0xx_hal.o
 .ARM.attributes
                0x00000000000001b2       0x28 build_crc_spi/stm32l0xx_hal_rcc.o
 .ARM.attributes
                0x00000000000001da       0x28 build_crc_spi/stm32l0xx_hal_rcc_ex.o
 .ARM.attributes
                0x0000000000000202       0x28 build_crc_spi/stm32l0xx_hal_gpio.o
 .ARM.attributes
                0x000000000000022a       0x28 build_crc_spi/stm32l0xx_hal_dma.o
 .ARM.attributes
                0x0000000000000252       0x28 build_crc_spi/stm32l0xx_hal_pwr.o
 .ARM.attributes
                0x000000000000027a       0x28 build_crc_spi/stm32l0xx_hal_cortex.o
 .ARM.attributes
                0x00000000000002a2       0x28 build_crc_spi/system_stm32l0xx.o
 .ARM.attributes
                0x00000000000002ca       0x28 build_crc_spi/smtc_hal_gpio.o
 .ARM.attributes
                0x00000000000002f2       0x28 build_crc_spi/smtc_hal_mcu.o
 .ARM.attributes
                0x000000000000031a       0x28 build_crc_spi/smtc_hal_rtc.o
 .ARM.attributes
                0x0000000000000342       0x28 build_crc_spi/smtc_hal_spi.o
 .ARM.attributes
                0x000000000000036a       0x28 build_crc_spi/smtc_hal_lp_timer.o
 .ARM.attributes
                0x0000000000000392       0x28 build_crc_spi/smtc_hal_trace.o
 .ARM.attributes
                0x00000000000003ba       0x28 build_crc_spi/smtc_hal_uart.o
 .ARM.attributes
                0x00000000000003e2       0x28 build_crc_spi/smtc_hal_watchdog.o
 .ARM.attributes
                0x000000000000040a       0x28 build_crc_spi/timer.o
 .ARM.attributes
                0x0000000000000432       0x28 build_crc_spi/lr11xx_hal.o
 .ARM.attributes
                0x000000000000045a       0x22 build_crc_spi/startup_stm32l071xx.o
 .ARM.attributes
                0x000000000000047c       0x28 lbm/build/basic_modem.a(lr11xx_wifi.o)
 .ARM.attributes
                0x00000000000004a4       0x2c /usr/lib/gcc/arm-none-eabi/10.3.1/../../../arm-none-eabi/lib/thumb/v6-m/nofp/libc_nano.a(lib_a-impure.o)
 .ARM.attributes
                0x00000000000004d0       0x2c /usr/lib/gcc/arm-none-eabi/10.3.1/../../../arm-none-eabi/lib/thumb/v6-m/nofp/libc_nano.a(lib_a-init.o)
 .ARM.attributes
                0x00000000000004fc       0x2c /usr/lib/gcc/arm-none-eabi/10.3.1/../../../arm-none-eabi/lib/thumb/v6-m/nofp/libc_nano.a(lib_a-memcpy-stub.o)
 .ARM.attributes
                0x0000000000000528       0x2c /usr/lib/gcc/arm-none-eabi/10.3.1/../../../arm-none-eabi/lib/thumb/v6-m/nofp/libc_nano.a(lib_a-memmove.o)
 .ARM.attributes
                0x0000000000000554       0x2c /usr/lib/gcc/arm-none-eabi/10.3.1/../../../arm-none-eabi/lib/thumb/v6-m/nofp/libc_nano.a(lib_a-memset.o)
 .ARM.attributes
                0x0000000000000580       0x2c /usr/lib/gcc/arm-none-eabi/10.3.1/../../../arm-none-eabi/lib/thumb/v6-m/nofp/libc_nano.a(lib_a-strlen-stub.o)
 .ARM.attributes
                0x00000000000005ac       0x2c /usr/lib/gcc/arm-none-eabi/10.3.1/../../../arm-none-eabi/lib/thumb/v6-m/nofp/libc_nano.a(lib_a-vsprintf.o)
 .ARM.attributes
                0x00000000000005d8       0x2c /usr/lib/gcc/arm-none-eabi/10.3.1/../../../arm-none-eabi/lib/thumb/v6-m/nofp/libc_nano.a(lib_a-nano-freer.o)
 .ARM.attributes
                0x0000000000000604       0x2c /usr/lib/gcc/arm-none-eabi/10.3.1/../../../arm-none-eabi/lib/thumb/v6-m/nofp/libc_nano.a(lib_a-nano-mallocr.o)
 .ARM.attributes
                0x0000000000000630       0x2c /usr/lib/gcc/arm-none-eabi/10.3.1/../../../arm-none-eabi/lib/thumb/v6-m/nofp/libc_nano.a(lib_a-nano-svfprintf.o)
 .ARM.attributes
                0x000000000000065c       0x2c /usr/lib/gcc/arm-none-eabi/10.3.1/../../../arm-none-eabi/lib/thumb/v6-m/nofp/libc_nano.a(lib_a-nano-vfprintf_i.o)
 .ARM.attributes
                0x0000000000000688       0x2c /usr/lib/gcc/arm-none-eabi/10.3.1/../../../arm-none-eabi/lib/thumb/v6-m/nofp/libc_nano.a(lib_a-sbrkr.o)
 .ARM.attributes
                0x00000000000006b4       0x2c /usr/lib/gcc/arm-none-eabi/10.3.1/../../../arm-none-eabi/lib/thumb/v6-m/nofp/libc_nano.a(lib_a-findfp.o)
 .ARM.attributes
                0x00000000000006e0       0x2c /usr/lib/gcc/arm-none-eabi/10.3.1/../../../arm-none-eabi/lib/thumb/v6-m/nofp/libc_nano.a(lib_a-memchr-stub.o)
 .ARM.attributes
                0x000000000000070c       0x2c /usr/lib/gcc/arm-none-eabi/10.3.1/../../../arm-none-eabi/lib/thumb/v6-m/nofp/libc_nano.a(lib_a-mlock.o)
 .ARM.attributes
                0x0000000000000738       0x2c /usr/lib/gcc/arm-none-eabi/10.3.1/../../../arm-none-eabi/lib/thumb/v6-m/nofp/libc_nano.a(lib_a-nano-reallocr.o)
 .ARM.attributes
                0x0000000000000764       0x2c /usr/lib/gcc/arm-none-eabi/10.3.1/../../../arm-none-eabi/lib/thumb/v6-m/nofp/libc_nano.a(lib_a-reent.o)
 .ARM.attributes
                0x0000000000000790       0x2c /usr/lib/gcc/arm-none-eabi/10.3.1/../../../arm-none-eabi/lib/thumb/v6-m/nofp/libc_nano.a(lib_a-nano-msizer.o)
 .ARM.attributes
                0x00000000000007bc       0x2c /usr/lib/gcc/arm-none-eabi/10.3.1/../../../arm-none-eabi/lib/thumb/v6-m/nofp/libnosys.a(sbrk.o)
 .ARM.attributes
                0x00000000000007e8       0x1e /usr/lib/gcc/arm-none-eabi/10.3.1/thumb/v6-m/nofp/libgcc.a(_thumb1_case_sqi.o)
 .ARM.attributes
                0x0000000000000806       0x1e /usr/lib/gcc/arm-none-eabi/10.3.1/thumb/v6-m/nofp/libgcc.a(_thumb1_case_shi.o)
 .ARM.attributes
                0x0000000000000824       0x1e /usr/lib/gcc/arm-none-eabi/10.3.1/thumb/v6-m/nofp/libgcc.a(_udivsi3.o)
 .ARM.attributes
                0x0000000000000842       0x1e /usr/lib/gcc/arm-none-eabi/10.3.1/thumb/v6-m/nofp/libgcc.a(_divsi3.o)
 .ARM.attributes
                0x0000000000000860       0x1e /usr/lib/gcc/arm-none-eabi/10.3.1/thumb/v6-m/nofp/libgcc.a(_dvmd_tls.o)
 .ARM.attributes
                0x000000000000087e       0x1e /usr/lib/gcc/arm-none-eabi/10.3.1/thumb/v6-m/nofp/libgcc.a(_aeabi_uldivmod.o)
 .ARM.attributes
                0x000000000000089c       0x2c /usr/lib/gcc/arm-none-eabi/10.3.1/thumb/v6-m/nofp/libgcc.a(_muldi3.o)
 .ARM.attributes
                0x00000000000008c8       0x2c /usr/lib/gcc/arm-none-eabi/10.3.1/thumb/v6-m/nofp/libgcc.a(_udivmoddi4.o)
 .ARM.attributes
                0x00000000000008f4       0x1e /usr/lib/gcc/arm-none-eabi/10.3.1/thumb/v6-m/nofp/libgcc.a(_clzsi2.o)
 .ARM.attributes
                0x0000000000000912       0x1e /usr/lib/gcc/arm-none-eabi/10.3.1/thumb/v6-m/nofp/libgcc.a(_clzdi2.o)
 .ARM.attributes
                0x0000000000000930       0x2c /usr/lib/gcc/arm-none-eabi/10.3.1/thumb/v6-m/nofp/crtend.o
 .ARM.attributes
                0x000000000000095c       0x1e /usr/lib/gcc/arm-none-eabi/10.3.1/thumb/v6-m/nofp/crtn.o
OUTPUT(build_crc_spi/evk_example_EU_868_crc_spi.elf elf32-littlearm)
LOAD linker stubs
LOAD /usr/lib/gcc/arm-none-eabi/10.3.1/../../../arm-none-eabi/lib/thumb/v6-m/nofp/libc.a
LOAD /usr/lib/gcc/arm-none-eabi/10.3.1/../../../arm-none-eabi/lib/thumb/v6-m/nofp/libm.a
LOAD /usr/lib/gcc/arm-none-eabi/10.3.1/thumb/v6-m/nofp/libgcc.a

.comment        0x0000000000000000       0x33
 .comment       0x0000000000000000       0x33 /usr/lib/gcc/arm-none-eabi/10.3.1/thumb/v6-m/nofp/crtbegin.o
                                         0x34 (size before relaxing)
 .comment       0x0000000000000033       0x34 build_crc_spi/main.o
 .comment       0x0000000000000033       0x34 build_crc_spi/stm32l0xx_hal_lptim.o
 .comment       0x0000000000000033       0x34 build_crc_spi/stm32l0xx_hal_rtc.o
 .comment       0x0000000000000033       0x34 build_crc_spi/stm32l0xx_hal_rtc_ex.o
 .comment       0x0000000000000033       0x34 build_crc_spi/stm32l0xx_hal_spi.o
 .comment       0x0000000000000033       0x34 build_crc_spi/stm32l0xx_hal_uart.o
 .comment       0x0000000000000033       0x34 build_crc_spi/stm32l0xx_hal_uart_ex.o
 .comment       0x0000000000000033       0x34 build_crc_spi/stm32l0xx_hal_iwdg.o
 .comment       0x0000000000000033       0x34 build_crc_spi/stm32l0xx_hal.o
 .comment       0x0000000000000033       0x34 build_crc_spi/stm32l0xx_hal_rcc.o
 .comment       0x0000000000000033       0x34 build_crc_spi/stm32l0xx_hal_rcc_ex.o
 .comment       0x0000000000000033       0x34 build_crc_spi/stm32l0xx_hal_gpio.o
 .comment       0x0000000000000033       0x34 build_crc_spi/stm32l0xx_hal_dma.o
 .comment       0x0000000000000033       0x34 build_crc_spi/stm32l0xx_hal_pwr.o
 .comment       0x0000000000000033       0x34 build_crc_spi/stm32l0xx_hal_cortex.o
 .comment       0x0000000000000033       0x34 build_crc_spi/system_stm32l0xx.o
 .comment       0x0000000000000033       0x34 build_crc_spi/smtc_hal_gpio.o
 .comment       0x0000000000000033       0x34 build_crc_spi/smtc_hal_mcu.o
 .comment       0x0000000000000033       0x34 build_crc_spi/smtc_hal_rtc.o
 .comment       0x0000000000000033       0x34 build_crc_spi/smtc_hal_spi.o
 .comment       0x0000000000000033       0x34 build_crc_spi/smtc_hal_lp_timer.o
 .comment       0x0000000000000033       0x34 build_crc_spi/smtc_hal_trace.o
 .comment       0x0000000000000033       0x34 build_crc_spi/smtc_hal_uart.o
 .comment       0x0000000000000033       0x34 build_crc_spi/smtc_hal_watchdog.o
 .comment       0x0000000000000033       0x34 build_crc_spi/timer.o
 .comment       0x0000000000000033       0x34 build_crc_spi/lr11xx_hal.o
 .comment       0x0000000000000033       0x34 lbm/build/basic_modem.a(lr11xx_wifi.o)
 .comment       0x0000000000000033       0x34 /usr/lib/gcc/arm-none-eabi/10.3.1/../../../arm-none-eabi/lib/thumb/v6-m/nofp/libc_nano.a(lib_a-impure.o)
 .comment       0x0000000000000033       0x34 /usr/lib/gcc/arm-none-eabi/10.3.1/../../../arm-none-eabi/lib/thumb/v6-m/nofp/libc_nano.a(lib_a-init.o)
 .comment       0x0000000000000033       0x34 /usr/lib/gcc/arm-none-eabi/10.3.1/../../../arm-none-eabi/lib/thumb/v6-m/nofp/libc_nano.a(lib_a-memcpy-stub.o)
 .comment       0x0000000000000033       0x34 /usr/lib/gcc/arm-none-eabi/10.3.1/../../../arm-none-eabi/lib/thumb/v6-m/nofp/libc_nano.a(lib_a-memmove.o)
 .comment       0x0000000000000033       0x34 /usr/lib/gcc/arm-none-eabi/10.3.1/../../../arm-none-eabi/lib/thumb/v6-m/nofp/libc_nano.a(lib_a-memset.o)
 .comment       0x0000000000000033       0x34 /usr/lib/gcc/arm-none-eabi/10.3.1/../../../arm-none-eabi/lib/thumb/v6-m/nofp/libc_nano.a(lib_a-strlen-stub.o)
 .comment       0x0000000000000033       0x34 /usr/lib/gcc/arm-none-eabi/10.3.1/../../../arm-none-eabi/lib/thumb/v6-m/nofp/libc_nano.a(lib_a-vsprintf.o)
 .comment       0x0000000000000033       0x34 /usr/lib/gcc/arm-none-eabi/10.3.1/../../../arm-none-eabi/lib/thumb/v6-m/nofp/libc_nano.a(lib_a-nano-freer.o)
 .comment       0x0000000000000033       0x34 /usr/lib/gcc/arm-none-eabi/10.3.1/../../../arm-none-eabi/lib/thumb/v6-m/nofp/libc_nano.a(lib_a-nano-mallocr.o)
 .comment       0x0000000000000033       0x34 /usr/lib/gcc/arm-none-eabi/10.3.1/../../../arm-none-eabi/lib/thumb/v6-m/nofp/libc_nano.a(lib_a-nano-svfprintf.o)
 .comment       0x0000000000000033       0x34 /usr/lib/gcc/arm-none-eabi/10.3.1/../../../arm-none-eabi/lib/thumb/v6-m/nofp/libc_nano.a(lib_a-nano-vfprintf_i.o)
 .comment       0x0000000000000033       0x34 /usr/lib/gcc/arm-none-eabi/10.3.1/../../../arm-none-eabi/lib/thumb/v6-m/nofp/libc_nano.a(lib_a-sbrkr.o)
 .comment       0x0000000000000033       0x34 /usr/lib/gcc/arm-none-eabi/10.3.1/../../../arm-none-eabi/lib/thumb/v6-m/nofp/libc_nano.a(lib_a-findfp.o)
 .comment       0x0000000000000033       0x34 /usr/lib/gcc/arm-none-eabi/10.3.1/../../../arm-none-eabi/lib/thumb/v6-m/nofp/libc_nano.a(lib_a-memchr-stub.o)
 .comment       0x0000000000000033       0x34 /usr/lib/gcc/arm-none-eabi/10.3.1/../../../arm-none-eabi/lib/thumb/v6-m/nofp/libc_nano.a(lib_a-mlock.o)
 .comment       0x0000000000000033       0x34 /usr/lib/gcc/arm-none-eabi/10.3.1/../../../arm-none-eabi/lib/thumb/v6-m/nofp/libc_nano.a(lib_a-nano-reallocr.o)
 .comment       0x0000000000000033       0x34 /usr/lib/gcc/arm-none-eabi/10.3.1/../../../arm-none-eabi/lib/thumb/v6-m/nofp/libc_nano.a(lib_a-reent.o)
 .comment       0x0000000000000033       0x34 /usr/lib/gcc/arm-none-eabi/10.3.1/../../../arm-none-eabi/lib/thumb/v6-m/nofp/libc_nano.a(lib_a-nano-msizer.o)
 .comment       0x0000000000000033       0x34 /usr/lib/gcc/arm-none-eabi/10.3.1/../../../arm-none-eabi/lib/thumb/v6-m/nofp/libnosys.a(sbrk.o)
 .comment       0x0000000000000033       0x34 /usr/lib/gcc/arm-none-eabi/10.3.1/thumb/v6-m/nofp/libgcc.a(_muldi3.o)
 .comment       0x0000000000000033       0x34 /usr/lib/gcc/arm-none-eabi/10.3.1/thumb/v6-m/nofp/libgcc.a(_udivmoddi4.o)
 .comment       0x0000000000000033       0x34 /usr/lib/gcc/arm-none-eabi/10.3.1/thumb/v6-m/nofp/crtend.o

.debug_info     0x0000000000000000     0x9102
 .debug_info    0x0000000000000000      0x863 /usr/lib/gcc/arm-none-eabi/10.3.1/../../../arm-none-eabi/lib/thumb/v6-m/nofp/libc_nano.a(lib_a-impure.o)
 .debug_info    0x0000000000000863      0x11a /usr/lib/gcc/arm-none-eabi/10.3.1/../../../arm-none-eabi/lib/thumb/v6-m/nofp/libc_nano.a(lib_a-init.o)
 .debug_info    0x000000000000097d      0x15c /usr/lib/gcc/arm-none-eabi/10.3.1/../../../arm-none-eabi/lib/thumb/v6-m/nofp/libc_nano.a(lib_a-memcpy-stub.o)
 .debug_info    0x0000000000000ad9      0x152 /usr/lib/gcc/arm-none-eabi/10.3.1/../../../arm-none-eabi/lib/thumb/v6-m/nofp/libc_nano.a(lib_a-memmove.o)
 .debug_info    0x0000000000000c2b      0x13d /usr/lib/gcc/arm-none-eabi/10.3.1/../../../arm-none-eabi/lib/thumb/v6-m/nofp/libc_nano.a(lib_a-memset.o)
 .debug_info    0x0000000000000d68       0xee /usr/lib/gcc/arm-none-eabi/10.3.1/../../../arm-none-eabi/lib/thumb/v6-m/nofp/libc_nano.a(lib_a-strlen-stub.o)
 .debug_info    0x0000000000000e56      0x97c /usr/lib/gcc/arm-none-eabi/10.3.1/../../../arm-none-eabi/lib/thumb/v6-m/nofp/libc_nano.a(lib_a-vsprintf.o)
 .debug_info    0x00000000000017d2      0x928 /usr/lib/gcc/arm-none-eabi/10.3.1/../../../arm-none-eabi/lib/thumb/v6-m/nofp/libc_nano.a(lib_a-nano-freer.o)
 .debug_info    0x00000000000020fa      0xa09 /usr/lib/gcc/arm-none-eabi/10.3.1/../../../arm-none-eabi/lib/thumb/v6-m/nofp/libc_nano.a(lib_a-nano-mallocr.o)
 .debug_info    0x0000000000002b03     0x10e0 /usr/lib/gcc/arm-none-eabi/10.3.1/../../../arm-none-eabi/lib/thumb/v6-m/nofp/libc_nano.a(lib_a-nano-svfprintf.o)
 .debug_info    0x0000000000003be3      0xeb3 /usr/lib/gcc/arm-none-eabi/10.3.1/../../../arm-none-eabi/lib/thumb/v6-m/nofp/libc_nano.a(lib_a-nano-vfprintf_i.o)
 .debug_info    0x0000000000004a96      0x828 /usr/lib/gcc/arm-none-eabi/10.3.1/../../../arm-none-eabi/lib/thumb/v6-m/nofp/libc_nano.a(lib_a-sbrkr.o)
 .debug_info    0x00000000000052be      0xfb2 /usr/lib/gcc/arm-none-eabi/10.3.1/../../../arm-none-eabi/lib/thumb/v6-m/nofp/libc_nano.a(lib_a-findfp.o)
 .debug_info    0x0000000000006270      0x14e /usr/lib/gcc/arm-none-eabi/10.3.1/../../../arm-none-eabi/lib/thumb/v6-m/nofp/libc_nano.a(lib_a-memchr-stub.o)
 .debug_info    0x00000000000063be      0x7dc /usr/lib/gcc/arm-none-eabi/10.3.1/../../../arm-none-eabi/lib/thumb/v6-m/nofp/libc_nano.a(lib_a-mlock.o)
 .debug_info    0x0000000000006b9a      0x910 /usr/lib/gcc/arm-none-eabi/10.3.1/../../../arm-none-eabi/lib/thumb/v6-m/nofp/libc_nano.a(lib_a-nano-reallocr.o)
 .debug_info    0x00000000000074aa      0xa7b /usr/lib/gcc/arm-none-eabi/10.3.1/../../../arm-none-eabi/lib/thumb/v6-m/nofp/libc_nano.a(lib_a-reent.o)
 .debug_info    0x0000000000007f25      0x840 /usr/lib/gcc/arm-none-eabi/10.3.1/../../../arm-none-eabi/lib/thumb/v6-m/nofp/libc_nano.a(lib_a-nano-msizer.o)
 .debug_info    0x0000000000008765       0x9d /usr/lib/gcc/arm-none-eabi/10.3.1/../../../arm-none-eabi/lib/thumb/v6-m/nofp/libnosys.a(sbrk.o)
 .debug_info    0x0000000000008802       0x26 /usr/lib/gcc/arm-none-eabi/10.3.1/thumb/v6-m/nofp/libgcc.a(_thumb1_case_sqi.o)
 .debug_info    0x0000000000008828       0x26 /usr/lib/gcc/arm-none-eabi/10.3.1/thumb/v6-m/nofp/libgcc.a(_thumb1_case_shi.o)
 .debug_info    0x000000000000884e       0x26 /usr/lib/gcc/arm-none-eabi/10.3.1/thumb/v6-m/nofp/libgcc.a(_udivsi3.o)
 .debug_info    0x0000000000008874       0x26 /usr/lib/gcc/arm-none-eabi/10.3.1/thumb/v6-m/nofp/libgcc.a(_divsi3.o)
 .debug_info    0x000000000000889a       0x26 /usr/lib/gcc/arm-none-eabi/10.3.1/thumb/v6-m/nofp/libgcc.a(_dvmd_tls.o)
 .debug_info    0x00000000000088c0       0x26 /usr/lib/gcc/arm-none-eabi/10.3.1/thumb/v6-m/nofp/libgcc.a(_aeabi_uldivmod.o)
 .debug_info    0x00000000000088e6      0x431 /usr/lib/gcc/arm-none-eabi/10.3.1/thumb/v6-m/nofp/libgcc.a(_muldi3.o)
 .debug_info    0x0000000000008d17      0x39f /usr/lib/gcc/arm-none-eabi/10.3.1/thumb/v6-m/nofp/libgcc.a(_udivmoddi4.o)
 .debug_info    0x00000000000090b6       0x26 /usr/lib/gcc/arm-none-eabi/10.3.1/thumb/v6-m/nofp/libgcc.a(_clzsi2.o)
 .debug_info    0x00000000000090dc       0x26 /usr/lib/gcc/arm-none-eabi/10.3.1/thumb/v6-m/nofp/libgcc.a(_clzdi2.o)

.debug_abbrev   0x0000000000000000     0x228d
 .debug_abbrev  0x0000000000000000      0x151 /usr/lib/gcc/arm-none-eabi/10.3.1/../../../arm-none-eabi/lib/thumb/v6-m/nofp/libc_nano.a(lib_a-impure.o)
 .debug_abbrev  0x0000000000000151       0xcc /usr/lib/gcc/arm-none-eabi/10.3.1/../../../arm-none-eabi/lib/thumb/v6-m/nofp/libc_nano.a(lib_a-init.o)
 .debug_abbrev  0x000000000000021d       0xc7 /usr/lib/gcc/arm-none-eabi/10.3.1/../../../arm-none-eabi/lib/thumb/v6-m/nofp/libc_nano.a(lib_a-memcpy-stub.o)
 .debug_abbrev  0x00000000000002e4       0xc0 /usr/lib/gcc/arm-none-eabi/10.3.1/../../../arm-none-eabi/lib/thumb/v6-m/nofp/libc_nano.a(lib_a-memmove.o)
 .debug_abbrev  0x00000000000003a4       0xb4 /usr/lib/gcc/arm-none-eabi/10.3.1/../../../arm-none-eabi/lib/thumb/v6-m/nofp/libc_nano.a(lib_a-memset.o)
 .debug_abbrev  0x0000000000000458       0x8f /usr/lib/gcc/arm-none-eabi/10.3.1/../../../arm-none-eabi/lib/thumb/v6-m/nofp/libc_nano.a(lib_a-strlen-stub.o)
 .debug_abbrev  0x00000000000004e7      0x23f /usr/lib/gcc/arm-none-eabi/10.3.1/../../../arm-none-eabi/lib/thumb/v6-m/nofp/libc_nano.a(lib_a-vsprintf.o)
 .debug_abbrev  0x0000000000000726      0x232 /usr/lib/gcc/arm-none-eabi/10.3.1/../../../arm-none-eabi/lib/thumb/v6-m/nofp/libc_nano.a(lib_a-nano-freer.o)
 .debug_abbrev  0x0000000000000958      0x297 /usr/lib/gcc/arm-none-eabi/10.3.1/../../../arm-none-eabi/lib/thumb/v6-m/nofp/libc_nano.a(lib_a-nano-mallocr.o)
 .debug_abbrev  0x0000000000000bef      0x2ca /usr/lib/gcc/arm-none-eabi/10.3.1/../../../arm-none-eabi/lib/thumb/v6-m/nofp/libc_nano.a(lib_a-nano-svfprintf.o)
 .debug_abbrev  0x0000000000000eb9      0x292 /usr/lib/gcc/arm-none-eabi/10.3.1/../../../arm-none-eabi/lib/thumb/v6-m/nofp/libc_nano.a(lib_a-nano-vfprintf_i.o)
 .debug_abbrev  0x000000000000114b      0x1d6 /usr/lib/gcc/arm-none-eabi/10.3.1/../../../arm-none-eabi/lib/thumb/v6-m/nofp/libc_nano.a(lib_a-sbrkr.o)
 .debug_abbrev  0x0000000000001321      0x3bc /usr/lib/gcc/arm-none-eabi/10.3.1/../../../arm-none-eabi/lib/thumb/v6-m/nofp/libc_nano.a(lib_a-findfp.o)
 .debug_abbrev  0x00000000000016dd       0xd4 /usr/lib/gcc/arm-none-eabi/10.3.1/../../../arm-none-eabi/lib/thumb/v6-m/nofp/libc_nano.a(lib_a-memchr-stub.o)
 .debug_abbrev  0x00000000000017b1      0x189 /usr/lib/gcc/arm-none-eabi/10.3.1/../../../arm-none-eabi/lib/thumb/v6-m/nofp/libc_nano.a(lib_a-mlock.o)
 .debug_abbrev  0x000000000000193a      0x1d3 /usr/lib/gcc/arm-none-eabi/10.3.1/../../../arm-none-eabi/lib/thumb/v6-m/nofp/libc_nano.a(lib_a-nano-reallocr.o)
 .debug_abbrev  0x0000000000001b0d      0x257 /usr/lib/gcc/arm-none-eabi/10.3.1/../../../arm-none-eabi/lib/thumb/v6-m/nofp/libc_nano.a(lib_a-reent.o)
 .debug_abbrev  0x0000000000001d64      0x191 /usr/lib/gcc/arm-none-eabi/10.3.1/../../../arm-none-eabi/lib/thumb/v6-m/nofp/libc_nano.a(lib_a-nano-msizer.o)
 .debug_abbrev  0x0000000000001ef5       0xa2 /usr/lib/gcc/arm-none-eabi/10.3.1/../../../arm-none-eabi/lib/thumb/v6-m/nofp/libnosys.a(sbrk.o)
 .debug_abbrev  0x0000000000001f97       0x14 /usr/lib/gcc/arm-none-eabi/10.3.1/thumb/v6-m/nofp/libgcc.a(_thumb1_case_sqi.o)
 .debug_abbrev  0x0000000000001fab       0x14 /usr/lib/gcc/arm-none-eabi/10.3.1/thumb/v6-m/nofp/libgcc.a(_thumb1_case_shi.o)
 .debug_abbrev  0x0000000000001fbf       0x14 /usr/lib/gcc/arm-none-eabi/10.3.1/thumb/v6-m/nofp/libgcc.a(_udivsi3.o)
 .debug_abbrev  0x0000000000001fd3       0x14 /usr/lib/gcc/arm-none-eabi/10.3.1/thumb/v6-m/nofp/libgcc.a(_divsi3.o)
 .debug_abbrev  0x0000000000001fe7       0x14 /usr/lib/gcc/arm-none-eabi/10.3.1/thumb/v6-m/nofp/libgcc.a(_dvmd_tls.o)
 .debug_abbrev  0x0000000000001ffb       0x14 /usr/lib/gcc/arm-none-eabi/10.3.1/thumb/v6-m/nofp/libgcc.a(_aeabi_uldivmod.o)
 .debug_abbrev  0x000000000000200f      0x13b /usr/lib/gcc/arm-none-eabi/10.3.1/thumb/v6-m/nofp/libgcc.a(_muldi3.o)
 .debug_abbrev  0x000000000000214a      0x11b /usr/lib/gcc/arm-none-eabi/10.3.1/thumb/v6-m/nofp/libgcc.a(_udivmoddi4.o)
 .debug_abbrev  0x0000000000002265       0x14 /usr/lib/gcc/arm-none-eabi/10.3.1/thumb/v6-m/nofp/libgcc.a(_clzsi2.o)
 .debug_abbrev  0x0000000000002279       0x14 /usr/lib/gcc/arm-none-eabi/10.3.1/thumb/v6-m/nofp/libgcc.a(_clzdi2.o)

.debug_aranges  0x0000000000000000      0x398
 .debug_aranges
                0x0000000000000000       0x18 /usr/lib/gcc/arm-none-eabi/10.3.1/../../../arm-none-eabi/lib/thumb/v6-m/nofp/libc_nano.a(lib_a-impure.o)
 .debug_aranges
                0x0000000000000018       0x20 /usr/lib/gcc/arm-none-eabi/10.3.1/../../../arm-none-eabi/lib/thumb/v6-m/nofp/libc_nano.a(lib_a-init.o)
 .debug_aranges
                0x0000000000000038       0x20 /usr/lib/gcc/arm-none-eabi/10.3.1/../../../arm-none-eabi/lib/thumb/v6-m/nofp/libc_nano.a(lib_a-memcpy-stub.o)
 .debug_aranges
                0x0000000000000058       0x20 /usr/lib/gcc/arm-none-eabi/10.3.1/../../../arm-none-eabi/lib/thumb/v6-m/nofp/libc_nano.a(lib_a-memmove.o)
 .debug_aranges
                0x0000000000000078       0x20 /usr/lib/gcc/arm-none-eabi/10.3.1/../../../arm-none-eabi/lib/thumb/v6-m/nofp/libc_nano.a(lib_a-memset.o)
 .debug_aranges
                0x0000000000000098       0x20 /usr/lib/gcc/arm-none-eabi/10.3.1/../../../arm-none-eabi/lib/thumb/v6-m/nofp/libc_nano.a(lib_a-strlen-stub.o)
 .debug_aranges
                0x00000000000000b8       0x20 /usr/lib/gcc/arm-none-eabi/10.3.1/../../../arm-none-eabi/lib/thumb/v6-m/nofp/libc_nano.a(lib_a-vsprintf.o)
 .debug_aranges
                0x00000000000000d8       0x20 /usr/lib/gcc/arm-none-eabi/10.3.1/../../../arm-none-eabi/lib/thumb/v6-m/nofp/libc_nano.a(lib_a-nano-freer.o)
 .debug_aranges
                0x00000000000000f8       0x20 /usr/lib/gcc/arm-none-eabi/10.3.1/../../../arm-none-eabi/lib/thumb/v6-m/nofp/libc_nano.a(lib_a-nano-mallocr.o)
 .debug_aranges
                0x0000000000000118       0x20 /usr/lib/gcc/arm-none-eabi/10.3.1/../../../arm-none-eabi/lib/thumb/v6-m/nofp/libc_nano.a(lib_a-nano-svfprintf.o)
 .debug_aranges
                0x0000000000000138       0x20 /usr/lib/gcc/arm-none-eabi/10.3.1/../../../arm-none-eabi/lib/thumb/v6-m/nofp/libc_nano.a(lib_a-nano-vfprintf_i.o)
 .debug_aranges
                0x0000000000000158       0x20 /usr/lib/gcc/arm-none-eabi/10.3.1/../../../arm-none-eabi/lib/thumb/v6-m/nofp/libc_nano.a(lib_a-sbrkr.o)
 .debug_aranges
                0x0000000000000178       0x20 /usr/lib/gcc/arm-none-eabi/10.3.1/../../../arm-none-eabi/lib/thumb/v6-m/nofp/libc_nano.a(lib_a-findfp.o)
 .debug_aranges
                0x0000000000000198       0x20 /usr/lib/gcc/arm-none-eabi/10.3.1/../../../arm-none-eabi/lib/thumb/v6-m/nofp/libc_nano.a(lib_a-memchr-stub.o)
 .debug_aranges
                0x00000000000001b8       0x20 /usr/lib/gcc/arm-none-eabi/10.3.1/../../../arm-none-eabi/lib/thumb/v6-m/nofp/libc_nano.a(lib_a-mlock.o)
 .debug_aranges
                0x00000000000001d8       0x20 /usr/lib/gcc/arm-none-eabi/10.3.1/../../../arm-none-eabi/lib/thumb/v6-m/nofp/libc_nano.a(lib_a-nano-reallocr.o)
 .debug_aranges
                0x00000000000001f8       0x20 /usr/lib/gcc/arm-none-eabi/10.3.1/../../../arm-none-eabi/lib/thumb/v6-m/nofp/libc_nano.a(lib_a-reent.o)
 .debug_aranges
                0x0000000000000218       0x20 /usr/lib/gcc/arm-none-eabi/10.3.1/../../../arm-none-eabi/lib/thumb/v6-m/nofp/libc_nano.a(lib_a-nano-msizer.o)
 .debug_aranges
                0x0000000000000238       0x20 /usr/lib/gcc/arm-none-eabi/10.3.1/../../../arm-none-eabi/lib/thumb/v6-m/nofp/libnosys.a(sbrk.o)
 .debug_aranges
                0x0000000000000258       0x20 /usr/lib/gcc/arm-none-eabi/10.3.1/thumb/v6-m/nofp/libgcc.a(_thumb1_case_sqi.o)
 .debug_aranges
                0x0000000000000278       0x20 /usr/lib/gcc/arm-none-eabi/10.3.1/thumb/v6-m/nofp/libgcc.a(_thumb1_case_shi.o)
 .debug_aranges
                0x0000000000000298       0x20 /usr/lib/gcc/arm-none-eabi/10.3.1/thumb/v6-m/nofp/libgcc.a(_udivsi3.o)
 .debug_aranges
                0x00000000000002b8       0x20 /usr/lib/gcc/arm-none-eabi/10.3.1/thumb/v6-m/nofp/libgcc.a(_divsi3.o)
 .debug_aranges
                0x00000000000002d8       0x20 /usr/lib/gcc/arm-none-eabi/10.3.1/thumb/v6-m/nofp/libgcc.a(_dvmd_tls.o)
 .debug_aranges
                0x00000000000002f8       0x20 /usr/lib/gcc/arm-none-eabi/10.3.1/thumb/v6-m/nofp/libgcc.a(_aeabi_uldivmod.o)
 .debug_aranges
                0x0000000000000318       0x20 /usr/lib/gcc/arm-none-eabi/10.3.1/thumb/v6-m/nofp/libgcc.a(_muldi3.o)
 .debug_aranges
                0x0000000000000338       0x20 /usr/lib/gcc/arm-none-eabi/10.3.1/thumb/v6-m/nofp/libgcc.a(_udivmoddi4.o)
 .debug_aranges
                0x0000000000000358       0x20 /usr/lib/gcc/arm-none-eabi/10.3.1/thumb/v6-m/nofp/libgcc.a(_clzsi2.o)
 .debug_aranges
                0x0000000000000378       0x20 /usr/lib/gcc/arm-none-eabi/10.3.1/thumb/v6-m/nofp/libgcc.a(_clzdi2.o)

.debug_line     0x0000000000000000     0x376d
 .debug_line    0x0000000000000000       0xe4 /usr/lib/gcc/arm-none-eabi/10.3.1/../../../arm-none-eabi/lib/thumb/v6-m/nofp/libc_nano.a(lib_a-impure.o)
 .debug_line    0x00000000000000e4      0x127 /usr/lib/gcc/arm-none-eabi/10.3.1/../../../arm-none-eabi/lib/thumb/v6-m/nofp/libc_nano.a(lib_a-init.o)
 .debug_line    0x000000000000020b      0x1b5 /usr/lib/gcc/arm-none-eabi/10.3.1/../../../arm-none-eabi/lib/thumb/v6-m/nofp/libc_nano.a(lib_a-memcpy-stub.o)
 .debug_line    0x00000000000003c0      0x1e1 /usr/lib/gcc/arm-none-eabi/10.3.1/../../../arm-none-eabi/lib/thumb/v6-m/nofp/libc_nano.a(lib_a-memmove.o)
 .debug_line    0x00000000000005a1      0x1ce /usr/lib/gcc/arm-none-eabi/10.3.1/../../../arm-none-eabi/lib/thumb/v6-m/nofp/libc_nano.a(lib_a-memset.o)
 .debug_line    0x000000000000076f      0x172 /usr/lib/gcc/arm-none-eabi/10.3.1/../../../arm-none-eabi/lib/thumb/v6-m/nofp/libc_nano.a(lib_a-strlen-stub.o)
 .debug_line    0x00000000000008e1      0x1fa /usr/lib/gcc/arm-none-eabi/10.3.1/../../../arm-none-eabi/lib/thumb/v6-m/nofp/libc_nano.a(lib_a-vsprintf.o)
 .debug_line    0x0000000000000adb      0x2d0 /usr/lib/gcc/arm-none-eabi/10.3.1/../../../arm-none-eabi/lib/thumb/v6-m/nofp/libc_nano.a(lib_a-nano-freer.o)
 .debug_line    0x0000000000000dab      0x2ca /usr/lib/gcc/arm-none-eabi/10.3.1/../../../arm-none-eabi/lib/thumb/v6-m/nofp/libc_nano.a(lib_a-nano-mallocr.o)
 .debug_line    0x0000000000001075      0x8be /usr/lib/gcc/arm-none-eabi/10.3.1/../../../arm-none-eabi/lib/thumb/v6-m/nofp/libc_nano.a(lib_a-nano-svfprintf.o)
 .debug_line    0x0000000000001933      0x718 /usr/lib/gcc/arm-none-eabi/10.3.1/../../../arm-none-eabi/lib/thumb/v6-m/nofp/libc_nano.a(lib_a-nano-vfprintf_i.o)
 .debug_line    0x000000000000204b      0x183 /usr/lib/gcc/arm-none-eabi/10.3.1/../../../arm-none-eabi/lib/thumb/v6-m/nofp/libc_nano.a(lib_a-sbrkr.o)
 .debug_line    0x00000000000021ce      0x619 /usr/lib/gcc/arm-none-eabi/10.3.1/../../../arm-none-eabi/lib/thumb/v6-m/nofp/libc_nano.a(lib_a-findfp.o)
 .debug_line    0x00000000000027e7      0x1b1 /usr/lib/gcc/arm-none-eabi/10.3.1/../../../arm-none-eabi/lib/thumb/v6-m/nofp/libc_nano.a(lib_a-memchr-stub.o)
 .debug_line    0x0000000000002998      0x13e /usr/lib/gcc/arm-none-eabi/10.3.1/../../../arm-none-eabi/lib/thumb/v6-m/nofp/libc_nano.a(lib_a-mlock.o)
 .debug_line    0x0000000000002ad6      0x1ab /usr/lib/gcc/arm-none-eabi/10.3.1/../../../arm-none-eabi/lib/thumb/v6-m/nofp/libc_nano.a(lib_a-nano-reallocr.o)
 .debug_line    0x0000000000002c81      0x2ba /usr/lib/gcc/arm-none-eabi/10.3.1/../../../arm-none-eabi/lib/thumb/v6-m/nofp/libc_nano.a(lib_a-reent.o)
 .debug_line    0x0000000000002f3b      0x163 /usr/lib/gcc/arm-none-eabi/10.3.1/../../../arm-none-eabi/lib/thumb/v6-m/nofp/libc_nano.a(lib_a-nano-msizer.o)
 .debug_line    0x000000000000309e       0x86 /usr/lib/gcc/arm-none-eabi/10.3.1/../../../arm-none-eabi/lib/thumb/v6-m/nofp/libnosys.a(sbrk.o)
 .debug_line    0x0000000000003124       0x68 /usr/lib/gcc/arm-none-eabi/10.3.1/thumb/v6-m/nofp/libgcc.a(_thumb1_case_sqi.o)
 .debug_line    0x000000000000318c       0x69 /usr/lib/gcc/arm-none-eabi/10.3.1/thumb/v6-m/nofp/libgcc.a(_thumb1_case_shi.o)
 .debug_line    0x00000000000031f5       0x6c /usr/lib/gcc/arm-none-eabi/10.3.1/thumb/v6-m/nofp/libgcc.a(_udivsi3.o)
 .debug_line    0x0000000000003261       0x73 /usr/lib/gcc/arm-none-eabi/10.3.1/thumb/v6-m/nofp/libgcc.a(_divsi3.o)
 .debug_line    0x00000000000032d4       0x60 /usr/lib/gcc/arm-none-eabi/10.3.1/thumb/v6-m/nofp/libgcc.a(_dvmd_tls.o)
 .debug_line    0x0000000000003334       0x6b /usr/lib/gcc/arm-none-eabi/10.3.1/thumb/v6-m/nofp/libgcc.a(_aeabi_uldivmod.o)
 .debug_line    0x000000000000339f      0x12e /usr/lib/gcc/arm-none-eabi/10.3.1/thumb/v6-m/nofp/libgcc.a(_muldi3.o)
 .debug_line    0x00000000000034cd      0x1c2 /usr/lib/gcc/arm-none-eabi/10.3.1/thumb/v6-m/nofp/libgcc.a(_udivmoddi4.o)
 .debug_line    0x000000000000368f       0x74 /usr/lib/gcc/arm-none-eabi/10.3.1/thumb/v6-m/nofp/libgcc.a(_clzsi2.o)
 .debug_line    0x0000000000003703       0x6a /usr/lib/gcc/arm-none-eabi/10.3.1/thumb/v6-m/nofp/libgcc.a(_clzdi2.o)

.debug_str      0x0000000000000000     0x1838
 .debug_str     0x0000000000000000      0x4bc /usr/lib/gcc/arm-none-eabi/10.3.1/../../../arm-none-eabi/lib/thumb/v6-m/nofp/libc_nano.a(lib_a-impure.o)
                                        0x557 (size before relaxing)
 .debug_str     0x00000000000004bc       0xec /usr/lib/gcc/arm-none-eabi/10.3.1/../../../arm-none-eabi/lib/thumb/v6-m/nofp/libc_nano.a(lib_a-init.o)
                                        0x204 (size before relaxing)
 .debug_str     0x00000000000005a8       0xd2 /usr/lib/gcc/arm-none-eabi/10.3.1/../../../arm-none-eabi/lib/thumb/v6-m/nofp/libc_nano.a(lib_a-memcpy-stub.o)
                                        0x1de (size before relaxing)
 .debug_str     0x000000000000067a       0xb4 /usr/lib/gcc/arm-none-eabi/10.3.1/../../../arm-none-eabi/lib/thumb/v6-m/nofp/libc_nano.a(lib_a-memmove.o)
                                        0x1d8 (size before relaxing)
 .debug_str     0x000000000000072e       0x4f /usr/lib/gcc/arm-none-eabi/10.3.1/../../../arm-none-eabi/lib/thumb/v6-m/nofp/libc_nano.a(lib_a-memset.o)
                                        0x1b9 (size before relaxing)
 .debug_str     0x000000000000077d       0x48 /usr/lib/gcc/arm-none-eabi/10.3.1/../../../arm-none-eabi/lib/thumb/v6-m/nofp/libc_nano.a(lib_a-strlen-stub.o)
                                        0x1ca (size before relaxing)
 .debug_str     0x00000000000007c5       0xd2 /usr/lib/gcc/arm-none-eabi/10.3.1/../../../arm-none-eabi/lib/thumb/v6-m/nofp/libc_nano.a(lib_a-vsprintf.o)
                                        0x548 (size before relaxing)
 .debug_str     0x0000000000000897      0x11a /usr/lib/gcc/arm-none-eabi/10.3.1/../../../arm-none-eabi/lib/thumb/v6-m/nofp/libc_nano.a(lib_a-nano-freer.o)
                                        0x58e (size before relaxing)
 .debug_str     0x00000000000009b1       0x50 /usr/lib/gcc/arm-none-eabi/10.3.1/../../../arm-none-eabi/lib/thumb/v6-m/nofp/libc_nano.a(lib_a-nano-mallocr.o)
                                        0x5b9 (size before relaxing)
 .debug_str     0x0000000000000a01      0x27f /usr/lib/gcc/arm-none-eabi/10.3.1/../../../arm-none-eabi/lib/thumb/v6-m/nofp/libc_nano.a(lib_a-nano-svfprintf.o)
                                        0x84e (size before relaxing)
 .debug_str     0x0000000000000c80       0xa5 /usr/lib/gcc/arm-none-eabi/10.3.1/../../../arm-none-eabi/lib/thumb/v6-m/nofp/libc_nano.a(lib_a-nano-vfprintf_i.o)
                                        0x7f6 (size before relaxing)
 .debug_str     0x0000000000000d25       0x47 /usr/lib/gcc/arm-none-eabi/10.3.1/../../../arm-none-eabi/lib/thumb/v6-m/nofp/libc_nano.a(lib_a-sbrkr.o)
                                        0x50f (size before relaxing)
 .debug_str     0x0000000000000d6c      0x1df /usr/lib/gcc/arm-none-eabi/10.3.1/../../../arm-none-eabi/lib/thumb/v6-m/nofp/libc_nano.a(lib_a-findfp.o)
                                        0x730 (size before relaxing)
 .debug_str     0x0000000000000f4b       0x4b /usr/lib/gcc/arm-none-eabi/10.3.1/../../../arm-none-eabi/lib/thumb/v6-m/nofp/libc_nano.a(lib_a-memchr-stub.o)
                                        0x1d1 (size before relaxing)
 .debug_str     0x0000000000000f96       0x4c /usr/lib/gcc/arm-none-eabi/10.3.1/../../../arm-none-eabi/lib/thumb/v6-m/nofp/libc_nano.a(lib_a-mlock.o)
                                        0x525 (size before relaxing)
 .debug_str     0x0000000000000fe2       0x23 /usr/lib/gcc/arm-none-eabi/10.3.1/../../../arm-none-eabi/lib/thumb/v6-m/nofp/libc_nano.a(lib_a-nano-reallocr.o)
                                        0x578 (size before relaxing)
 .debug_str     0x0000000000001005       0x5e /usr/lib/gcc/arm-none-eabi/10.3.1/../../../arm-none-eabi/lib/thumb/v6-m/nofp/libc_nano.a(lib_a-reent.o)
                                        0x537 (size before relaxing)
 .debug_str     0x0000000000001063        0xf /usr/lib/gcc/arm-none-eabi/10.3.1/../../../arm-none-eabi/lib/thumb/v6-m/nofp/libc_nano.a(lib_a-nano-msizer.o)
                                        0x556 (size before relaxing)
 .debug_str     0x0000000000001072       0xf1 /usr/lib/gcc/arm-none-eabi/10.3.1/../../../arm-none-eabi/lib/thumb/v6-m/nofp/libnosys.a(sbrk.o)
                                        0x10a (size before relaxing)
 .debug_str     0x0000000000001163       0xa6 /usr/lib/gcc/arm-none-eabi/10.3.1/thumb/v6-m/nofp/libgcc.a(_thumb1_case_sqi.o)
 .debug_str     0x0000000000001209       0xa6 /usr/lib/gcc/arm-none-eabi/10.3.1/thumb/v6-m/nofp/libgcc.a(_thumb1_case_shi.o)
 .debug_str     0x0000000000001209       0xa6 /usr/lib/gcc/arm-none-eabi/10.3.1/thumb/v6-m/nofp/libgcc.a(_udivsi3.o)
 .debug_str     0x0000000000001209       0xa6 /usr/lib/gcc/arm-none-eabi/10.3.1/thumb/v6-m/nofp/libgcc.a(_divsi3.o)
 .debug_str     0x0000000000001209       0xa6 /usr/lib/gcc/arm-none-eabi/10.3.1/thumb/v6-m/nofp/libgcc.a(_dvmd_tls.o)
 .debug_str     0x0000000000001209       0x30 /usr/lib/gcc/arm-none-eabi/10.3.1/thumb/v6-m/nofp/libgcc.a(_aeabi_uldivmod.o)
                                         0xa6 (size before relaxing)
 .debug_str     0x0000000000001239      0x52d /usr/lib/gcc/arm-none-eabi/10.3.1/thumb/v6-m/nofp/libgcc.a(_muldi3.o)
                                        0x62c (size before relaxing)
 .debug_str     0x0000000000001766       0xd2 /usr/lib/gcc/arm-none-eabi/10.3.1/thumb/v6-m/nofp/libgcc.a(_udivmoddi4.o)
                                        0x602 (size before relaxing)
 .debug_str     0x0000000000001838       0xa6 /usr/lib/gcc/arm-none-eabi/10.3.1/thumb/v6-m/nofp/libgcc.a(_clzsi2.o)
 .debug_str     0x0000000000001838       0xa6 /usr/lib/gcc/arm-none-eabi/10.3.1/thumb/v6-m/nofp/libgcc.a(_clzdi2.o)

.debug_loc      0x0000000000000000     0x341d
 .debug_loc     0x0000000000000000       0x98 /usr/lib/gcc/arm-none-eabi/10.3.1/../../../arm-none-eabi/lib/thumb/v6-m/nofp/libc_nano.a(lib_a-init.o)
 .debug_loc     0x0000000000000098      0x457 /usr/lib/gcc/arm-none-eabi/10.3.1/../../../arm-none-eabi/lib/thumb/v6-m/nofp/libc_nano.a(lib_a-memcpy-stub.o)
 .debug_loc     0x00000000000004ef      0x508 /usr/lib/gcc/arm-none-eabi/10.3.1/../../../arm-none-eabi/lib/thumb/v6-m/nofp/libc_nano.a(lib_a-memmove.o)
 .debug_loc     0x00000000000009f7      0x2a3 /usr/lib/gcc/arm-none-eabi/10.3.1/../../../arm-none-eabi/lib/thumb/v6-m/nofp/libc_nano.a(lib_a-memset.o)
 .debug_loc     0x0000000000000c9a       0x90 /usr/lib/gcc/arm-none-eabi/10.3.1/../../../arm-none-eabi/lib/thumb/v6-m/nofp/libc_nano.a(lib_a-strlen-stub.o)
 .debug_loc     0x0000000000000d2a      0x191 /usr/lib/gcc/arm-none-eabi/10.3.1/../../../arm-none-eabi/lib/thumb/v6-m/nofp/libc_nano.a(lib_a-vsprintf.o)
 .debug_loc     0x0000000000000ebb      0x1d8 /usr/lib/gcc/arm-none-eabi/10.3.1/../../../arm-none-eabi/lib/thumb/v6-m/nofp/libc_nano.a(lib_a-nano-freer.o)
 .debug_loc     0x0000000000001093      0x2a9 /usr/lib/gcc/arm-none-eabi/10.3.1/../../../arm-none-eabi/lib/thumb/v6-m/nofp/libc_nano.a(lib_a-nano-mallocr.o)
 .debug_loc     0x000000000000133c      0xa08 /usr/lib/gcc/arm-none-eabi/10.3.1/../../../arm-none-eabi/lib/thumb/v6-m/nofp/libc_nano.a(lib_a-nano-svfprintf.o)
 .debug_loc     0x0000000000001d44      0x660 /usr/lib/gcc/arm-none-eabi/10.3.1/../../../arm-none-eabi/lib/thumb/v6-m/nofp/libc_nano.a(lib_a-nano-vfprintf_i.o)
 .debug_loc     0x00000000000023a4       0x79 /usr/lib/gcc/arm-none-eabi/10.3.1/../../../arm-none-eabi/lib/thumb/v6-m/nofp/libc_nano.a(lib_a-sbrkr.o)
 .debug_loc     0x000000000000241d      0x411 /usr/lib/gcc/arm-none-eabi/10.3.1/../../../arm-none-eabi/lib/thumb/v6-m/nofp/libc_nano.a(lib_a-findfp.o)
 .debug_loc     0x000000000000282e      0x21d /usr/lib/gcc/arm-none-eabi/10.3.1/../../../arm-none-eabi/lib/thumb/v6-m/nofp/libc_nano.a(lib_a-memchr-stub.o)
 .debug_loc     0x0000000000002a4b      0x17b /usr/lib/gcc/arm-none-eabi/10.3.1/../../../arm-none-eabi/lib/thumb/v6-m/nofp/libc_nano.a(lib_a-nano-reallocr.o)
 .debug_loc     0x0000000000002bc6      0x199 /usr/lib/gcc/arm-none-eabi/10.3.1/../../../arm-none-eabi/lib/thumb/v6-m/nofp/libc_nano.a(lib_a-reent.o)
 .debug_loc     0x0000000000002d5f       0xcc /usr/lib/gcc/arm-none-eabi/10.3.1/../../../arm-none-eabi/lib/thumb/v6-m/nofp/libc_nano.a(lib_a-nano-msizer.o)
 .debug_loc     0x0000000000002e2b       0x58 /usr/lib/gcc/arm-none-eabi/10.3.1/../../../arm-none-eabi/lib/thumb/v6-m/nofp/libnosys.a(sbrk.o)
 .debug_loc     0x0000000000002e83      0x1c7 /usr/lib/gcc/arm-none-eabi/10.3.1/thumb/v6-m/nofp/libgcc.a(_muldi3.o)
 .debug_loc     0x000000000000304a      0x3d3 /usr/lib/gcc/arm-none-eabi/10.3.1/thumb/v6-m/nofp/libgcc.a(_udivmoddi4.o)

.debug_frame    0x0000000000000000      0x5cc
 .debug_frame   0x0000000000000000       0x2c /usr/lib/gcc/arm-none-eabi/10.3.1/../../../arm-none-eabi/lib/thumb/v6-m/nofp/libc_nano.a(lib_a-init.o)
 .debug_frame   0x000000000000002c       0x34 /usr/lib/gcc/arm-none-eabi/10.3.1/../../../arm-none-eabi/lib/thumb/v6-m/nofp/libc_nano.a(lib_a-memcpy-stub.o)
 .debug_frame   0x0000000000000060       0x30 /usr/lib/gcc/arm-none-eabi/10.3.1/../../../arm-none-eabi/lib/thumb/v6-m/nofp/libc_nano.a(lib_a-memmove.o)
 .debug_frame   0x0000000000000090       0x30 /usr/lib/gcc/arm-none-eabi/10.3.1/../../../arm-none-eabi/lib/thumb/v6-m/nofp/libc_nano.a(lib_a-memset.o)
 .debug_frame   0x00000000000000c0       0x28 /usr/lib/gcc/arm-none-eabi/10.3.1/../../../arm-none-eabi/lib/thumb/v6-m/nofp/libc_nano.a(lib_a-strlen-stub.o)
 .debug_frame   0x00000000000000e8       0x44 /usr/lib/gcc/arm-none-eabi/10.3.1/../../../arm-none-eabi/lib/thumb/v6-m/nofp/libc_nano.a(lib_a-vsprintf.o)
 .debug_frame   0x000000000000012c       0x2c /usr/lib/gcc/arm-none-eabi/10.3.1/../../../arm-none-eabi/lib/thumb/v6-m/nofp/libc_nano.a(lib_a-nano-freer.o)
 .debug_frame   0x0000000000000158       0x30 /usr/lib/gcc/arm-none-eabi/10.3.1/../../../arm-none-eabi/lib/thumb/v6-m/nofp/libc_nano.a(lib_a-nano-mallocr.o)
 .debug_frame   0x0000000000000188       0x90 /usr/lib/gcc/arm-none-eabi/10.3.1/../../../arm-none-eabi/lib/thumb/v6-m/nofp/libc_nano.a(lib_a-nano-svfprintf.o)
 .debug_frame   0x0000000000000218       0x68 /usr/lib/gcc/arm-none-eabi/10.3.1/../../../arm-none-eabi/lib/thumb/v6-m/nofp/libc_nano.a(lib_a-nano-vfprintf_i.o)
 .debug_frame   0x0000000000000280       0x2c /usr/lib/gcc/arm-none-eabi/10.3.1/../../../arm-none-eabi/lib/thumb/v6-m/nofp/libc_nano.a(lib_a-sbrkr.o)
 .debug_frame   0x00000000000002ac      0x154 /usr/lib/gcc/arm-none-eabi/10.3.1/../../../arm-none-eabi/lib/thumb/v6-m/nofp/libc_nano.a(lib_a-findfp.o)
 .debug_frame   0x0000000000000400       0x2c /usr/lib/gcc/arm-none-eabi/10.3.1/../../../arm-none-eabi/lib/thumb/v6-m/nofp/libc_nano.a(lib_a-memchr-stub.o)
 .debug_frame   0x000000000000042c       0x30 /usr/lib/gcc/arm-none-eabi/10.3.1/../../../arm-none-eabi/lib/thumb/v6-m/nofp/libc_nano.a(lib_a-mlock.o)
 .debug_frame   0x000000000000045c       0x30 /usr/lib/gcc/arm-none-eabi/10.3.1/../../../arm-none-eabi/lib/thumb/v6-m/nofp/libc_nano.a(lib_a-nano-reallocr.o)
 .debug_frame   0x000000000000048c       0x50 /usr/lib/gcc/arm-none-eabi/10.3.1/../../../arm-none-eabi/lib/thumb/v6-m/nofp/libc_nano.a(lib_a-reent.o)
 .debug_frame   0x00000000000004dc       0x20 /usr/lib/gcc/arm-none-eabi/10.3.1/../../../arm-none-eabi/lib/thumb/v6-m/nofp/libc_nano.a(lib_a-nano-msizer.o)
 .debug_frame   0x00000000000004fc       0x20 /usr/lib/gcc/arm-none-eabi/10.3.1/../../../arm-none-eabi/lib/thumb/v6-m/nofp/libnosys.a(sbrk.o)
 .debug_frame   0x000000000000051c       0x20 /usr/lib/gcc/arm-none-eabi/10.3.1/thumb/v6-m/nofp/libgcc.a(_udivsi3.o)
 .debug_frame   0x000000000000053c       0x20 /usr/lib/gcc/arm-none-eabi/10.3.1/thumb/v6-m/nofp/libgcc.a(_divsi3.o)
 .debug_frame   0x000000000000055c       0x34 /usr/lib/gcc/arm-none-eabi/10.3.1/thumb/v6-m/nofp/libgcc.a(_muldi3.o)
 .debug_frame   0x0000000000000590       0x3c /usr/lib/gcc/arm-none-eabi/10.3.1/thumb/v6-m/nofp/libgcc.a(_udivmoddi4.o)

.debug_ranges   0x0000000000000000      0x230
 .debug_ranges  0x0000000000000000       0x18 /usr/lib/gcc/arm-none-eabi/10.3.1/../../../arm-none-eabi/lib/thumb/v6-m/nofp/libc_nano.a(lib_a-nano-freer.o)
 .debug_ranges  0x0000000000000018       0x40 /usr/lib/gcc/arm-none-eabi/10.3.1/../../../arm-none-eabi/lib/thumb/v6-m/nofp/libc_nano.a(lib_a-nano-mallocr.o)
 .debug_ranges  0x0000000000000058       0x50 /usr/lib/gcc/arm-none-eabi/10.3.1/../../../arm-none-eabi/lib/thumb/v6-m/nofp/libc_nano.a(lib_a-nano-svfprintf.o)
 .debug_ranges  0x00000000000000a8       0x88 /usr/lib/gcc/arm-none-eabi/10.3.1/../../../arm-none-eabi/lib/thumb/v6-m/nofp/libc_nano.a(lib_a-nano-vfprintf_i.o)
 .debug_ranges  0x0000000000000130       0xd0 /usr/lib/gcc/arm-none-eabi/10.3.1/../../../arm-none-eabi/lib/thumb/v6-m/nofp/libc_nano.a(lib_a-findfp.o)
 .debug_ranges  0x0000000000000200       0x30 /usr/lib/gcc/arm-none-eabi/10.3.1/thumb/v6-m/nofp/libgcc.a(_muldi3.o)

.stabstr        0x0000000000000000      0x1b9
 .stabstr       0x0000000000000000      0x1b9 /usr/lib/gcc/arm-none-eabi/10.3.1/../../../arm-none-eabi/lib/thumb/v6-m/nofp/libnosys.a(close.o)

Cross Reference Table

Symbol                                            File
ADC1_COMP_IRQHandler                              build_crc_spi/startup_stm32l071xx.o
AES_CMAC_Final                                    lbm/build/basic_modem.a(cmac.o)
                                                  lbm/build/basic_modem.a(soft_se.o)
AES_CMAC_Init                                     lbm/build/basic_modem.a(cmac.o)
                                                  lbm/build/basic_modem.a(soft_se.o)
AES_CMAC_SetKey                                   lbm/build/basic_modem.a(cmac.o)
                                                  lbm/build/basic_modem.a(soft_se.o)
AES_CMAC_Update                                   lbm/build/basic_modem.a(cmac.o)
                                                  lbm/build/basic_modem.a(soft_se.o)
AHBPrescTable                                     build_crc_spi/system_stm32l0xx.o
                                                  build_crc_spi/stm32l0xx_hal_rcc.o
APBPrescTable                                     build_crc_spi/system_stm32l0xx.o
                                                  build_crc_spi/stm32l0xx_hal_rcc.o
DMA1_Channel1_IRQHandler                          build_crc_spi/startup_stm32l071xx.o
DMA1_Channel2_3_IRQHandler                        build_crc_spi/startup_stm32l071xx.o
DMA1_Channel4_5_6_7_IRQHandler                    build_crc_spi/smtc_hal_uart.o
Default_Handler                                   build_crc_spi/startup_stm32l071xx.o
EXTI0_1_IRQHandler                                build_crc_spi/smtc_hal_gpio.o
EXTI2_3_IRQHandler                                build_crc_spi/smtc_hal_gpio.o
EXTI4_15_IRQHandler                               build_crc_spi/smtc_hal_gpio.o
FLASH_IRQHandler                                  build_crc_spi/startup_stm32l071xx.o
FLASH_PageErase                                   build_crc_spi/stm32l0xx_hal_flash_ex.o
                                                  build_crc_spi/stm32l0xx_hal_flash.o
FLASH_WaitForLastOperation                        build_crc_spi/stm32l0xx_hal_flash.o
                                                  build_crc_spi/stm32l0xx_hal_flash_ex.o
HAL_ADCEx_Calibration_GetValue                    build_crc_spi/stm32l0xx_hal_adc_ex.o
HAL_ADCEx_Calibration_SetValue                    build_crc_spi/stm32l0xx_hal_adc_ex.o
HAL_ADCEx_Calibration_Start                       build_crc_spi/stm32l0xx_hal_adc_ex.o
                                                  build_crc_spi/smtc_hal_adc.o
HAL_ADCEx_DisableVREFINT                          build_crc_spi/stm32l0xx_hal_adc_ex.o
HAL_ADCEx_DisableVREFINTTempSensor                build_crc_spi/stm32l0xx_hal_adc_ex.o
HAL_ADCEx_EnableVREFINT                           build_crc_spi/stm32l0xx_hal_adc_ex.o
HAL_ADCEx_EnableVREFINTTempSensor                 build_crc_spi/stm32l0xx_hal_adc_ex.o
HAL_ADC_AnalogWDGConfig                           build_crc_spi/stm32l0xx_hal_adc.o
HAL_ADC_ConfigChannel                             build_crc_spi/stm32l0xx_hal_adc.o
                                                  build_crc_spi/smtc_hal_adc.o
HAL_ADC_ConvCpltCallback                          build_crc_spi/stm32l0xx_hal_adc.o
HAL_ADC_ConvHalfCpltCallback                      build_crc_spi/stm32l0xx_hal_adc.o
HAL_ADC_DeInit                                    build_crc_spi/stm32l0xx_hal_adc.o
                                                  build_crc_spi/smtc_hal_adc.o
HAL_ADC_ErrorCallback                             build_crc_spi/stm32l0xx_hal_adc.o
HAL_ADC_GetError                                  build_crc_spi/stm32l0xx_hal_adc.o
HAL_ADC_GetState                                  build_crc_spi/stm32l0xx_hal_adc.o
                                                  build_crc_spi/smtc_hal_adc.o
HAL_ADC_GetValue                                  build_crc_spi/stm32l0xx_hal_adc.o
                                                  build_crc_spi/smtc_hal_adc.o
HAL_ADC_IRQHandler                                build_crc_spi/stm32l0xx_hal_adc.o
HAL_ADC_Init                                      build_crc_spi/stm32l0xx_hal_adc.o
                                                  build_crc_spi/smtc_hal_adc.o
HAL_ADC_LevelOutOfWindowCallback                  build_crc_spi/stm32l0xx_hal_adc.o
HAL_ADC_MspDeInit                                 build_crc_spi/smtc_hal_adc.o
                                                  build_crc_spi/stm32l0xx_hal_adc.o
HAL_ADC_MspInit                                   build_crc_spi/smtc_hal_adc.o
                                                  build_crc_spi/stm32l0xx_hal_adc.o
HAL_ADC_PollForConversion                         build_crc_spi/stm32l0xx_hal_adc.o
                                                  build_crc_spi/smtc_hal_adc.o
HAL_ADC_PollForEvent                              build_crc_spi/stm32l0xx_hal_adc.o
HAL_ADC_Start                                     build_crc_spi/stm32l0xx_hal_adc.o
                                                  build_crc_spi/smtc_hal_adc.o
HAL_ADC_Start_DMA                                 build_crc_spi/stm32l0xx_hal_adc.o
HAL_ADC_Start_IT                                  build_crc_spi/stm32l0xx_hal_adc.o
HAL_ADC_Stop                                      build_crc_spi/stm32l0xx_hal_adc.o
                                                  build_crc_spi/smtc_hal_adc.o
HAL_ADC_Stop_DMA                                  build_crc_spi/stm32l0xx_hal_adc.o
HAL_ADC_Stop_IT                                   build_crc_spi/stm32l0xx_hal_adc.o
HAL_DBGMCU_DBG_DisableLowPowerConfig              build_crc_spi/stm32l0xx_hal.o
HAL_DBGMCU_DBG_EnableLowPowerConfig               build_crc_spi/stm32l0xx_hal.o
HAL_DBGMCU_DisableDBGSleepMode                    build_crc_spi/stm32l0xx_hal.o
HAL_DBGMCU_DisableDBGStandbyMode                  build_crc_spi/stm32l0xx_hal.o
HAL_DBGMCU_DisableDBGStopMode                     build_crc_spi/stm32l0xx_hal.o
HAL_DBGMCU_EnableDBGSleepMode                     build_crc_spi/stm32l0xx_hal.o
HAL_DBGMCU_EnableDBGStandbyMode                   build_crc_spi/stm32l0xx_hal.o
HAL_DBGMCU_EnableDBGStopMode                      build_crc_spi/stm32l0xx_hal.o
HAL_DMA_Abort                                     build_crc_spi/stm32l0xx_hal_dma.o
                                                  build_crc_spi/stm32l0xx_hal_adc.o