ARM GAS  /tmp/ccDYk89O.s 			page 1


   1              		.cpu cortex-m0
   2              		.eabi_attribute 23, 1
   3              		.eabi_attribute 24, 1
   4              		.eabi_attribute 25, 1
   5              		.eabi_attribute 26, 1
   6              		.eabi_attribute 30, 4
   7              		.eabi_attribute 34, 0
   8              		.eabi_attribute 18, 4
   9              		.file	"smtc_hal_eeprom.c"
  10              		.text
  11              		.section	.text.hal_eeprom_write_buffer,"ax",%progbits
  12              		.align	1
  13              		.global	hal_eeprom_write_buffer
  14              		.arch armv6s-m
  15              		.syntax unified
  16              		.code	16
  17              		.thumb_func
  18              		.fpu softvfp
  20              	hal_eeprom_write_buffer:
  21              		@ args = 0, pretend = 0, frame = 0
  22              		@ frame_needed = 0, uses_anonymous_args = 0
  23 0000 F8B5     		push	{r3, r4, r5, r6, r7, lr}
  24 0002 0600     		movs	r6, r0
  25 0004 0F00     		movs	r7, r1
  26 0006 1500     		movs	r5, r2
  27 0008 0024     		movs	r4, #0
  28 000a FFF7FEFF 		bl	HAL_FLASHEx_DATAEEPROM_Unlock
  29              	.L2:
  30 000e AC42     		cmp	r4, r5
  31 0010 03D1     		bne	.L3
  32              		@ sp needed
  33 0012 FFF7FEFF 		bl	HAL_FLASHEx_DATAEEPROM_Lock
  34 0016 2000     		movs	r0, r4
  35 0018 F8BD     		pop	{r3, r4, r5, r6, r7, pc}
  36              	.L3:
  37 001a 0349     		ldr	r1, .L4
  38 001c 3A5D     		ldrb	r2, [r7, r4]
  39 001e A319     		adds	r3, r4, r6
  40 0020 5B18     		adds	r3, r3, r1
  41 0022 1A70     		strb	r2, [r3]
  42 0024 0134     		adds	r4, r4, #1
  43 0026 F2E7     		b	.L2
  44              	.L5:
  45              		.align	2
  46              	.L4:
  47 0028 00000808 		.word	134742016
  49              		.section	.text.hal_eeprom_read_buffer,"ax",%progbits
  50              		.align	1
  51              		.global	hal_eeprom_read_buffer
  52              		.syntax unified
  53              		.code	16
  54              		.thumb_func
  55              		.fpu softvfp
  57              	hal_eeprom_read_buffer:
  58              		@ args = 0, pretend = 0, frame = 0
  59              		@ frame_needed = 0, uses_anonymous_args = 0
  60 0000 0B00     		movs	r3, r1
ARM GAS  /tmp/ccDYk89O.s 			page 2


  61 0002 10B5     		push	{r4, lr}
  62 0004 0249     		ldr	r1, .L7
  63              		@ sp needed
  64 0006 4118     		adds	r1, r0, r1
  65 0008 1800     		movs	r0, r3
  66 000a FFF7FEFF 		bl	memcpy
  67 000e 10BD     		pop	{r4, pc}
  68              	.L8:
  69              		.align	2
  70              	.L7:
  71 0010 00000808 		.word	134742016
  73              		.ident	"GCC: (15:10.3-2021.07-4) 10.3.1 20210621 (release)"
ARM GAS  /tmp/ccDYk89O.s 			page 3


DEFINED SYMBOLS
                            *ABS*:0000000000000000 smtc_hal_eeprom.c
     /tmp/ccDYk89O.s:12     .text.hal_eeprom_write_buffer:0000000000000000 $t
     /tmp/ccDYk89O.s:20     .text.hal_eeprom_write_buffer:0000000000000000 hal_eeprom_write_buffer
     /tmp/ccDYk89O.s:47     .text.hal_eeprom_write_buffer:0000000000000028 $d
     /tmp/ccDYk89O.s:50     .text.hal_eeprom_read_buffer:0000000000000000 $t
     /tmp/ccDYk89O.s:57     .text.hal_eeprom_read_buffer:0000000000000000 hal_eeprom_read_buffer
     /tmp/ccDYk89O.s:71     .text.hal_eeprom_read_buffer:0000000000000010 $d

UNDEFINED SYMBOLS
HAL_FLASHEx_DATAEEPROM_Unlock
HAL_FLASHEx_DATAEEPROM_Lock
memcpy
