bsp_l0/smtc_hal/smtc_hal_mcu.c:172:44:hal_mcu_wait_us	24	static
bsp_l0/smtc_hal/smtc_hal_mcu.c:131:6:hal_mcu_critical_section_begin	0	static
bsp_l0/smtc_hal/smtc_hal_mcu.c:136:6:hal_mcu_critical_section_end	0	static
bsp_l0/smtc_hal/smtc_hal_mcu.c:140:6:hal_mcu_disable_irq	0	static
bsp_l0/smtc_hal/smtc_hal_mcu.c:144:6:hal_mcu_enable_irq	0	static
bsp_l0/smtc_hal/smtc_hal_mcu.c:167:6:hal_mcu_reset	0	static
bsp_l0/smtc_hal/smtc_hal_mcu.c:148:6:hal_mcu_init	128	static
bsp_l0/smtc_hal/smtc_hal_mcu.c:181:6:hal_mcu_set_sleep_for_ms	104	static
bsp_l0/smtc_hal/smtc_hal_mcu.c:245:6:hal_mcu_disable_low_power_wait	0	static
bsp_l0/smtc_hal/smtc_hal_mcu.c:250:6:hal_mcu_enable_low_power_wait	0	static
bsp_l0/smtc_hal/smtc_hal_mcu.c:255:6:hal_mcu_disable_once_low_power_wait	0	static
bsp_l0/smtc_hal/smtc_hal_mcu.c:283:6:SysTick_Handler	8	static
bsp_l0/smtc_hal/smtc_hal_mcu.c:288:6:HAL_MspInit	8	static
bsp_l0/smtc_hal/smtc_hal_mcu.c:549:6:hal_mcu_delay_ms	8	static
bsp_l0/smtc_hal/smtc_hal_mcu.c:556:6:HardFault_Handler	16	static
