smtc_modem_core/modem_supervisor/modem_supervisor.c:1271:13:certification_event_handler	576	static
smtc_modem_core/modem_supervisor/modem_supervisor.c:287:6:modem_supervisor_init_task	0	static
smtc_modem_core/modem_supervisor/modem_supervisor.c:221:6:modem_supervisor_init	32	static
smtc_modem_core/modem_supervisor/modem_supervisor.c:297:16:modem_supervisor_get_task_priority	0	static
smtc_modem_core/modem_supervisor/modem_supervisor.c:309:15:modem_supervisor_remove_task	8	static
smtc_modem_core/modem_supervisor/modem_supervisor.c:320:15:modem_supervisor_add_task	16	static
smtc_modem_core/modem_supervisor/modem_supervisor.c:342:6:modem_supervisor_launch_task	304	static
smtc_modem_core/modem_supervisor/modem_supervisor.c:725:6:modem_supervisor_update_task	24	static
smtc_modem_core/modem_supervisor/modem_supervisor.c:945:10:modem_supervisor_scheduler	48	static
smtc_modem_core/modem_supervisor/modem_supervisor.c:1010:10:modem_supervisor_engine	24	static
smtc_modem_core/modem_supervisor/modem_supervisor.c:1155:9:modem_supervisor_update_downlink_frame	288	static
