Archive member included to satisfy reference by file (symbol)

/usr/lib/gcc/arm-none-eabi/10.3.1/../../../arm-none-eabi/lib/thumb/v7e-m+fp/hard/libc_nano.a(lib_a-atexit.o)
                              /usr/lib/gcc/arm-none-eabi/10.3.1/../../../arm-none-eabi/lib/thumb/v7e-m+fp/hard/crt0.o (atexit)
/usr/lib/gcc/arm-none-eabi/10.3.1/../../../arm-none-eabi/lib/thumb/v7e-m+fp/hard/libc_nano.a(lib_a-exit.o)
                              /usr/lib/gcc/arm-none-eabi/10.3.1/../../../arm-none-eabi/lib/thumb/v7e-m+fp/hard/crt0.o (exit)
/usr/lib/gcc/arm-none-eabi/10.3.1/../../../arm-none-eabi/lib/thumb/v7e-m+fp/hard/libc_nano.a(lib_a-fini.o)
                              /usr/lib/gcc/arm-none-eabi/10.3.1/../../../arm-none-eabi/lib/thumb/v7e-m+fp/hard/crt0.o (__libc_fini_array)
/usr/lib/gcc/arm-none-eabi/10.3.1/../../../arm-none-eabi/lib/thumb/v7e-m+fp/hard/libc_nano.a(lib_a-impure.o)
                              /usr/lib/gcc/arm-none-eabi/10.3.1/../../../arm-none-eabi/lib/thumb/v7e-m+fp/hard/libc_nano.a(lib_a-exit.o) (_global_impure_ptr)
/usr/lib/gcc/arm-none-eabi/10.3.1/../../../arm-none-eabi/lib/thumb/v7e-m+fp/hard/libc_nano.a(lib_a-init.o)
                              /usr/lib/gcc/arm-none-eabi/10.3.1/../../../arm-none-eabi/lib/thumb/v7e-m+fp/hard/crt0.o (__libc_init_array)
/usr/lib/gcc/arm-none-eabi/10.3.1/../../../arm-none-eabi/lib/thumb/v7e-m+fp/hard/libc_nano.a(lib_a-malloc.o)
                              build/main.o (malloc)
/usr/lib/gcc/arm-none-eabi/10.3.1/../../../arm-none-eabi/lib/thumb/v7e-m+fp/hard/libc_nano.a(lib_a-memset.o)
                              /usr/lib/gcc/arm-none-eabi/10.3.1/../../../arm-none-eabi/lib/thumb/v7e-m+fp/hard/crt0.o (memset)
/usr/lib/gcc/arm-none-eabi/10.3.1/../../../arm-none-eabi/lib/thumb/v7e-m+fp/hard/libc_nano.a(lib_a-nano-freer.o)
                              /usr/lib/gcc/arm-none-eabi/10.3.1/../../../arm-none-eabi/lib/thumb/v7e-m+fp/hard/libc_nano.a(lib_a-malloc.o) (_free_r)
/usr/lib/gcc/arm-none-eabi/10.3.1/../../../arm-none-eabi/lib/thumb/v7e-m+fp/hard/libc_nano.a(lib_a-nano-mallocr.o)
                              /usr/lib/gcc/arm-none-eabi/10.3.1/../../../arm-none-eabi/lib/thumb/v7e-m+fp/hard/libc_nano.a(lib_a-malloc.o) (_malloc_r)
/usr/lib/gcc/arm-none-eabi/10.3.1/../../../arm-none-eabi/lib/thumb/v7e-m+fp/hard/libc_nano.a(lib_a-sbrkr.o)
                              /usr/lib/gcc/arm-none-eabi/10.3.1/../../../arm-none-eabi/lib/thumb/v7e-m+fp/hard/libc_nano.a(lib_a-nano-mallocr.o) (_sbrk_r)
/usr/lib/gcc/arm-none-eabi/10.3.1/../../../arm-none-eabi/lib/thumb/v7e-m+fp/hard/libc_nano.a(lib_a-strlen.o)
                              build/main.o (strlen)
/usr/lib/gcc/arm-none-eabi/10.3.1/../../../arm-none-eabi/lib/thumb/v7e-m+fp/hard/libc_nano.a(lib_a-vsprintf.o)
                              build/main.o (vsprintf)
/usr/lib/gcc/arm-none-eabi/10.3.1/../../../arm-none-eabi/lib/thumb/v7e-m+fp/hard/libc_nano.a(lib_a-__atexit.o)
                              /usr/lib/gcc/arm-none-eabi/10.3.1/../../../arm-none-eabi/lib/thumb/v7e-m+fp/hard/libc_nano.a(lib_a-atexit.o) (__register_exitproc)
/usr/lib/gcc/arm-none-eabi/10.3.1/../../../arm-none-eabi/lib/thumb/v7e-m+fp/hard/libc_nano.a(lib_a-__call_atexit.o)
                              /usr/lib/gcc/arm-none-eabi/10.3.1/../../../arm-none-eabi/lib/thumb/v7e-m+fp/hard/libc_nano.a(lib_a-__atexit.o) (__call_exitprocs)
/usr/lib/gcc/arm-none-eabi/10.3.1/../../../arm-none-eabi/lib/thumb/v7e-m+fp/hard/libc_nano.a(lib_a-mlock.o)
                              /usr/lib/gcc/arm-none-eabi/10.3.1/../../../arm-none-eabi/lib/thumb/v7e-m+fp/hard/libc_nano.a(lib_a-nano-freer.o) (__malloc_lock)
/usr/lib/gcc/arm-none-eabi/10.3.1/../../../arm-none-eabi/lib/thumb/v7e-m+fp/hard/libc_nano.a(lib_a-nano-svfprintf.o)
                              /usr/lib/gcc/arm-none-eabi/10.3.1/../../../arm-none-eabi/lib/thumb/v7e-m+fp/hard/libc_nano.a(lib_a-vsprintf.o) (_svfprintf_r)
/usr/lib/gcc/arm-none-eabi/10.3.1/../../../arm-none-eabi/lib/thumb/v7e-m+fp/hard/libc_nano.a(lib_a-nano-vfprintf_i.o)
                              /usr/lib/gcc/arm-none-eabi/10.3.1/../../../arm-none-eabi/lib/thumb/v7e-m+fp/hard/libc_nano.a(lib_a-nano-svfprintf.o) (_printf_i)
/usr/lib/gcc/arm-none-eabi/10.3.1/../../../arm-none-eabi/lib/thumb/v7e-m+fp/hard/libc_nano.a(lib_a-reent.o)
                              /usr/lib/gcc/arm-none-eabi/10.3.1/../../../arm-none-eabi/lib/thumb/v7e-m+fp/hard/libc_nano.a(lib_a-sbrkr.o) (errno)
/usr/lib/gcc/arm-none-eabi/10.3.1/../../../arm-none-eabi/lib/thumb/v7e-m+fp/hard/libc_nano.a(lib_a-memchr.o)
                              /usr/lib/gcc/arm-none-eabi/10.3.1/../../../arm-none-eabi/lib/thumb/v7e-m+fp/hard/libc_nano.a(lib_a-nano-svfprintf.o) (memchr)
/usr/lib/gcc/arm-none-eabi/10.3.1/../../../arm-none-eabi/lib/thumb/v7e-m+fp/hard/libc_nano.a(lib_a-memcpy.o)
                              /usr/lib/gcc/arm-none-eabi/10.3.1/../../../arm-none-eabi/lib/thumb/v7e-m+fp/hard/libc_nano.a(lib_a-nano-svfprintf.o) (memcpy)
[...]
Memory Configuration

Name             Origin             Length             Attributes
RAM              0x0000000020000000 0x0000000000018000 xrw
RAM2             0x0000000010000000 0x0000000000008000 xrw
FLASH            0x0000000008000000 0x0000000000100000 xr
*default*        0x0000000000000000 0xffffffffffffffff

Linker script and memory map

LOAD /usr/lib/gcc/arm-none-eabi/10.3.1/thumb/v7e-m+fp/hard/crti.o
LOAD /usr/lib/gcc/arm-none-eabi/10.3.1/thumb/v7e-m+fp/hard/crtbegin.o
LOAD /usr/lib/gcc/arm-none-eabi/10.3.1/../../../arm-none-eabi/lib/thumb/v7e-m+fp/hard/crt0.o
LOAD build/stm32l4xx_hal.o
LOAD build/stm32l4xx_hal_cortex.o
LOAD build/stm32l4xx_hal_dma.o
LOAD build/stm32l4xx_hal_dma_ex.o
LOAD build/stm32l4xx_hal_exti.o
LOAD build/stm32l4xx_hal_flash.o
LOAD build/stm32l4xx_hal_flash_ex.o
LOAD build/stm32l4xx_hal_flash_ramfunc.o
LOAD build/stm32l4xx_hal_gpio.o
LOAD build/stm32l4xx_hal_i2c.o
LOAD build/stm32l4xx_hal_i2c_ex.o
LOAD build/stm32l4xx_hal_pwr.o
LOAD build/stm32l4xx_hal_pwr_ex.o
LOAD build/stm32l4xx_hal_rcc.o
LOAD build/stm32l4xx_hal_rcc_ex.o
LOAD build/stm32l4xx_hal_rtc.o
LOAD build/stm32l4xx_hal_rtc_ex.o
LOAD build/stm32l4xx_hal_spi.o
LOAD build/stm32l4xx_hal_spi_ex.o
LOAD build/stm32l4xx_hal_tim.o
LOAD build/stm32l4xx_hal_tim_ex.o
LOAD build/stm32l4xx_hal_uart.o
LOAD build/stm32l4xx_hal_uart_ex.o
LOAD build/main.o
LOAD build/rtc.o
LOAD build/spi.o
LOAD build/stm32l4xx_it.o
LOAD build/stm32l4xx_hal_msp.o
LOAD build/system_stm32l4xx.o
LOAD build/startup_stm32l476xx.o
LOAD /usr/lib/gcc/arm-none-eabi/10.3.1/../../../arm-none-eabi/lib/thumb/v7e-m+fp/hard/libc_nano.a
LOAD /usr/lib/gcc/arm-none-eabi/10.3.1/../../../arm-none-eabi/lib/thumb/v7e-m+fp/hard/libm.a
LOAD /usr/lib/gcc/arm-none-eabi/10.3.1/../../../arm-none-eabi/lib/thumb/v7e-m+fp/hard/libnosys.a
START GROUP
LOAD /usr/lib/gcc/arm-none-eabi/10.3.1/thumb/v7e-m+fp/hard/libgcc.a
LOAD /usr/lib/gcc/arm-none-eabi/10.3.1/../../../arm-none-eabi/lib/thumb/v7e-m+fp/hard/libc_nano.a
END GROUP
START GROUP
LOAD /usr/lib/gcc/arm-none-eabi/10.3.1/thumb/v7e-m+fp/hard/libgcc.a
LOAD /usr/lib/gcc/arm-none-eabi/10.3.1/../../../arm-none-eabi/lib/thumb/v7e-m+fp/hard/libc_nano.a
END GROUP
LOAD /usr/lib/gcc/arm-none-eabi/10.3.1/thumb/v7e-m+fp/hard/crtend.o
LOAD /usr/lib/gcc/arm-none-eabi/10.3.1/thumb/v7e-m+fp/hard/crtn.o
                0x0000000020018000                _estack = (ORIGIN (RAM) + LENGTH (RAM))
                0x0000000000000200                _Min_Heap_Size = 0x200
                0x0000000000000400                _Min_Stack_Size = 0x400

.isr_vector     0x0000000008000000      0x188
                0x0000000008000000                . = ALIGN (0x8)
 *(.isr_vector)
 .isr_vector    0x0000000008000000      0x188 build/startup_stm32l476xx.o
                0x0000000008000000                g_pfnVectors
                0x0000000008000188                . = ALIGN (0x8)

.text           0x00000000080001c0     0x4a70
                0x00000000080001c0                . = ALIGN (0x8)
 *(.text)
 .text          0x00000000080001c0       0x88 /usr/lib/gcc/arm-none-eabi/10.3.1/thumb/v7e-m+fp/hard/crtbegin.o
 .text          0x0000000008000248       0x48 /usr/lib/gcc/arm-none-eabi/10.3.1/../../../arm-none-eabi/lib/thumb/v7e-m+fp/hard/libc_nano.a(lib_a-init.o)
                0x0000000008000248                __libc_init_array
 .text          0x0000000008000290       0x20 /usr/lib/gcc/arm-none-eabi/10.3.1/../../../arm-none-eabi/lib/thumb/v7e-m+fp/hard/libc_nano.a(lib_a-malloc.o)
                0x0000000008000290                malloc
                0x00000000080002a0                free
 .text          0x00000000080002b0       0xa4 /usr/lib/gcc/arm-none-eabi/10.3.1/../../../arm-none-eabi/lib/thumb/v7e-m+fp/hard/libc_nano.a(lib_a-memset.o)
                0x00000000080002b0                memset
 .text          0x0000000008000354       0xc4 /usr/lib/gcc/arm-none-eabi/10.3.1/../../../arm-none-eabi/lib/thumb/v7e-m+fp/hard/libc_nano.a(lib_a-nano-freer.o)
                0x0000000008000354                _free_r
 .text          0x0000000008000418       0xb4 /usr/lib/gcc/arm-none-eabi/10.3.1/../../../arm-none-eabi/lib/thumb/v7e-m+fp/hard/libc_nano.a(lib_a-nano-mallocr.o)
                0x0000000008000418                _malloc_r
 .text          0x00000000080004cc       0x24 /usr/lib/gcc/arm-none-eabi/10.3.1/../../../arm-none-eabi/lib/thumb/v7e-m+fp/hard/libc_nano.a(lib_a-sbrkr.o)
                0x00000000080004cc                _sbrk_r
 *fill*         0x00000000080004f0       0x10 
 .text          0x0000000008000500       0xdc /usr/lib/gcc/arm-none-eabi/10.3.1/../../../arm-none-eabi/lib/thumb/v7e-m+fp/hard/libc_nano.a(lib_a-strlen.o)
                0x0000000008000500                strlen
 .text          0x00000000080005dc       0x60 /usr/lib/gcc/arm-none-eabi/10.3.1/../../../arm-none-eabi/lib/thumb/v7e-m+fp/hard/libc_nano.a(lib_a-vsprintf.o)
                0x00000000080005dc                vsprintf
                0x00000000080005dc                vsiprintf
                0x0000000008000614                _vsiprintf_r
                0x0000000008000614                _vsprintf_r
 .text          0x000000000800063c        0x8 /usr/lib/gcc/arm-none-eabi/10.3.1/../../../arm-none-eabi/lib/thumb/v7e-m+fp/hard/libc_nano.a(lib_a-mlock.o)
                0x000000000800063c                __malloc_lock
                0x0000000008000640                __malloc_unlock
 .text          0x0000000008000644      0x3f0 /usr/lib/gcc/arm-none-eabi/10.3.1/../../../arm-none-eabi/lib/thumb/v7e-m+fp/hard/libc_nano.a(lib_a-nano-svfprintf.o)
                0x0000000008000644                __ssputs_r
                0x0000000008000708                __ssprint_r
                0x0000000008000800                _svfprintf_r
                0x0000000008000800                _svfiprintf_r
 .text          0x0000000008000a34      0x3dc /usr/lib/gcc/arm-none-eabi/10.3.1/../../../arm-none-eabi/lib/thumb/v7e-m+fp/hard/libc_nano.a(lib_a-nano-vfprintf_i.o)
                0x0000000008000a34                _printf_common
                0x0000000008000b60                _printf_i
 .text          0x0000000008000e10       0xa0 /usr/lib/gcc/arm-none-eabi/10.3.1/../../../arm-none-eabi/lib/thumb/v7e-m+fp/hard/libc_nano.a(lib_a-memchr.o)
                0x0000000008000e10                memchr
 .text          0x0000000008000eb0      0x134 /usr/lib/gcc/arm-none-eabi/10.3.1/../../../arm-none-eabi/lib/thumb/v7e-m+fp/hard/libc_nano.a(lib_a-memcpy.o)
                0x0000000008000eb0                memcpy
 .text          0x0000000008000fe4       0xf8 /usr/lib/gcc/arm-none-eabi/10.3.1/../../../arm-none-eabi/lib/thumb/v7e-m+fp/hard/libc_nano.a(lib_a-memmove.o)
                0x0000000008000fe4                memmove
 .text          0x00000000080010dc       0x50 /usr/lib/gcc/arm-none-eabi/10.3.1/../../../arm-none-eabi/lib/thumb/v7e-m+fp/hard/libc_nano.a(lib_a-nano-reallocr.o)
                0x00000000080010dc                _realloc_r
 .text          0x000000000800112c       0x14 /usr/lib/gcc/arm-none-eabi/10.3.1/../../../arm-none-eabi/lib/thumb/v7e-m+fp/hard/libc_nano.a(lib_a-nano-msizer.o)
                0x000000000800112c                _malloc_usable_size_r
 .text          0x0000000008001140       0x1c /usr/lib/gcc/arm-none-eabi/10.3.1/../../../arm-none-eabi/lib/thumb/v7e-m+fp/hard/libnosys.a(sbrk.o)
                0x0000000008001140                _sbrk
 .text          0x000000000800115c      0x378 /usr/lib/gcc/arm-none-eabi/10.3.1/thumb/v7e-m+fp/hard/libgcc.a(_arm_addsubdf3.o)
                0x000000000800115c                __aeabi_drsub
                0x0000000008001164                __aeabi_dsub
                0x0000000008001164                __subdf3
                0x0000000008001168                __adddf3
                0x0000000008001168                __aeabi_dadd
                0x00000000080013e0                __aeabi_ui2d
                0x00000000080013e0                __floatunsidf
                0x0000000008001400                __floatsidf
                0x0000000008001400                __aeabi_i2d
                0x0000000008001424                __extendsfdf2
                0x0000000008001424                __aeabi_f2d
                0x0000000008001468                __aeabi_ul2d
                0x0000000008001468                __floatundidf
                0x0000000008001478                __floatdidf
                0x0000000008001478                __aeabi_l2d
 .text          0x00000000080014d4      0x424 /usr/lib/gcc/arm-none-eabi/10.3.1/thumb/v7e-m+fp/hard/libgcc.a(_arm_muldivdf3.o)
                0x00000000080014d4                __aeabi_dmul
                0x00000000080014d4                __muldf3
                0x0000000008001728                __aeabi_ddiv
                0x0000000008001728                __divdf3
 .text          0x00000000080018f8       0xa0 /usr/lib/gcc/arm-none-eabi/10.3.1/thumb/v7e-m+fp/hard/libgcc.a(_arm_truncdfsf2.o)
                0x00000000080018f8                __aeabi_d2f
                0x00000000080018f8                __truncdfsf2
 .text          0x0000000008001998       0x30 /usr/lib/gcc/arm-none-eabi/10.3.1/thumb/v7e-m+fp/hard/libgcc.a(_aeabi_uldivmod.o)
                0x0000000008001998                __aeabi_uldivmod
 .text          0x00000000080019c8      0x2d0 /usr/lib/gcc/arm-none-eabi/10.3.1/thumb/v7e-m+fp/hard/libgcc.a(_udivmoddi4.o)
                0x00000000080019c8                __udivmoddi4
 .text          0x0000000008001c98        0x4 /usr/lib/gcc/arm-none-eabi/10.3.1/thumb/v7e-m+fp/hard/libgcc.a(_dvmd_tls.o)
                0x0000000008001c98                __aeabi_ldiv0
                0x0000000008001c98                __aeabi_idiv0
 *(.text*)
 .text.HAL_InitTick
                0x0000000008001c9c       0x50 build/stm32l4xx_hal.o
                0x0000000008001c9c                HAL_InitTick
 .text.HAL_Init
                0x0000000008001cec       0x2c build/stm32l4xx_hal.o
                0x0000000008001cec                HAL_Init
 .text.HAL_IncTick
                0x0000000008001d18       0x18 build/stm32l4xx_hal.o
                0x0000000008001d18                HAL_IncTick
 .text.HAL_GetTick
                0x0000000008001d30        0xc build/stm32l4xx_hal.o
                0x0000000008001d30                HAL_GetTick
 .text.HAL_Delay
                0x0000000008001d3c       0x28 build/stm32l4xx_hal.o
                0x0000000008001d3c                HAL_Delay
 .text.HAL_NVIC_SetPriorityGrouping
                0x0000000008001d64       0x24 build/stm32l4xx_hal_cortex.o
                0x0000000008001d64                HAL_NVIC_SetPriorityGrouping
 .text.HAL_NVIC_SetPriority
                0x0000000008001d88       0x70 build/stm32l4xx_hal_cortex.o
                0x0000000008001d88                HAL_NVIC_SetPriority
 .text.HAL_SYSTICK_Config
                0x0000000008001df8       0x28 build/stm32l4xx_hal_cortex.o
                0x0000000008001df8                HAL_SYSTICK_Config
 .text.HAL_GPIO_Init
                0x0000000008001e20      0x200 build/stm32l4xx_hal_gpio.o
                0x0000000008001e20                HAL_GPIO_Init
 .text.HAL_GPIO_ReadPin
                0x0000000008002020        0xe build/stm32l4xx_hal_gpio.o
                0x0000000008002020                HAL_GPIO_ReadPin
 .text.HAL_GPIO_WritePin
                0x000000000800202e        0xa build/stm32l4xx_hal_gpio.o
                0x000000000800202e                HAL_GPIO_WritePin
 .text.HAL_PWREx_GetVoltageRange
                0x0000000008002038       0x10 build/stm32l4xx_hal_pwr_ex.o
                0x0000000008002038                HAL_PWREx_GetVoltageRange
 .text.HAL_PWREx_ControlVoltageScaling
                0x0000000008002048       0x90 build/stm32l4xx_hal_pwr_ex.o
                0x0000000008002048                HAL_PWREx_ControlVoltageScaling
 .text.RCC_SetFlashLatencyFromMSIRange
                0x00000000080020d8       0x90 build/stm32l4xx_hal_rcc.o
 .text.HAL_RCC_GetSysClockFreq
                0x0000000008002168       0xb4 build/stm32l4xx_hal_rcc.o
                0x0000000008002168                HAL_RCC_GetSysClockFreq
 .text.HAL_RCC_OscConfig
                0x000000000800221c      0x61c build/stm32l4xx_hal_rcc.o
                0x000000000800221c                HAL_RCC_OscConfig
 .text.HAL_RCC_ClockConfig
                0x0000000008002838      0x188 build/stm32l4xx_hal_rcc.o
                0x0000000008002838                HAL_RCC_ClockConfig
 .text.HAL_RCC_GetHCLKFreq
                0x00000000080029c0        0xc build/stm32l4xx_hal_rcc.o
                0x00000000080029c0                HAL_RCC_GetHCLKFreq
 .text.HAL_RCC_GetPCLK1Freq
                0x00000000080029cc       0x24 build/stm32l4xx_hal_rcc.o
                0x00000000080029cc                HAL_RCC_GetPCLK1Freq
 .text.HAL_RCC_GetPCLK2Freq
                0x00000000080029f0       0x24 build/stm32l4xx_hal_rcc.o
                0x00000000080029f0                HAL_RCC_GetPCLK2Freq
 .text.RCCEx_PLLSAI1_Config
                0x0000000008002a14      0x170 build/stm32l4xx_hal_rcc_ex.o
 .text.RCCEx_PLLSAI2_Config
                0x0000000008002b84      0x14c build/stm32l4xx_hal_rcc_ex.o
 .text.HAL_RCCEx_PeriphCLKConfig
                0x0000000008002cd0      0x454 build/stm32l4xx_hal_rcc_ex.o
                0x0000000008002cd0                HAL_RCCEx_PeriphCLKConfig
 .text.HAL_RTC_WaitForSynchro
                0x0000000008003124       0x34 build/stm32l4xx_hal_rtc.o
                0x0000000008003124                HAL_RTC_WaitForSynchro
 .text.RTC_EnterInitMode
                0x0000000008003158       0x44 build/stm32l4xx_hal_rtc.o
                0x0000000008003158                RTC_EnterInitMode
 .text.RTC_ExitInitMode
                0x000000000800319c       0x50 build/stm32l4xx_hal_rtc.o
                0x000000000800319c                RTC_ExitInitMode
 .text.HAL_RTC_Init
                0x00000000080031ec       0xa6 build/stm32l4xx_hal_rtc.o
                0x00000000080031ec                HAL_RTC_Init
 .text.RTC_ByteToBcd2
                0x0000000008003292       0x16 build/stm32l4xx_hal_rtc.o
                0x0000000008003292                RTC_ByteToBcd2
 .text.HAL_RTC_SetTime
                0x00000000080032a8       0xc8 build/stm32l4xx_hal_rtc.o
                0x00000000080032a8                HAL_RTC_SetTime
 .text.HAL_RTC_SetDate
                0x0000000008003370       0xa6 build/stm32l4xx_hal_rtc.o
                0x0000000008003370                HAL_RTC_SetDate
 .text.RTC_Bcd2ToByte
                0x0000000008003416       0x12 build/stm32l4xx_hal_rtc.o
                0x0000000008003416                RTC_Bcd2ToByte
 .text.HAL_RTC_GetTime
                0x0000000008003428       0x4c build/stm32l4xx_hal_rtc.o
                0x0000000008003428                HAL_RTC_GetTime
 .text.HAL_RTC_GetDate
                0x0000000008003474       0x3c build/stm32l4xx_hal_rtc.o
                0x0000000008003474                HAL_RTC_GetDate
 .text.HAL_SPI_Init
                0x00000000080034b0       0xde build/stm32l4xx_hal_spi.o
                0x00000000080034b0                HAL_SPI_Init
 .text.UART_EndRxTransfer
                0x000000000800358e       0x52 build/stm32l4xx_hal_uart.o
 .text.UART_SetConfig
                0x00000000080035e0      0x328 build/stm32l4xx_hal_uart.o
                0x00000000080035e0                UART_SetConfig
 .text.UART_AdvFeatureConfig
                0x0000000008003908       0xca build/stm32l4xx_hal_uart.o
                0x0000000008003908                UART_AdvFeatureConfig
 .text.UART_WaitOnFlagUntilTimeout
                0x00000000080039d2       0x9a build/stm32l4xx_hal_uart.o
                0x00000000080039d2                UART_WaitOnFlagUntilTimeout
 .text.HAL_UART_Transmit
                0x0000000008003a6c       0xc8 build/stm32l4xx_hal_uart.o
                0x0000000008003a6c                HAL_UART_Transmit
 .text.UART_CheckIdleState
                0x0000000008003b34       0xc6 build/stm32l4xx_hal_uart.o
                0x0000000008003b34                UART_CheckIdleState
 .text.HAL_UART_Init
                0x0000000008003bfa       0x62 build/stm32l4xx_hal_uart.o
                0x0000000008003bfa                HAL_UART_Init
 .text.MX_GPIO_Init
                0x0000000008003c5c       0xe8 build/main.o
 .text.turnOnLED
                0x0000000008003d44        0xa build/main.o
                0x0000000008003d44                turnOnLED
 .text.turnOffLED
                0x0000000008003d4e        0xa build/main.o
                0x0000000008003d4e                turnOffLED
 .text.blinkLED
                0x0000000008003d58       0x40 build/main.o
                0x0000000008003d58                blinkLED
 .text.hal_mcu_trace_print
                0x0000000008003d98       0x3c build/main.o
                0x0000000008003d98                hal_mcu_trace_print
 .text.resetLR1110
                0x0000000008003dd4       0x64 build/main.o
 .text.setupTCXO
                0x0000000008003e38       0xa0 build/main.o
 .text.getLR1110_Bootloader_Version
                0x0000000008003ed8      0x144 build/main.o
 .text.getLR1110_WiFi_Version
                0x000000000800401c       0xb8 build/main.o
 .text.getLR1110_Chip_EUI
                0x00000000080040d4       0xdc build/main.o
 .text.getLR1110_Temperature
                0x00000000080041b0      0x194 build/main.o
 .text.Error_Handler
                0x0000000008004344       0x78 build/main.o
                0x0000000008004344                Error_Handler
 .text.MX_USART2_UART_Init
                0x00000000080043bc       0x38 build/main.o
 .text.MX_RTC_Init
                0x00000000080043f4       0x88 build/main.o
 .text.MX_SPI1_Init
                0x000000000800447c       0x58 build/main.o
 .text.SystemClock_Config
                0x00000000080044d4       0x7c build/main.o
                0x00000000080044d4                SystemClock_Config
 .text.main     0x0000000008004550       0xb4 build/main.o
                0x0000000008004550                main
 .text.rtc_get_timestamp_in_ticks
                0x0000000008004604       0xb4 build/rtc.o
 .text.hal_rtc_get_calendar_time
                0x00000000080046b8       0x2a build/rtc.o
 .text.hal_rtc_get_time_ms
                0x00000000080046e2       0x24 build/rtc.o
                0x00000000080046e2                hal_rtc_get_time_ms
 *fill*         0x0000000008004706        0x2 
 .text.waitForBusyState
                0x0000000008004708       0xac build/spi.o
                0x0000000008004708                waitForBusyState
 .text.lr1110_spi_write
                0x00000000080047b4       0xd8 build/spi.o
                0x00000000080047b4                lr1110_spi_write
 .text.lr1110_spi_read_with_dummy_byte
                0x000000000800488c       0xe0 build/spi.o
                0x000000000800488c                lr1110_spi_read_with_dummy_byte
 .text.lr1110_spi_read
                0x000000000800496c       0xbc build/spi.o
                0x000000000800496c                lr1110_spi_read
 .text.NMI_Handler
                0x0000000008004a28        0x2 build/stm32l4xx_it.o
                0x0000000008004a28                NMI_Handler
 .text.HardFault_Handler
                0x0000000008004a2a        0x2 build/stm32l4xx_it.o
                0x0000000008004a2a                HardFault_Handler
 .text.MemManage_Handler
                0x0000000008004a2c        0x2 build/stm32l4xx_it.o
                0x0000000008004a2c                MemManage_Handler
 .text.BusFault_Handler
                0x0000000008004a2e        0x2 build/stm32l4xx_it.o
                0x0000000008004a2e                BusFault_Handler
 .text.UsageFault_Handler
                0x0000000008004a30        0x2 build/stm32l4xx_it.o
                0x0000000008004a30                UsageFault_Handler
 .text.SVC_Handler
                0x0000000008004a32        0x2 build/stm32l4xx_it.o
                0x0000000008004a32                SVC_Handler
 .text.DebugMon_Handler
                0x0000000008004a34        0x2 build/stm32l4xx_it.o
                0x0000000008004a34                DebugMon_Handler
 .text.PendSV_Handler
                0x0000000008004a36        0x2 build/stm32l4xx_it.o
                0x0000000008004a36                PendSV_Handler
 .text.SysTick_Handler
                0x0000000008004a38        0x8 build/stm32l4xx_it.o
                0x0000000008004a38                SysTick_Handler
 .text.HAL_MspInit
                0x0000000008004a40       0x30 build/stm32l4xx_hal_msp.o
                0x0000000008004a40                HAL_MspInit
 .text.HAL_RTC_MspInit
                0x0000000008004a70       0x50 build/stm32l4xx_hal_msp.o
                0x0000000008004a70                HAL_RTC_MspInit
 .text.HAL_SPI_MspInit
                0x0000000008004ac0       0x68 build/stm32l4xx_hal_msp.o
                0x0000000008004ac0                HAL_SPI_MspInit
 .text.HAL_UART_MspInit
                0x0000000008004b28       0x88 build/stm32l4xx_hal_msp.o
                0x0000000008004b28                HAL_UART_MspInit
 .text.SystemInit
                0x0000000008004bb0       0x14 build/system_stm32l4xx.o
                0x0000000008004bb0                SystemInit
 .text.Reset_Handler
                0x0000000008004bc4       0x50 build/startup_stm32l476xx.o
                0x0000000008004bc4                Reset_Handler
 .text.Default_Handler
                0x0000000008004c14        0x2 build/startup_stm32l476xx.o
                0x0000000008004c14                RTC_Alarm_IRQHandler
                0x0000000008004c14                EXTI2_IRQHandler
                0x0000000008004c14                TIM8_TRG_COM_IRQHandler
                0x0000000008004c14                TIM8_CC_IRQHandler
                0x0000000008004c14                TIM1_CC_IRQHandler
                0x0000000008004c14                TSC_IRQHandler
                0x0000000008004c14                TAMP_STAMP_IRQHandler
                0x0000000008004c14                EXTI3_IRQHandler
                0x0000000008004c14                LPTIM2_IRQHandler
                0x0000000008004c14                DFSDM1_FLT1_IRQHandler
                0x0000000008004c14                I2C3_ER_IRQHandler
                0x0000000008004c14                DFSDM1_FLT2_IRQHandler
                0x0000000008004c14                EXTI0_IRQHandler
                0x0000000008004c14                I2C2_EV_IRQHandler
                0x0000000008004c14                CAN1_RX0_IRQHandler
                0x0000000008004c14                FPU_IRQHandler
                0x0000000008004c14                TIM1_UP_TIM16_IRQHandler
                0x0000000008004c14                ADC1_2_IRQHandler
                0x0000000008004c14                SPI1_IRQHandler
                0x0000000008004c14                TIM6_DAC_IRQHandler
                0x0000000008004c14                TIM8_UP_IRQHandler
                0x0000000008004c14                DMA2_Channel2_IRQHandler
                0x0000000008004c14                DMA1_Channel4_IRQHandler
                0x0000000008004c14                SAI2_IRQHandler
                0x0000000008004c14                DFSDM1_FLT3_IRQHandler
                0x0000000008004c14                USART3_IRQHandler
                0x0000000008004c14                DMA1_Channel7_IRQHandler
                0x0000000008004c14                CAN1_RX1_IRQHandler
                0x0000000008004c14                LCD_IRQHandler
                0x0000000008004c14                UART5_IRQHandler
                0x0000000008004c14                ADC3_IRQHandler
                0x0000000008004c14                TIM4_IRQHandler
                0x0000000008004c14                DMA2_Channel1_IRQHandler
                0x0000000008004c14                QUADSPI_IRQHandler
                0x0000000008004c14                I2C1_EV_IRQHandler
                0x0000000008004c14                DMA1_Channel6_IRQHandler
                0x0000000008004c14                UART4_IRQHandler
                0x0000000008004c14                DMA2_Channel4_IRQHandler
                0x0000000008004c14                TIM3_IRQHandler
                0x0000000008004c14                RCC_IRQHandler
                0x0000000008004c14                DMA1_Channel1_IRQHandler
                0x0000000008004c14                Default_Handler
                0x0000000008004c14                DMA2_Channel7_IRQHandler
                0x0000000008004c14                EXTI15_10_IRQHandler
                0x0000000008004c14                TIM7_IRQHandler
                0x0000000008004c14                SDMMC1_IRQHandler
                0x0000000008004c14                TIM5_IRQHandler
                0x0000000008004c14                I2C3_EV_IRQHandler
                0x0000000008004c14                EXTI9_5_IRQHandler
                0x0000000008004c14                RTC_WKUP_IRQHandler
                0x0000000008004c14                PVD_PVM_IRQHandler
                0x0000000008004c14                SPI2_IRQHandler
                0x0000000008004c14                CAN1_TX_IRQHandler
                0x0000000008004c14                DMA2_Channel5_IRQHandler
                0x0000000008004c14                DMA1_Channel5_IRQHandler
                0x0000000008004c14                EXTI4_IRQHandler
                0x0000000008004c14                RNG_IRQHandler
                0x0000000008004c14                TIM1_TRG_COM_TIM17_IRQHandler
                0x0000000008004c14                DMA1_Channel3_IRQHandler
                0x0000000008004c14                COMP_IRQHandler
                0x0000000008004c14                WWDG_IRQHandler
                0x0000000008004c14                LPUART1_IRQHandler
                0x0000000008004c14                DMA2_Channel6_IRQHandler
                0x0000000008004c14                TIM2_IRQHandler
                0x0000000008004c14                EXTI1_IRQHandler
                0x0000000008004c14                USART2_IRQHandler
                0x0000000008004c14                DFSDM1_FLT0_IRQHandler
                0x0000000008004c14                I2C2_ER_IRQHandler
                0x0000000008004c14                DMA1_Channel2_IRQHandler
                0x0000000008004c14                TIM8_BRK_IRQHandler
                0x0000000008004c14                CAN1_SCE_IRQHandler
                0x0000000008004c14                FLASH_IRQHandler
                0x0000000008004c14                USART1_IRQHandler
                0x0000000008004c14                OTG_FS_IRQHandler
                0x0000000008004c14                SPI3_IRQHandler
                0x0000000008004c14                I2C1_ER_IRQHandler
                0x0000000008004c14                FMC_IRQHandler
                0x0000000008004c14                SWPMI1_IRQHandler
                0x0000000008004c14                LPTIM1_IRQHandler
                0x0000000008004c14                SAI1_IRQHandler
                0x0000000008004c14                DMA2_Channel3_IRQHandler
                0x0000000008004c14                TIM1_BRK_TIM15_IRQHandler
 *(.glue_7)
 .glue_7        0x0000000008004c16        0x0 linker stubs
 *(.glue_7t)
 .glue_7t       0x0000000008004c16        0x0 linker stubs
 *(.eh_frame)
 *fill*         0x0000000008004c16        0x2 
 .eh_frame      0x0000000008004c18        0x0 /usr/lib/gcc/arm-none-eabi/10.3.1/thumb/v7e-m+fp/hard/crtbegin.o
 *(.init)
 .init          0x0000000008004c18        0x4 /usr/lib/gcc/arm-none-eabi/10.3.1/thumb/v7e-m+fp/hard/crti.o
                0x0000000008004c18                _init
 .init          0x0000000008004c1c        0x8 /usr/lib/gcc/arm-none-eabi/10.3.1/thumb/v7e-m+fp/hard/crtn.o
 *(.fini)
 .fini          0x0000000008004c24        0x4 /usr/lib/gcc/arm-none-eabi/10.3.1/thumb/v7e-m+fp/hard/crti.o
                0x0000000008004c24                _fini
 .fini          0x0000000008004c28        0x8 /usr/lib/gcc/arm-none-eabi/10.3.1/thumb/v7e-m+fp/hard/crtn.o
                0x0000000008004c30                . = ALIGN (0x8)
                0x0000000008004c30                _etext = .

.vfp11_veneer   0x0000000008004c30        0x0
 .vfp11_veneer  0x0000000008004c30        0x0 linker stubs

.v4_bx          0x0000000008004c30        0x0
 .v4_bx         0x0000000008004c30        0x0 linker stubs

.iplt           0x0000000008004c30        0x0
 .iplt          0x0000000008004c30        0x0 /usr/lib/gcc/arm-none-eabi/10.3.1/thumb/v7e-m+fp/hard/crtbegin.o

.rodata         0x0000000008004c30      0x4e8
                0x0000000008004c30                . = ALIGN (0x8)
 *(.rodata)
 *(.rodata*)
 .rodata.resetLR1110.str1.4
                0x0000000008004c30       0x37 build/main.o
 *fill*         0x0000000008004c67        0x1 
 .rodata.setupTCXO.str1.4
                0x0000000008004c68       0x46 build/main.o
 *fill*         0x0000000008004cae        0x2 
 .rodata.getLR1110_Bootloader_Version.str1.4
                0x0000000008004cb0      0x10c build/main.o
 .rodata.getLR1110_WiFi_Version.str1.4
                0x0000000008004dbc       0x5a build/main.o
 *fill*         0x0000000008004e16        0x2 
 .rodata.getLR1110_Chip_EUI.str1.4
                0x0000000008004e18       0x70 build/main.o
 .rodata.getLR1110_Temperature.str1.4
                0x0000000008004e88       0xb5 build/main.o
 *fill*         0x0000000008004f3d        0x3 
 .rodata.Error_Handler.str1.4
                0x0000000008004f40        0xa build/main.o
 *fill*         0x0000000008004f4a        0x2 
 .rodata.main.str1.4
                0x0000000008004f4c       0x2e build/main.o
 *fill*         0x0000000008004f7a        0x2 
 .rodata.__func__.0
                0x0000000008004f7c        0xe build/main.o
 *fill*         0x0000000008004f8a        0x2 
 .rodata.waitForBusyState.str1.4
                0x0000000008004f8c       0x70 build/spi.o
                                         0x8c (size before relaxing)
 .rodata.lr1110_spi_write.str1.4
                0x0000000008004ffc       0x92 build/spi.o
 *fill*         0x000000000800508e        0x2 
 .rodata.AHBPrescTable
                0x0000000008005090       0x10 build/system_stm32l4xx.o
                0x0000000008005090                AHBPrescTable
 .rodata.APBPrescTable
                0x00000000080050a0        0x8 build/system_stm32l4xx.o
                0x00000000080050a0                APBPrescTable
 .rodata.MSIRangeTable
                0x00000000080050a8       0x30 build/system_stm32l4xx.o
                0x00000000080050a8                MSIRangeTable
 .rodata.str1.4
                0x00000000080050d8       0x13 /usr/lib/gcc/arm-none-eabi/10.3.1/../../../arm-none-eabi/lib/thumb/v7e-m+fp/hard/libc_nano.a(lib_a-nano-svfprintf.o)
 *fill*         0x00000000080050eb        0x1 
 .rodata.str1.4
                0x00000000080050ec       0x25 /usr/lib/gcc/arm-none-eabi/10.3.1/../../../arm-none-eabi/lib/thumb/v7e-m+fp/hard/libc_nano.a(lib_a-nano-vfprintf_i.o)
                0x0000000008005118                . = ALIGN (0x8)
 *fill*         0x0000000008005111        0x7 

.ARM.extab      0x0000000008005118        0x0
                0x0000000008005118                . = ALIGN (0x8)
 *(.ARM.extab* .gnu.linkonce.armextab.*)
                0x0000000008005118                . = ALIGN (0x8)

.ARM            0x0000000008005118        0x8
                0x0000000008005118                . = ALIGN (0x8)
                0x0000000008005118                __exidx_start = .
 *(.ARM.exidx*)
 .ARM.exidx     0x0000000008005118        0x8 /usr/lib/gcc/arm-none-eabi/10.3.1/thumb/v7e-m+fp/hard/libgcc.a(_udivmoddi4.o)
                0x0000000008005120                __exidx_end = .
                0x0000000008005120                . = ALIGN (0x8)

.rel.dyn        0x0000000008005120        0x0
 .rel.iplt      0x0000000008005120        0x0 /usr/lib/gcc/arm-none-eabi/10.3.1/thumb/v7e-m+fp/hard/crtbegin.o

.preinit_array  0x0000000008005120        0x0
                0x0000000008005120                . = ALIGN (0x8)
                0x0000000008005120                PROVIDE (__preinit_array_start = .)
 *(.preinit_array*)
                0x0000000008005120                PROVIDE (__preinit_array_end = .)
                0x0000000008005120                . = ALIGN (0x8)

.init_array     0x0000000008005120        0x8
                0x0000000008005120                . = ALIGN (0x8)
                0x0000000008005120                PROVIDE (__init_array_start = .)
 *(SORT_BY_NAME(.init_array.*))
 *(.init_array*)
 .init_array    0x0000000008005120        0x4 /usr/lib/gcc/arm-none-eabi/10.3.1/thumb/v7e-m+fp/hard/crtbegin.o
                0x0000000008005124                PROVIDE (__init_array_end = .)
                0x0000000008005128                . = ALIGN (0x8)
 *fill*         0x0000000008005124        0x4 

.fini_array     0x0000000008005128        0x8
                0x0000000008005128                . = ALIGN (0x8)
                0x0000000008005128                PROVIDE (__fini_array_start = .)
 *(SORT_BY_NAME(.fini_array.*))
 *(.fini_array*)
 .fini_array    0x0000000008005128        0x4 /usr/lib/gcc/arm-none-eabi/10.3.1/thumb/v7e-m+fp/hard/crtbegin.o
                0x000000000800512c                PROVIDE (__fini_array_end = .)
                0x0000000008005130                . = ALIGN (0x8)
 *fill*         0x000000000800512c        0x4 
                0x0000000008005130                _sidata = LOADADDR (.data)

.data           0x0000000020000000       0x70 load address 0x0000000008005130
                0x0000000020000000                . = ALIGN (0x8)
                0x0000000020000000                _sdata = .
 *(.data)
 .data          0x0000000020000000       0x64 /usr/lib/gcc/arm-none-eabi/10.3.1/../../../arm-none-eabi/lib/thumb/v7e-m+fp/hard/libc_nano.a(lib_a-impure.o)
                0x0000000020000000                _impure_ptr
 *(.data*)
 .data.uwTickFreq
                0x0000000020000064        0x1 build/stm32l4xx_hal.o
                0x0000000020000064                uwTickFreq
 *fill*         0x0000000020000065        0x3 
 .data.uwTickPrio
                0x0000000020000068        0x4 build/stm32l4xx_hal.o
                0x0000000020000068                uwTickPrio
 .data.SystemCoreClock
                0x000000002000006c        0x4 build/system_stm32l4xx.o
                0x000000002000006c                SystemCoreClock
                0x0000000020000070                . = ALIGN (0x8)
                0x0000000020000070                _edata = .

.tm_clone_table
                0x0000000020000070        0x0 load address 0x00000000080051a0
 .tm_clone_table
                0x0000000020000070        0x0 /usr/lib/gcc/arm-none-eabi/10.3.1/thumb/v7e-m+fp/hard/crtbegin.o
 .tm_clone_table
                0x0000000020000070        0x0 /usr/lib/gcc/arm-none-eabi/10.3.1/thumb/v7e-m+fp/hard/crtend.o

.igot.plt       0x0000000020000070        0x0 load address 0x00000000080051a0
 .igot.plt      0x0000000020000070        0x0 /usr/lib/gcc/arm-none-eabi/10.3.1/thumb/v7e-m+fp/hard/crtbegin.o
                0x0000000020000070                . = ALIGN (0x4)

.bss            0x0000000020000070      0x184 load address 0x00000000080051a0
                0x0000000020000070                _sbss = .
                0x0000000020000070                __bss_start__ = _sbss
 *(.bss)
 .bss           0x0000000020000070       0x1c /usr/lib/gcc/arm-none-eabi/10.3.1/thumb/v7e-m+fp/hard/crtbegin.o
 .bss           0x000000002000008c        0x8 /usr/lib/gcc/arm-none-eabi/10.3.1/../../../arm-none-eabi/lib/thumb/v7e-m+fp/hard/libc_nano.a(lib_a-nano-mallocr.o)
                0x000000002000008c                __malloc_free_list
                0x0000000020000090                __malloc_sbrk_start
 .bss           0x0000000020000094        0x4 /usr/lib/gcc/arm-none-eabi/10.3.1/../../../arm-none-eabi/lib/thumb/v7e-m+fp/hard/libc_nano.a(lib_a-reent.o)
                0x0000000020000094                errno
 .bss           0x0000000020000098        0x4 /usr/lib/gcc/arm-none-eabi/10.3.1/../../../arm-none-eabi/lib/thumb/v7e-m+fp/hard/libnosys.a(sbrk.o)
 *(.bss*)
 .bss.uwTick    0x000000002000009c        0x4 build/stm32l4xx_hal.o
                0x000000002000009c                uwTick
 .bss.hrtc      0x00000000200000a0       0x24 build/main.o
                0x00000000200000a0                hrtc
 .bss.hspi1     0x00000000200000c4       0x64 build/main.o
                0x00000000200000c4                hspi1
 .bss.huart2    0x0000000020000128       0x88 build/main.o
                0x0000000020000128                huart2
 .bss.hal_rtc   0x00000000200001b0       0x40 build/rtc.o
                0x00000000200001b0                hal_rtc
 .bss.radio     0x00000000200001f0        0x4 build/spi.o
                0x00000000200001f0                radio
 *(COMMON)
                0x00000000200001f4                . = ALIGN (0x4)
                0x00000000200001f4                _ebss = .
                0x00000000200001f4                __bss_end__ = _ebss

._user_heap_stack
                0x00000000200001f4      0x604 load address 0x00000000080051a0
                0x00000000200001f8                . = ALIGN (0x8)
 *fill*         0x00000000200001f4        0x4 
                0x00000000200001f8                PROVIDE (end = .)
                [!provide]                        PROVIDE (_end = .)
                0x00000000200003f8                . = (. + _Min_Heap_Size)
 *fill*         0x00000000200001f8      0x200 
                0x00000000200007f8                . = (. + _Min_Stack_Size)
 *fill*         0x00000000200003f8      0x400 
                0x00000000200007f8                . = ALIGN (0x8)

/DISCARD/
 libc.a(*)
 libm.a(*)
 libgcc.a(*)

.ARM.attributes
                0x0000000000000000       0x30
 *(.ARM.attributes)
 .ARM.attributes
                0x0000000000000000       0x1e /usr/lib/gcc/arm-none-eabi/10.3.1/thumb/v7e-m+fp/hard/crti.o
 .ARM.attributes
                0x000000000000001e       0x34 /usr/lib/gcc/arm-none-eabi/10.3.1/thumb/v7e-m+fp/hard/crtbegin.o
 .ARM.attributes
                0x0000000000000052       0x34 build/stm32l4xx_hal.o
 .ARM.attributes
                0x0000000000000086       0x34 build/stm32l4xx_hal_cortex.o
 .ARM.attributes
                0x00000000000000ba       0x34 build/stm32l4xx_hal_gpio.o
 .ARM.attributes
                0x00000000000000ee       0x34 build/stm32l4xx_hal_pwr_ex.o
 .ARM.attributes
                0x0000000000000122       0x34 build/stm32l4xx_hal_rcc.o
 .ARM.attributes
                0x0000000000000156       0x34 build/stm32l4xx_hal_rcc_ex.o
 .ARM.attributes
                0x000000000000018a       0x34 build/stm32l4xx_hal_rtc.o
 .ARM.attributes
                0x00000000000001be       0x34 build/stm32l4xx_hal_spi.o
 .ARM.attributes
                0x00000000000001f2       0x34 build/stm32l4xx_hal_uart.o
 .ARM.attributes
                0x0000000000000226       0x34 build/main.o
 .ARM.attributes
                0x000000000000025a       0x34 build/rtc.o
 .ARM.attributes
                0x000000000000028e       0x34 build/spi.o
 .ARM.attributes
                0x00000000000002c2       0x34 build/stm32l4xx_it.o
 .ARM.attributes
                0x00000000000002f6       0x34 build/stm32l4xx_hal_msp.o
 .ARM.attributes
                0x000000000000032a       0x34 build/system_stm32l4xx.o
 .ARM.attributes
                0x000000000000035e       0x21 build/startup_stm32l476xx.o
 .ARM.attributes
                0x000000000000037f       0x32 /usr/lib/gcc/arm-none-eabi/10.3.1/../../../arm-none-eabi/lib/thumb/v7e-m+fp/hard/libc_nano.a(lib_a-impure.o)
 .ARM.attributes
                0x00000000000003b1       0x34 /usr/lib/gcc/arm-none-eabi/10.3.1/../../../arm-none-eabi/lib/thumb/v7e-m+fp/hard/libc_nano.a(lib_a-init.o)
 .ARM.attributes
                0x00000000000003e5       0x34 /usr/lib/gcc/arm-none-eabi/10.3.1/../../../arm-none-eabi/lib/thumb/v7e-m+fp/hard/libc_nano.a(lib_a-malloc.o)
 .ARM.attributes
                0x0000000000000419       0x34 /usr/lib/gcc/arm-none-eabi/10.3.1/../../../arm-none-eabi/lib/thumb/v7e-m+fp/hard/libc_nano.a(lib_a-memset.o)
 .ARM.attributes
                0x000000000000044d       0x34 /usr/lib/gcc/arm-none-eabi/10.3.1/../../../arm-none-eabi/lib/thumb/v7e-m+fp/hard/libc_nano.a(lib_a-nano-freer.o)
 .ARM.attributes
                0x0000000000000481       0x34 /usr/lib/gcc/arm-none-eabi/10.3.1/../../../arm-none-eabi/lib/thumb/v7e-m+fp/hard/libc_nano.a(lib_a-nano-mallocr.o)
 .ARM.attributes
                0x00000000000004b5       0x34 /usr/lib/gcc/arm-none-eabi/10.3.1/../../../arm-none-eabi/lib/thumb/v7e-m+fp/hard/libc_nano.a(lib_a-sbrkr.o)
 .ARM.attributes
                0x00000000000004e9       0x1c /usr/lib/gcc/arm-none-eabi/10.3.1/../../../arm-none-eabi/lib/thumb/v7e-m+fp/hard/libc_nano.a(lib_a-strlen.o)
 .ARM.attributes
                0x0000000000000505       0x34 /usr/lib/gcc/arm-none-eabi/10.3.1/../../../arm-none-eabi/lib/thumb/v7e-m+fp/hard/libc_nano.a(lib_a-vsprintf.o)
 .ARM.attributes
                0x0000000000000539       0x34 /usr/lib/gcc/arm-none-eabi/10.3.1/../../../arm-none-eabi/lib/thumb/v7e-m+fp/hard/libc_nano.a(lib_a-mlock.o)
 .ARM.attributes
                0x000000000000056d       0x34 /usr/lib/gcc/arm-none-eabi/10.3.1/../../../arm-none-eabi/lib/thumb/v7e-m+fp/hard/libc_nano.a(lib_a-nano-svfprintf.o)
 .ARM.attributes
                0x00000000000005a1       0x34 /usr/lib/gcc/arm-none-eabi/10.3.1/../../../arm-none-eabi/lib/thumb/v7e-m+fp/hard/libc_nano.a(lib_a-nano-vfprintf_i.o)
 .ARM.attributes
                0x00000000000005d5       0x34 /usr/lib/gcc/arm-none-eabi/10.3.1/../../../arm-none-eabi/lib/thumb/v7e-m+fp/hard/libc_nano.a(lib_a-reent.o)
 .ARM.attributes
                0x0000000000000609       0x1c /usr/lib/gcc/arm-none-eabi/10.3.1/../../../arm-none-eabi/lib/thumb/v7e-m+fp/hard/libc_nano.a(lib_a-memchr.o)
 .ARM.attributes
                0x0000000000000625       0x1c /usr/lib/gcc/arm-none-eabi/10.3.1/../../../arm-none-eabi/lib/thumb/v7e-m+fp/hard/libc_nano.a(lib_a-memcpy.o)
 .ARM.attributes
                0x0000000000000641       0x34 /usr/lib/gcc/arm-none-eabi/10.3.1/../../../arm-none-eabi/lib/thumb/v7e-m+fp/hard/libc_nano.a(lib_a-memmove.o)
 .ARM.attributes
                0x0000000000000675       0x34 /usr/lib/gcc/arm-none-eabi/10.3.1/../../../arm-none-eabi/lib/thumb/v7e-m+fp/hard/libc_nano.a(lib_a-nano-reallocr.o)
 .ARM.attributes
                0x00000000000006a9       0x34 /usr/lib/gcc/arm-none-eabi/10.3.1/../../../arm-none-eabi/lib/thumb/v7e-m+fp/hard/libc_nano.a(lib_a-nano-msizer.o)
 .ARM.attributes
                0x00000000000006dd       0x34 /usr/lib/gcc/arm-none-eabi/10.3.1/../../../arm-none-eabi/lib/thumb/v7e-m+fp/hard/libnosys.a(sbrk.o)
 .ARM.attributes
                0x0000000000000711       0x1e /usr/lib/gcc/arm-none-eabi/10.3.1/thumb/v7e-m+fp/hard/libgcc.a(_arm_addsubdf3.o)
 .ARM.attributes
                0x000000000000072f       0x1e /usr/lib/gcc/arm-none-eabi/10.3.1/thumb/v7e-m+fp/hard/libgcc.a(_arm_muldivdf3.o)
 .ARM.attributes
                0x000000000000074d       0x1e /usr/lib/gcc/arm-none-eabi/10.3.1/thumb/v7e-m+fp/hard/libgcc.a(_arm_truncdfsf2.o)
 .ARM.attributes
                0x000000000000076b       0x1e /usr/lib/gcc/arm-none-eabi/10.3.1/thumb/v7e-m+fp/hard/libgcc.a(_aeabi_uldivmod.o)
 .ARM.attributes
                0x0000000000000789       0x34 /usr/lib/gcc/arm-none-eabi/10.3.1/thumb/v7e-m+fp/hard/libgcc.a(_udivmoddi4.o)
 .ARM.attributes
                0x00000000000007bd       0x1e /usr/lib/gcc/arm-none-eabi/10.3.1/thumb/v7e-m+fp/hard/libgcc.a(_dvmd_tls.o)
 .ARM.attributes
                0x00000000000007db       0x32 /usr/lib/gcc/arm-none-eabi/10.3.1/thumb/v7e-m+fp/hard/crtend.o
 .ARM.attributes
                0x000000000000080d       0x1e /usr/lib/gcc/arm-none-eabi/10.3.1/thumb/v7e-m+fp/hard/crtn.o
OUTPUT(build/stm32.elf elf32-littlearm)
LOAD linker stubs
LOAD /usr/lib/gcc/arm-none-eabi/10.3.1/../../../arm-none-eabi/lib/thumb/v7e-m+fp/hard/libc.a
LOAD /usr/lib/gcc/arm-none-eabi/10.3.1/../../../arm-none-eabi/lib/thumb/v7e-m+fp/hard/libm.a
LOAD /usr/lib/gcc/arm-none-eabi/10.3.1/thumb/v7e-m+fp/hard/libgcc.a

.comment        0x0000000000000000       0x33
 .comment       0x0000000000000000       0x33 /usr/lib/gcc/arm-none-eabi/10.3.1/thumb/v7e-m+fp/hard/crtbegin.o
                                         0x34 (size before relaxing)
 .comment       0x0000000000000033       0x34 build/stm32l4xx_hal.o
 .comment       0x0000000000000033       0x34 build/stm32l4xx_hal_cortex.o
 .comment       0x0000000000000033       0x34 build/stm32l4xx_hal_gpio.o
 .comment       0x0000000000000033       0x34 build/stm32l4xx_hal_pwr_ex.o
 .comment       0x0000000000000033       0x34 build/stm32l4xx_hal_rcc.o
 .comment       0x0000000000000033       0x34 build/stm32l4xx_hal_rcc_ex.o
 .comment       0x0000000000000033       0x34 build/stm32l4xx_hal_rtc.o
 .comment       0x0000000000000033       0x34 build/stm32l4xx_hal_spi.o
 .comment       0x0000000000000033       0x34 build/stm32l4xx_hal_uart.o
 .comment       0x0000000000000033       0x34 build/main.o
 .comment       0x0000000000000033       0x34 build/rtc.o
 .comment       0x0000000000000033       0x34 build/spi.o
 .comment       0x0000000000000033       0x34 build/stm32l4xx_it.o
 .comment       0x0000000000000033       0x34 build/stm32l4xx_hal_msp.o
 .comment       0x0000000000000033       0x34 build/system_stm32l4xx.o
 .comment       0x0000000000000033       0x34 /usr/lib/gcc/arm-none-eabi/10.3.1/../../../arm-none-eabi/lib/thumb/v7e-m+fp/hard/libc_nano.a(lib_a-impure.o)
 .comment       0x0000000000000033       0x34 /usr/lib/gcc/arm-none-eabi/10.3.1/../../../arm-none-eabi/lib/thumb/v7e-m+fp/hard/libc_nano.a(lib_a-init.o)
 .comment       0x0000000000000033       0x34 /usr/lib/gcc/arm-none-eabi/10.3.1/../../../arm-none-eabi/lib/thumb/v7e-m+fp/hard/libc_nano.a(lib_a-malloc.o)
 .comment       0x0000000000000033       0x34 /usr/lib/gcc/arm-none-eabi/10.3.1/../../../arm-none-eabi/lib/thumb/v7e-m+fp/hard/libc_nano.a(lib_a-memset.o)
 .comment       0x0000000000000033       0x34 /usr/lib/gcc/arm-none-eabi/10.3.1/../../../arm-none-eabi/lib/thumb/v7e-m+fp/hard/libc_nano.a(lib_a-nano-freer.o)
 .comment       0x0000000000000033       0x34 /usr/lib/gcc/arm-none-eabi/10.3.1/../../../arm-none-eabi/lib/thumb/v7e-m+fp/hard/libc_nano.a(lib_a-nano-mallocr.o)
 .comment       0x0000000000000033       0x34 /usr/lib/gcc/arm-none-eabi/10.3.1/../../../arm-none-eabi/lib/thumb/v7e-m+fp/hard/libc_nano.a(lib_a-sbrkr.o)
 .comment       0x0000000000000033       0x34 /usr/lib/gcc/arm-none-eabi/10.3.1/../../../arm-none-eabi/lib/thumb/v7e-m+fp/hard/libc_nano.a(lib_a-vsprintf.o)
 .comment       0x0000000000000033       0x34 /usr/lib/gcc/arm-none-eabi/10.3.1/../../../arm-none-eabi/lib/thumb/v7e-m+fp/hard/libc_nano.a(lib_a-mlock.o)
 .comment       0x0000000000000033       0x34 /usr/lib/gcc/arm-none-eabi/10.3.1/../../../arm-none-eabi/lib/thumb/v7e-m+fp/hard/libc_nano.a(lib_a-nano-svfprintf.o)
 .comment       0x0000000000000033       0x34 /usr/lib/gcc/arm-none-eabi/10.3.1/../../../arm-none-eabi/lib/thumb/v7e-m+fp/hard/libc_nano.a(lib_a-nano-vfprintf_i.o)
 .comment       0x0000000000000033       0x34 /usr/lib/gcc/arm-none-eabi/10.3.1/../../../arm-none-eabi/lib/thumb/v7e-m+fp/hard/libc_nano.a(lib_a-reent.o)
 .comment       0x0000000000000033       0x34 /usr/lib/gcc/arm-none-eabi/10.3.1/../../../arm-none-eabi/lib/thumb/v7e-m+fp/hard/libc_nano.a(lib_a-memmove.o)
 .comment       0x0000000000000033       0x34 /usr/lib/gcc/arm-none-eabi/10.3.1/../../../arm-none-eabi/lib/thumb/v7e-m+fp/hard/libc_nano.a(lib_a-nano-reallocr.o)
 .comment       0x0000000000000033       0x34 /usr/lib/gcc/arm-none-eabi/10.3.1/../../../arm-none-eabi/lib/thumb/v7e-m+fp/hard/libc_nano.a(lib_a-nano-msizer.o)
 .comment       0x0000000000000033       0x34 /usr/lib/gcc/arm-none-eabi/10.3.1/../../../arm-none-eabi/lib/thumb/v7e-m+fp/hard/libnosys.a(sbrk.o)
 .comment       0x0000000000000033       0x34 /usr/lib/gcc/arm-none-eabi/10.3.1/thumb/v7e-m+fp/hard/libgcc.a(_udivmoddi4.o)
 .comment       0x0000000000000033       0x34 /usr/lib/gcc/arm-none-eabi/10.3.1/thumb/v7e-m+fp/hard/crtend.o

.debug_info     0x0000000000000000    0x1cf22
 .debug_info    0x0000000000000000      0xe1a build/stm32l4xx_hal.o
 .debug_info    0x0000000000000e1a     0x1156 build/stm32l4xx_hal_cortex.o
 .debug_info    0x0000000000001f70      0x903 build/stm32l4xx_hal_gpio.o
 .debug_info    0x0000000000002873      0xbb4 build/stm32l4xx_hal_pwr_ex.o
 .debug_info    0x0000000000003427     0x1068 build/stm32l4xx_hal_rcc.o
 .debug_info    0x000000000000448f     0x13bd build/stm32l4xx_hal_rcc_ex.o
 .debug_info    0x000000000000584c     0x13a1 build/stm32l4xx_hal_rtc.o
 .debug_info    0x0000000000006bed     0x22e0 build/stm32l4xx_hal_spi.o
 .debug_info    0x0000000000008ecd     0x5496 build/stm32l4xx_hal_uart.o
 .debug_info    0x000000000000e363     0x307f build/main.o
 .debug_info    0x00000000000113e2      0x916 build/rtc.o
 .debug_info    0x0000000000011cf8      0xd69 build/spi.o
 .debug_info    0x0000000000012a61      0x15b build/stm32l4xx_it.o
 .debug_info    0x0000000000012bbc     0x17fc build/stm32l4xx_hal_msp.o
 .debug_info    0x00000000000143b8      0x659 build/system_stm32l4xx.o
 .debug_info    0x0000000000014a11       0x22 build/startup_stm32l476xx.o
 .debug_info    0x0000000000014a33      0x863 /usr/lib/gcc/arm-none-eabi/10.3.1/../../../arm-none-eabi/lib/thumb/v7e-m+fp/hard/libc_nano.a(lib_a-impure.o)
 .debug_info    0x0000000000015296      0x11a /usr/lib/gcc/arm-none-eabi/10.3.1/../../../arm-none-eabi/lib/thumb/v7e-m+fp/hard/libc_nano.a(lib_a-init.o)
 .debug_info    0x00000000000153b0      0x832 /usr/lib/gcc/arm-none-eabi/10.3.1/../../../arm-none-eabi/lib/thumb/v7e-m+fp/hard/libc_nano.a(lib_a-malloc.o)
 .debug_info    0x0000000000015be2      0x137 /usr/lib/gcc/arm-none-eabi/10.3.1/../../../arm-none-eabi/lib/thumb/v7e-m+fp/hard/libc_nano.a(lib_a-memset.o)
 .debug_info    0x0000000000015d19      0x903 /usr/lib/gcc/arm-none-eabi/10.3.1/../../../arm-none-eabi/lib/thumb/v7e-m+fp/hard/libc_nano.a(lib_a-nano-freer.o)
 .debug_info    0x000000000001661c      0xa0c /usr/lib/gcc/arm-none-eabi/10.3.1/../../../arm-none-eabi/lib/thumb/v7e-m+fp/hard/libc_nano.a(lib_a-nano-mallocr.o)
 .debug_info    0x0000000000017028      0x828 /usr/lib/gcc/arm-none-eabi/10.3.1/../../../arm-none-eabi/lib/thumb/v7e-m+fp/hard/libc_nano.a(lib_a-sbrkr.o)
 .debug_info    0x0000000000017850       0x26 /usr/lib/gcc/arm-none-eabi/10.3.1/../../../arm-none-eabi/lib/thumb/v7e-m+fp/hard/libc_nano.a(lib_a-strlen.o)
 .debug_info    0x0000000000017876      0x97e /usr/lib/gcc/arm-none-eabi/10.3.1/../../../arm-none-eabi/lib/thumb/v7e-m+fp/hard/libc_nano.a(lib_a-vsprintf.o)
 .debug_info    0x00000000000181f4      0x7dc /usr/lib/gcc/arm-none-eabi/10.3.1/../../../arm-none-eabi/lib/thumb/v7e-m+fp/hard/libc_nano.a(lib_a-mlock.o)
 .debug_info    0x00000000000189d0     0x10d5 /usr/lib/gcc/arm-none-eabi/10.3.1/../../../arm-none-eabi/lib/thumb/v7e-m+fp/hard/libc_nano.a(lib_a-nano-svfprintf.o)
 .debug_info    0x0000000000019aa5      0xe9e /usr/lib/gcc/arm-none-eabi/10.3.1/../../../arm-none-eabi/lib/thumb/v7e-m+fp/hard/libc_nano.a(lib_a-nano-vfprintf_i.o)
 .debug_info    0x000000000001a943      0xa7e /usr/lib/gcc/arm-none-eabi/10.3.1/../../../arm-none-eabi/lib/thumb/v7e-m+fp/hard/libc_nano.a(lib_a-reent.o)
 .debug_info    0x000000000001b3c1       0x26 /usr/lib/gcc/arm-none-eabi/10.3.1/../../../arm-none-eabi/lib/thumb/v7e-m+fp/hard/libc_nano.a(lib_a-memchr.o)
 .debug_info    0x000000000001b3e7       0x26 /usr/lib/gcc/arm-none-eabi/10.3.1/../../../arm-none-eabi/lib/thumb/v7e-m+fp/hard/libc_nano.a(lib_a-memcpy.o)
 .debug_info    0x000000000001b40d      0x152 /usr/lib/gcc/arm-none-eabi/10.3.1/../../../arm-none-eabi/lib/thumb/v7e-m+fp/hard/libc_nano.a(lib_a-memmove.o)
 .debug_info    0x000000000001b55f      0x911 /usr/lib/gcc/arm-none-eabi/10.3.1/../../../arm-none-eabi/lib/thumb/v7e-m+fp/hard/libc_nano.a(lib_a-nano-reallocr.o)
 .debug_info    0x000000000001be70      0x840 /usr/lib/gcc/arm-none-eabi/10.3.1/../../../arm-none-eabi/lib/thumb/v7e-m+fp/hard/libc_nano.a(lib_a-nano-msizer.o)
 .debug_info    0x000000000001c6b0       0x9d /usr/lib/gcc/arm-none-eabi/10.3.1/../../../arm-none-eabi/lib/thumb/v7e-m+fp/hard/libnosys.a(sbrk.o)
 .debug_info    0x000000000001c74d       0x26 /usr/lib/gcc/arm-none-eabi/10.3.1/thumb/v7e-m+fp/hard/libgcc.a(_arm_addsubdf3.o)
 .debug_info    0x000000000001c773       0x26 /usr/lib/gcc/arm-none-eabi/10.3.1/thumb/v7e-m+fp/hard/libgcc.a(_arm_muldivdf3.o)
 .debug_info    0x000000000001c799       0x26 /usr/lib/gcc/arm-none-eabi/10.3.1/thumb/v7e-m+fp/hard/libgcc.a(_arm_truncdfsf2.o)
 .debug_info    0x000000000001c7bf       0x26 /usr/lib/gcc/arm-none-eabi/10.3.1/thumb/v7e-m+fp/hard/libgcc.a(_aeabi_uldivmod.o)
 .debug_info    0x000000000001c7e5      0x717 /usr/lib/gcc/arm-none-eabi/10.3.1/thumb/v7e-m+fp/hard/libgcc.a(_udivmoddi4.o)
 .debug_info    0x000000000001cefc       0x26 /usr/lib/gcc/arm-none-eabi/10.3.1/thumb/v7e-m+fp/hard/libgcc.a(_dvmd_tls.o)

.debug_abbrev   0x0000000000000000     0x4016
 .debug_abbrev  0x0000000000000000      0x249 build/stm32l4xx_hal.o
 .debug_abbrev  0x0000000000000249      0x382 build/stm32l4xx_hal_cortex.o
 .debug_abbrev  0x00000000000005cb      0x222 build/stm32l4xx_hal_gpio.o
 .debug_abbrev  0x00000000000007ed      0x234 build/stm32l4xx_hal_pwr_ex.o
 .debug_abbrev  0x0000000000000a21      0x28e build/stm32l4xx_hal_rcc.o
 .debug_abbrev  0x0000000000000caf      0x2b0 build/stm32l4xx_hal_rcc_ex.o
 .debug_abbrev  0x0000000000000f5f      0x22e build/stm32l4xx_hal_rtc.o
 .debug_abbrev  0x000000000000118d      0x285 build/stm32l4xx_hal_spi.o
 .debug_abbrev  0x0000000000001412      0x316 build/stm32l4xx_hal_uart.o
 .debug_abbrev  0x0000000000001728      0x3a5 build/main.o
 .debug_abbrev  0x0000000000001acd      0x1b8 build/rtc.o
 .debug_abbrev  0x0000000000001c85      0x299 build/spi.o
 .debug_abbrev  0x0000000000001f1e       0x81 build/stm32l4xx_it.o
 .debug_abbrev  0x0000000000001f9f      0x204 build/stm32l4xx_hal_msp.o
 .debug_abbrev  0x00000000000021a3      0x11b build/system_stm32l4xx.o
 .debug_abbrev  0x00000000000022be       0x12 build/startup_stm32l476xx.o
 .debug_abbrev  0x00000000000022d0      0x151 /usr/lib/gcc/arm-none-eabi/10.3.1/../../../arm-none-eabi/lib/thumb/v7e-m+fp/hard/libc_nano.a(lib_a-impure.o)
 .debug_abbrev  0x0000000000002421       0xcc /usr/lib/gcc/arm-none-eabi/10.3.1/../../../arm-none-eabi/lib/thumb/v7e-m+fp/hard/libc_nano.a(lib_a-init.o)
 .debug_abbrev  0x00000000000024ed      0x1b6 /usr/lib/gcc/arm-none-eabi/10.3.1/../../../arm-none-eabi/lib/thumb/v7e-m+fp/hard/libc_nano.a(lib_a-malloc.o)
 .debug_abbrev  0x00000000000026a3       0xb4 /usr/lib/gcc/arm-none-eabi/10.3.1/../../../arm-none-eabi/lib/thumb/v7e-m+fp/hard/libc_nano.a(lib_a-memset.o)
 .debug_abbrev  0x0000000000002757      0x235 /usr/lib/gcc/arm-none-eabi/10.3.1/../../../arm-none-eabi/lib/thumb/v7e-m+fp/hard/libc_nano.a(lib_a-nano-freer.o)
 .debug_abbrev  0x000000000000298c      0x290 /usr/lib/gcc/arm-none-eabi/10.3.1/../../../arm-none-eabi/lib/thumb/v7e-m+fp/hard/libc_nano.a(lib_a-nano-mallocr.o)
 .debug_abbrev  0x0000000000002c1c      0x1d6 /usr/lib/gcc/arm-none-eabi/10.3.1/../../../arm-none-eabi/lib/thumb/v7e-m+fp/hard/libc_nano.a(lib_a-sbrkr.o)
 .debug_abbrev  0x0000000000002df2       0x14 /usr/lib/gcc/arm-none-eabi/10.3.1/../../../arm-none-eabi/lib/thumb/v7e-m+fp/hard/libc_nano.a(lib_a-strlen.o)
 .debug_abbrev  0x0000000000002e06      0x244 /usr/lib/gcc/arm-none-eabi/10.3.1/../../../arm-none-eabi/lib/thumb/v7e-m+fp/hard/libc_nano.a(lib_a-vsprintf.o)
 .debug_abbrev  0x000000000000304a      0x189 /usr/lib/gcc/arm-none-eabi/10.3.1/../../../arm-none-eabi/lib/thumb/v7e-m+fp/hard/libc_nano.a(lib_a-mlock.o)
 .debug_abbrev  0x00000000000031d3      0x2ca /usr/lib/gcc/arm-none-eabi/10.3.1/../../../arm-none-eabi/lib/thumb/v7e-m+fp/hard/libc_nano.a(lib_a-nano-svfprintf.o)
 .debug_abbrev  0x000000000000349d      0x25c /usr/lib/gcc/arm-none-eabi/10.3.1/../../../arm-none-eabi/lib/thumb/v7e-m+fp/hard/libc_nano.a(lib_a-nano-vfprintf_i.o)
 .debug_abbrev  0x00000000000036f9      0x265 /usr/lib/gcc/arm-none-eabi/10.3.1/../../../arm-none-eabi/lib/thumb/v7e-m+fp/hard/libc_nano.a(lib_a-reent.o)
 .debug_abbrev  0x000000000000395e       0x14 /usr/lib/gcc/arm-none-eabi/10.3.1/../../../arm-none-eabi/lib/thumb/v7e-m+fp/hard/libc_nano.a(lib_a-memchr.o)
 .debug_abbrev  0x0000000000003972       0x14 /usr/lib/gcc/arm-none-eabi/10.3.1/../../../arm-none-eabi/lib/thumb/v7e-m+fp/hard/libc_nano.a(lib_a-memcpy.o)
 .debug_abbrev  0x0000000000003986       0xc0 /usr/lib/gcc/arm-none-eabi/10.3.1/../../../arm-none-eabi/lib/thumb/v7e-m+fp/hard/libc_nano.a(lib_a-memmove.o)
 .debug_abbrev  0x0000000000003a46      0x1d6 /usr/lib/gcc/arm-none-eabi/10.3.1/../../../arm-none-eabi/lib/thumb/v7e-m+fp/hard/libc_nano.a(lib_a-nano-reallocr.o)
 .debug_abbrev  0x0000000000003c1c      0x191 /usr/lib/gcc/arm-none-eabi/10.3.1/../../../arm-none-eabi/lib/thumb/v7e-m+fp/hard/libc_nano.a(lib_a-nano-msizer.o)
 .debug_abbrev  0x0000000000003dad       0xa2 /usr/lib/gcc/arm-none-eabi/10.3.1/../../../arm-none-eabi/lib/thumb/v7e-m+fp/hard/libnosys.a(sbrk.o)
 .debug_abbrev  0x0000000000003e4f       0x14 /usr/lib/gcc/arm-none-eabi/10.3.1/thumb/v7e-m+fp/hard/libgcc.a(_arm_addsubdf3.o)
 .debug_abbrev  0x0000000000003e63       0x14 /usr/lib/gcc/arm-none-eabi/10.3.1/thumb/v7e-m+fp/hard/libgcc.a(_arm_muldivdf3.o)
 .debug_abbrev  0x0000000000003e77       0x14 /usr/lib/gcc/arm-none-eabi/10.3.1/thumb/v7e-m+fp/hard/libgcc.a(_arm_truncdfsf2.o)
 .debug_abbrev  0x0000000000003e8b       0x14 /usr/lib/gcc/arm-none-eabi/10.3.1/thumb/v7e-m+fp/hard/libgcc.a(_aeabi_uldivmod.o)
 .debug_abbrev  0x0000000000003e9f      0x163 /usr/lib/gcc/arm-none-eabi/10.3.1/thumb/v7e-m+fp/hard/libgcc.a(_udivmoddi4.o)
 .debug_abbrev  0x0000000000004002       0x14 /usr/lib/gcc/arm-none-eabi/10.3.1/thumb/v7e-m+fp/hard/libgcc.a(_dvmd_tls.o)

.debug_loc      0x0000000000000000    0x11096
 .debug_loc     0x0000000000000000      0x2af build/stm32l4xx_hal.o
 .debug_loc     0x00000000000002af      0x7a4 build/stm32l4xx_hal_cortex.o
 .debug_loc     0x0000000000000a53      0x496 build/stm32l4xx_hal_gpio.o
 .debug_loc     0x0000000000000ee9      0xb66 build/stm32l4xx_hal_pwr_ex.o
 .debug_loc     0x0000000000001a4f      0x9ac build/stm32l4xx_hal_rcc.o
 .debug_loc     0x00000000000023fb     0x1cf1 build/stm32l4xx_hal_rcc_ex.o
 .debug_loc     0x00000000000040ec      0xf97 build/stm32l4xx_hal_rtc.o
 .debug_loc     0x0000000000005083     0x2970 build/stm32l4xx_hal_spi.o
 .debug_loc     0x00000000000079f3     0x517c build/stm32l4xx_hal_uart.o
 .debug_loc     0x000000000000cb6f      0x7c0 build/main.o
 .debug_loc     0x000000000000d32f      0x2c0 build/rtc.o
 .debug_loc     0x000000000000d5ef      0x69c build/spi.o
 .debug_loc     0x000000000000dc8b       0x20 build/stm32l4xx_it.o
 .debug_loc     0x000000000000dcab      0x246 build/stm32l4xx_hal_msp.o
 .debug_loc     0x000000000000def1      0x127 build/system_stm32l4xx.o
 .debug_loc     0x000000000000e018       0xba /usr/lib/gcc/arm-none-eabi/10.3.1/../../../arm-none-eabi/lib/thumb/v7e-m+fp/hard/libc_nano.a(lib_a-init.o)
 .debug_loc     0x000000000000e0d2       0x64 /usr/lib/gcc/arm-none-eabi/10.3.1/../../../arm-none-eabi/lib/thumb/v7e-m+fp/hard/libc_nano.a(lib_a-malloc.o)
 .debug_loc     0x000000000000e136      0x22c /usr/lib/gcc/arm-none-eabi/10.3.1/../../../arm-none-eabi/lib/thumb/v7e-m+fp/hard/libc_nano.a(lib_a-memset.o)
 .debug_loc     0x000000000000e362      0x203 /usr/lib/gcc/arm-none-eabi/10.3.1/../../../arm-none-eabi/lib/thumb/v7e-m+fp/hard/libc_nano.a(lib_a-nano-freer.o)
 .debug_loc     0x000000000000e565      0x3cd /usr/lib/gcc/arm-none-eabi/10.3.1/../../../arm-none-eabi/lib/thumb/v7e-m+fp/hard/libc_nano.a(lib_a-nano-mallocr.o)
 .debug_loc     0x000000000000e932       0x6c /usr/lib/gcc/arm-none-eabi/10.3.1/../../../arm-none-eabi/lib/thumb/v7e-m+fp/hard/libc_nano.a(lib_a-sbrkr.o)
 .debug_loc     0x000000000000e99e      0x1cb /usr/lib/gcc/arm-none-eabi/10.3.1/../../../arm-none-eabi/lib/thumb/v7e-m+fp/hard/libc_nano.a(lib_a-vsprintf.o)
 .debug_loc     0x000000000000eb69      0x82e /usr/lib/gcc/arm-none-eabi/10.3.1/../../../arm-none-eabi/lib/thumb/v7e-m+fp/hard/libc_nano.a(lib_a-nano-svfprintf.o)
 .debug_loc     0x000000000000f397      0x5dd /usr/lib/gcc/arm-none-eabi/10.3.1/../../../arm-none-eabi/lib/thumb/v7e-m+fp/hard/libc_nano.a(lib_a-nano-vfprintf_i.o)
 .debug_loc     0x000000000000f974      0x1cd /usr/lib/gcc/arm-none-eabi/10.3.1/../../../arm-none-eabi/lib/thumb/v7e-m+fp/hard/libc_nano.a(lib_a-reent.o)
 .debug_loc     0x000000000000fb41      0x34f /usr/lib/gcc/arm-none-eabi/10.3.1/../../../arm-none-eabi/lib/thumb/v7e-m+fp/hard/libc_nano.a(lib_a-memmove.o)
 .debug_loc     0x000000000000fe90      0x133 /usr/lib/gcc/arm-none-eabi/10.3.1/../../../arm-none-eabi/lib/thumb/v7e-m+fp/hard/libc_nano.a(lib_a-nano-reallocr.o)
 .debug_loc     0x000000000000ffc3       0x86 /usr/lib/gcc/arm-none-eabi/10.3.1/../../../arm-none-eabi/lib/thumb/v7e-m+fp/hard/libc_nano.a(lib_a-nano-msizer.o)
 .debug_loc     0x0000000000010049       0x3e /usr/lib/gcc/arm-none-eabi/10.3.1/../../../arm-none-eabi/lib/thumb/v7e-m+fp/hard/libnosys.a(sbrk.o)
 .debug_loc     0x0000000000010087     0x100f /usr/lib/gcc/arm-none-eabi/10.3.1/thumb/v7e-m+fp/hard/libgcc.a(_udivmoddi4.o)

.debug_aranges  0x0000000000000000      0xef0
 .debug_aranges
                0x0000000000000000      0x130 build/stm32l4xx_hal.o
 .debug_aranges
                0x0000000000000130       0xa8 build/stm32l4xx_hal_cortex.o
 .debug_aranges
                0x00000000000001d8       0x58 build/stm32l4xx_hal_gpio.o
 .debug_aranges
                0x0000000000000230      0x160 build/stm32l4xx_hal_pwr_ex.o
 .debug_aranges
                0x0000000000000390       0x90 build/stm32l4xx_hal_rcc.o
 .debug_aranges
                0x0000000000000420       0xc0 build/stm32l4xx_hal_rcc_ex.o
 .debug_aranges
                0x00000000000004e0       0xe8 build/stm32l4xx_hal_rtc.o
 .debug_aranges
                0x00000000000005c8      0x1d8 build/stm32l4xx_hal_spi.o
 .debug_aranges
                0x00000000000007a0      0x228 build/stm32l4xx_hal_uart.o
 .debug_aranges
                0x00000000000009c8       0xa8 build/main.o
 .debug_aranges
                0x0000000000000a70       0x30 build/rtc.o
 .debug_aranges
                0x0000000000000aa0       0x38 build/spi.o
 .debug_aranges
                0x0000000000000ad8       0x60 build/stm32l4xx_it.o
 .debug_aranges
                0x0000000000000b38       0x50 build/stm32l4xx_hal_msp.o
 .debug_aranges
                0x0000000000000b88       0x28 build/system_stm32l4xx.o
 .debug_aranges
                0x0000000000000bb0       0x28 build/startup_stm32l476xx.o
 .debug_aranges
                0x0000000000000bd8       0x18 /usr/lib/gcc/arm-none-eabi/10.3.1/../../../arm-none-eabi/lib/thumb/v7e-m+fp/hard/libc_nano.a(lib_a-impure.o)
 .debug_aranges
                0x0000000000000bf0       0x20 /usr/lib/gcc/arm-none-eabi/10.3.1/../../../arm-none-eabi/lib/thumb/v7e-m+fp/hard/libc_nano.a(lib_a-init.o)
 .debug_aranges
                0x0000000000000c10       0x20 /usr/lib/gcc/arm-none-eabi/10.3.1/../../../arm-none-eabi/lib/thumb/v7e-m+fp/hard/libc_nano.a(lib_a-malloc.o)
 .debug_aranges
                0x0000000000000c30       0x20 /usr/lib/gcc/arm-none-eabi/10.3.1/../../../arm-none-eabi/lib/thumb/v7e-m+fp/hard/libc_nano.a(lib_a-memset.o)
 .debug_aranges
                0x0000000000000c50       0x20 /usr/lib/gcc/arm-none-eabi/10.3.1/../../../arm-none-eabi/lib/thumb/v7e-m+fp/hard/libc_nano.a(lib_a-nano-freer.o)
 .debug_aranges
                0x0000000000000c70       0x20 /usr/lib/gcc/arm-none-eabi/10.3.1/../../../arm-none-eabi/lib/thumb/v7e-m+fp/hard/libc_nano.a(lib_a-nano-mallocr.o)
 .debug_aranges
                0x0000000000000c90       0x20 /usr/lib/gcc/arm-none-eabi/10.3.1/../../../arm-none-eabi/lib/thumb/v7e-m+fp/hard/libc_nano.a(lib_a-sbrkr.o)
 .debug_aranges
                0x0000000000000cb0       0x20 /usr/lib/gcc/arm-none-eabi/10.3.1/../../../arm-none-eabi/lib/thumb/v7e-m+fp/hard/libc_nano.a(lib_a-strlen.o)
 .debug_aranges
                0x0000000000000cd0       0x20 /usr/lib/gcc/arm-none-eabi/10.3.1/../../../arm-none-eabi/lib/thumb/v7e-m+fp/hard/libc_nano.a(lib_a-vsprintf.o)
 .debug_aranges
                0x0000000000000cf0       0x20 /usr/lib/gcc/arm-none-eabi/10.3.1/../../../arm-none-eabi/lib/thumb/v7e-m+fp/hard/libc_nano.a(lib_a-mlock.o)
 .debug_aranges
                0x0000000000000d10       0x20 /usr/lib/gcc/arm-none-eabi/10.3.1/../../../arm-none-eabi/lib/thumb/v7e-m+fp/hard/libc_nano.a(lib_a-nano-svfprintf.o)
 .debug_aranges
                0x0000000000000d30       0x20 /usr/lib/gcc/arm-none-eabi/10.3.1/../../../arm-none-eabi/lib/thumb/v7e-m+fp/hard/libc_nano.a(lib_a-nano-vfprintf_i.o)
 .debug_aranges
                0x0000000000000d50       0x20 /usr/lib/gcc/arm-none-eabi/10.3.1/../../../arm-none-eabi/lib/thumb/v7e-m+fp/hard/libc_nano.a(lib_a-reent.o)
 .debug_aranges
                0x0000000000000d70       0x20 /usr/lib/gcc/arm-none-eabi/10.3.1/../../../arm-none-eabi/lib/thumb/v7e-m+fp/hard/libc_nano.a(lib_a-memchr.o)
 .debug_aranges
                0x0000000000000d90       0x20 /usr/lib/gcc/arm-none-eabi/10.3.1/../../../arm-none-eabi/lib/thumb/v7e-m+fp/hard/libc_nano.a(lib_a-memcpy.o)
 .debug_aranges
                0x0000000000000db0       0x20 /usr/lib/gcc/arm-none-eabi/10.3.1/../../../arm-none-eabi/lib/thumb/v7e-m+fp/hard/libc_nano.a(lib_a-memmove.o)
 .debug_aranges
                0x0000000000000dd0       0x20 /usr/lib/gcc/arm-none-eabi/10.3.1/../../../arm-none-eabi/lib/thumb/v7e-m+fp/hard/libc_nano.a(lib_a-nano-reallocr.o)
 .debug_aranges
                0x0000000000000df0       0x20 /usr/lib/gcc/arm-none-eabi/10.3.1/../../../arm-none-eabi/lib/thumb/v7e-m+fp/hard/libc_nano.a(lib_a-nano-msizer.o)
 .debug_aranges
                0x0000000000000e10       0x20 /usr/lib/gcc/arm-none-eabi/10.3.1/../../../arm-none-eabi/lib/thumb/v7e-m+fp/hard/libnosys.a(sbrk.o)
 .debug_aranges
                0x0000000000000e30       0x20 /usr/lib/gcc/arm-none-eabi/10.3.1/thumb/v7e-m+fp/hard/libgcc.a(_arm_addsubdf3.o)
 .debug_aranges
                0x0000000000000e50       0x20 /usr/lib/gcc/arm-none-eabi/10.3.1/thumb/v7e-m+fp/hard/libgcc.a(_arm_muldivdf3.o)
 .debug_aranges
                0x0000000000000e70       0x20 /usr/lib/gcc/arm-none-eabi/10.3.1/thumb/v7e-m+fp/hard/libgcc.a(_arm_truncdfsf2.o)
 .debug_aranges
                0x0000000000000e90       0x20 /usr/lib/gcc/arm-none-eabi/10.3.1/thumb/v7e-m+fp/hard/libgcc.a(_aeabi_uldivmod.o)
 .debug_aranges
                0x0000000000000eb0       0x20 /usr/lib/gcc/arm-none-eabi/10.3.1/thumb/v7e-m+fp/hard/libgcc.a(_udivmoddi4.o)
 .debug_aranges
                0x0000000000000ed0       0x20 /usr/lib/gcc/arm-none-eabi/10.3.1/thumb/v7e-m+fp/hard/libgcc.a(_dvmd_tls.o)

.debug_ranges   0x0000000000000000      0xe68
 .debug_ranges  0x0000000000000000      0x120 build/stm32l4xx_hal.o
 .debug_ranges  0x0000000000000120       0xf8 build/stm32l4xx_hal_cortex.o
 .debug_ranges  0x0000000000000218       0x48 build/stm32l4xx_hal_gpio.o
 .debug_ranges  0x0000000000000260      0x150 build/stm32l4xx_hal_pwr_ex.o
 .debug_ranges  0x00000000000003b0       0x98 build/stm32l4xx_hal_rcc.o
 .debug_ranges  0x0000000000000448       0xc8 build/stm32l4xx_hal_rcc_ex.o
 .debug_ranges  0x0000000000000510      0x108 build/stm32l4xx_hal_rtc.o
 .debug_ranges  0x0000000000000618      0x1c8 build/stm32l4xx_hal_spi.o
 .debug_ranges  0x00000000000007e0      0x230 build/stm32l4xx_hal_uart.o
 .debug_ranges  0x0000000000000a10       0xb0 build/main.o
 .debug_ranges  0x0000000000000ac0       0x20 build/rtc.o
 .debug_ranges  0x0000000000000ae0       0x88 build/spi.o
 .debug_ranges  0x0000000000000b68       0x50 build/stm32l4xx_it.o
 .debug_ranges  0x0000000000000bb8       0x40 build/stm32l4xx_hal_msp.o
 .debug_ranges  0x0000000000000bf8       0x18 build/system_stm32l4xx.o
 .debug_ranges  0x0000000000000c10       0x20 build/startup_stm32l476xx.o
 .debug_ranges  0x0000000000000c30       0x20 /usr/lib/gcc/arm-none-eabi/10.3.1/../../../arm-none-eabi/lib/thumb/v7e-m+fp/hard/libc_nano.a(lib_a-nano-freer.o)
 .debug_ranges  0x0000000000000c50       0x38 /usr/lib/gcc/arm-none-eabi/10.3.1/../../../arm-none-eabi/lib/thumb/v7e-m+fp/hard/libc_nano.a(lib_a-nano-mallocr.o)
 .debug_ranges  0x0000000000000c88       0x18 /usr/lib/gcc/arm-none-eabi/10.3.1/../../../arm-none-eabi/lib/thumb/v7e-m+fp/hard/libc_nano.a(lib_a-vsprintf.o)
 .debug_ranges  0x0000000000000ca0       0x40 /usr/lib/gcc/arm-none-eabi/10.3.1/../../../arm-none-eabi/lib/thumb/v7e-m+fp/hard/libc_nano.a(lib_a-nano-svfprintf.o)
 .debug_ranges  0x0000000000000ce0       0xa0 /usr/lib/gcc/arm-none-eabi/10.3.1/../../../arm-none-eabi/lib/thumb/v7e-m+fp/hard/libc_nano.a(lib_a-nano-vfprintf_i.o)
 .debug_ranges  0x0000000000000d80       0xe8 /usr/lib/gcc/arm-none-eabi/10.3.1/thumb/v7e-m+fp/hard/libgcc.a(_udivmoddi4.o)

.debug_line     0x0000000000000000    0x118ea
 .debug_line    0x0000000000000000      0x60a build/stm32l4xx_hal.o
 .debug_line    0x000000000000060a      0x6e4 build/stm32l4xx_hal_cortex.o
 .debug_line    0x0000000000000cee      0x63d build/stm32l4xx_hal_gpio.o
 .debug_line    0x000000000000132b      0xa4d build/stm32l4xx_hal_pwr_ex.o
 .debug_line    0x0000000000001d78      0xe67 build/stm32l4xx_hal_rcc.o
 .debug_line    0x0000000000002bdf     0x149a build/stm32l4xx_hal_rcc_ex.o
 .debug_line    0x0000000000004079     0x1042 build/stm32l4xx_hal_rtc.o
 .debug_line    0x00000000000050bb     0x293a build/stm32l4xx_hal_spi.o
 .debug_line    0x00000000000079f5     0x512f build/stm32l4xx_hal_uart.o
 .debug_line    0x000000000000cb24      0xb08 build/main.o
 .debug_line    0x000000000000d62c      0x2cb build/rtc.o
 .debug_line    0x000000000000d8f7      0x4ea build/spi.o
 .debug_line    0x000000000000dde1      0x174 build/stm32l4xx_it.o
 .debug_line    0x000000000000df55      0x384 build/stm32l4xx_hal_msp.o
 .debug_line    0x000000000000e2d9      0x204 build/system_stm32l4xx.o
 .debug_line    0x000000000000e4dd       0x76 build/startup_stm32l476xx.o
 .debug_line    0x000000000000e553       0xe4 /usr/lib/gcc/arm-none-eabi/10.3.1/../../../arm-none-eabi/lib/thumb/v7e-m+fp/hard/libc_nano.a(lib_a-impure.o)
 .debug_line    0x000000000000e637      0x138 /usr/lib/gcc/arm-none-eabi/10.3.1/../../../arm-none-eabi/lib/thumb/v7e-m+fp/hard/libc_nano.a(lib_a-init.o)
 .debug_line    0x000000000000e76f      0x15f /usr/lib/gcc/arm-none-eabi/10.3.1/../../../arm-none-eabi/lib/thumb/v7e-m+fp/hard/libc_nano.a(lib_a-malloc.o)
 .debug_line    0x000000000000e8ce      0x1bf /usr/lib/gcc/arm-none-eabi/10.3.1/../../../arm-none-eabi/lib/thumb/v7e-m+fp/hard/libc_nano.a(lib_a-memset.o)
 .debug_line    0x000000000000ea8d      0x2ca /usr/lib/gcc/arm-none-eabi/10.3.1/../../../arm-none-eabi/lib/thumb/v7e-m+fp/hard/libc_nano.a(lib_a-nano-freer.o)
 .debug_line    0x000000000000ed57      0x2d0 /usr/lib/gcc/arm-none-eabi/10.3.1/../../../arm-none-eabi/lib/thumb/v7e-m+fp/hard/libc_nano.a(lib_a-nano-mallocr.o)
 .debug_line    0x000000000000f027      0x183 /usr/lib/gcc/arm-none-eabi/10.3.1/../../../arm-none-eabi/lib/thumb/v7e-m+fp/hard/libc_nano.a(lib_a-sbrkr.o)
 .debug_line    0x000000000000f1aa       0xaf /usr/lib/gcc/arm-none-eabi/10.3.1/../../../arm-none-eabi/lib/thumb/v7e-m+fp/hard/libc_nano.a(lib_a-strlen.o)
 .debug_line    0x000000000000f259      0x202 /usr/lib/gcc/arm-none-eabi/10.3.1/../../../arm-none-eabi/lib/thumb/v7e-m+fp/hard/libc_nano.a(lib_a-vsprintf.o)
 .debug_line    0x000000000000f45b      0x13e /usr/lib/gcc/arm-none-eabi/10.3.1/../../../arm-none-eabi/lib/thumb/v7e-m+fp/hard/libc_nano.a(lib_a-mlock.o)
 .debug_line    0x000000000000f599      0x83a /usr/lib/gcc/arm-none-eabi/10.3.1/../../../arm-none-eabi/lib/thumb/v7e-m+fp/hard/libc_nano.a(lib_a-nano-svfprintf.o)
 .debug_line    0x000000000000fdd3      0x746 /usr/lib/gcc/arm-none-eabi/10.3.1/../../../arm-none-eabi/lib/thumb/v7e-m+fp/hard/libc_nano.a(lib_a-nano-vfprintf_i.o)
 .debug_line    0x0000000000010519      0x2c7 /usr/lib/gcc/arm-none-eabi/10.3.1/../../../arm-none-eabi/lib/thumb/v7e-m+fp/hard/libc_nano.a(lib_a-reent.o)
 .debug_line    0x00000000000107e0       0xa4 /usr/lib/gcc/arm-none-eabi/10.3.1/../../../arm-none-eabi/lib/thumb/v7e-m+fp/hard/libc_nano.a(lib_a-memchr.o)
 .debug_line    0x0000000000010884       0xbe /usr/lib/gcc/arm-none-eabi/10.3.1/../../../arm-none-eabi/lib/thumb/v7e-m+fp/hard/libc_nano.a(lib_a-memcpy.o)
 .debug_line    0x0000000000010942      0x1ee /usr/lib/gcc/arm-none-eabi/10.3.1/../../../arm-none-eabi/lib/thumb/v7e-m+fp/hard/libc_nano.a(lib_a-memmove.o)
 .debug_line    0x0000000000010b30      0x1c5 /usr/lib/gcc/arm-none-eabi/10.3.1/../../../arm-none-eabi/lib/thumb/v7e-m+fp/hard/libc_nano.a(lib_a-nano-reallocr.o)
 .debug_line    0x0000000000010cf5      0x160 /usr/lib/gcc/arm-none-eabi/10.3.1/../../../arm-none-eabi/lib/thumb/v7e-m+fp/hard/libc_nano.a(lib_a-nano-msizer.o)
 .debug_line    0x0000000000010e55       0x79 /usr/lib/gcc/arm-none-eabi/10.3.1/../../../arm-none-eabi/lib/thumb/v7e-m+fp/hard/libnosys.a(sbrk.o)
 .debug_line    0x0000000000010ece      0x186 /usr/lib/gcc/arm-none-eabi/10.3.1/thumb/v7e-m+fp/hard/libgcc.a(_arm_addsubdf3.o)
 .debug_line    0x0000000000011054      0x19b /usr/lib/gcc/arm-none-eabi/10.3.1/thumb/v7e-m+fp/hard/libgcc.a(_arm_muldivdf3.o)
 .debug_line    0x00000000000111ef       0x8d /usr/lib/gcc/arm-none-eabi/10.3.1/thumb/v7e-m+fp/hard/libgcc.a(_arm_truncdfsf2.o)
 .debug_line    0x000000000001127c       0x60 /usr/lib/gcc/arm-none-eabi/10.3.1/thumb/v7e-m+fp/hard/libgcc.a(_aeabi_uldivmod.o)
 .debug_line    0x00000000000112dc      0x5ae /usr/lib/gcc/arm-none-eabi/10.3.1/thumb/v7e-m+fp/hard/libgcc.a(_udivmoddi4.o)
 .debug_line    0x000000000001188a       0x60 /usr/lib/gcc/arm-none-eabi/10.3.1/thumb/v7e-m+fp/hard/libgcc.a(_dvmd_tls.o)

.debug_str      0x0000000000000000     0x59d4
 .debug_str     0x0000000000000000      0xcba build/stm32l4xx_hal.o
                                        0xd3b (size before relaxing)
 .debug_str     0x0000000000000cba      0x48f build/stm32l4xx_hal_cortex.o
                                        0xbed (size before relaxing)
 .debug_str     0x0000000000001149      0x1c5 build/stm32l4xx_hal_gpio.o
                                        0x516 (size before relaxing)
 .debug_str     0x000000000000130e      0x592 build/stm32l4xx_hal_pwr_ex.o
                                        0x826 (size before relaxing)
 .debug_str     0x00000000000018a0      0x3a0 build/stm32l4xx_hal_rcc.o
                                        0x868 (size before relaxing)
 .debug_str     0x0000000000001c40      0x592 build/stm32l4xx_hal_rcc_ex.o
                                        0xa91 (size before relaxing)
 .debug_str     0x00000000000021d2      0x5bd build/stm32l4xx_hal_rtc.o
                                        0x83b (size before relaxing)
 .debug_str     0x000000000000278f      0x917 build/stm32l4xx_hal_spi.o
                                        0xbad (size before relaxing)
 .debug_str     0x00000000000030a6      0x979 build/stm32l4xx_hal_uart.o
                                        0xfd5 (size before relaxing)
 .debug_str     0x0000000000003a1f      0x6fb build/main.o
                                       0x15b8 (size before relaxing)
 .debug_str     0x000000000000411a       0xf9 build/rtc.o
                                        0x5ec (size before relaxing)
 .debug_str     0x0000000000004213      0x157 build/spi.o
                                        0x4e7 (size before relaxing)
 .debug_str     0x000000000000436a       0xa3 build/stm32l4xx_it.o
                                        0x216 (size before relaxing)
 .debug_str     0x000000000000440d       0x18 build/stm32l4xx_hal_msp.o
                                        0xea9 (size before relaxing)
 .debug_str     0x0000000000004425       0x38 build/system_stm32l4xx.o
                                        0x3ab (size before relaxing)
 .debug_str     0x000000000000445d       0x22 build/startup_stm32l476xx.o
                                         0x54 (size before relaxing)
 .debug_str     0x000000000000447f      0x460 /usr/lib/gcc/arm-none-eabi/10.3.1/../../../arm-none-eabi/lib/thumb/v7e-m+fp/hard/libc_nano.a(lib_a-impure.o)
                                        0x55e (size before relaxing)
 .debug_str     0x00000000000048df       0xf6 /usr/lib/gcc/arm-none-eabi/10.3.1/../../../arm-none-eabi/lib/thumb/v7e-m+fp/hard/libc_nano.a(lib_a-init.o)
                                        0x20b (size before relaxing)
 .debug_str     0x00000000000049d5       0xb4 /usr/lib/gcc/arm-none-eabi/10.3.1/../../../arm-none-eabi/lib/thumb/v7e-m+fp/hard/libc_nano.a(lib_a-malloc.o)
                                        0x533 (size before relaxing)
 .debug_str     0x0000000000004a89       0xa3 /usr/lib/gcc/arm-none-eabi/10.3.1/../../../arm-none-eabi/lib/thumb/v7e-m+fp/hard/libc_nano.a(lib_a-memset.o)
                                        0x1c0 (size before relaxing)
 .debug_str     0x0000000000004b2c       0xb4 /usr/lib/gcc/arm-none-eabi/10.3.1/../../../arm-none-eabi/lib/thumb/v7e-m+fp/hard/libc_nano.a(lib_a-nano-freer.o)
                                        0x595 (size before relaxing)
 .debug_str     0x0000000000004be0       0x46 /usr/lib/gcc/arm-none-eabi/10.3.1/../../../arm-none-eabi/lib/thumb/v7e-m+fp/hard/libc_nano.a(lib_a-nano-mallocr.o)
                                        0x5c0 (size before relaxing)
 .debug_str     0x0000000000004c26       0x47 /usr/lib/gcc/arm-none-eabi/10.3.1/../../../arm-none-eabi/lib/thumb/v7e-m+fp/hard/libc_nano.a(lib_a-sbrkr.o)
                                        0x516 (size before relaxing)
 .debug_str     0x0000000000004c6d       0xb5 /usr/lib/gcc/arm-none-eabi/10.3.1/../../../arm-none-eabi/lib/thumb/v7e-m+fp/hard/libc_nano.a(lib_a-strlen.o)
 .debug_str     0x0000000000004d22       0xaf /usr/lib/gcc/arm-none-eabi/10.3.1/../../../arm-none-eabi/lib/thumb/v7e-m+fp/hard/libc_nano.a(lib_a-vsprintf.o)
                                        0x54f (size before relaxing)
 .debug_str     0x0000000000004dd1       0x4c /usr/lib/gcc/arm-none-eabi/10.3.1/../../../arm-none-eabi/lib/thumb/v7e-m+fp/hard/libc_nano.a(lib_a-mlock.o)
                                        0x52c (size before relaxing)
 .debug_str     0x0000000000004e1d      0x283 /usr/lib/gcc/arm-none-eabi/10.3.1/../../../arm-none-eabi/lib/thumb/v7e-m+fp/hard/libc_nano.a(lib_a-nano-svfprintf.o)
                                        0x855 (size before relaxing)
 .debug_str     0x00000000000050a0       0x94 /usr/lib/gcc/arm-none-eabi/10.3.1/../../../arm-none-eabi/lib/thumb/v7e-m+fp/hard/libc_nano.a(lib_a-nano-vfprintf_i.o)
                                        0x7ec (size before relaxing)
 .debug_str     0x0000000000005134       0x5e /usr/lib/gcc/arm-none-eabi/10.3.1/../../../arm-none-eabi/lib/thumb/v7e-m+fp/hard/libc_nano.a(lib_a-reent.o)
                                        0x53e (size before relaxing)
 .debug_str     0x0000000000005192       0x3c /usr/lib/gcc/arm-none-eabi/10.3.1/../../../arm-none-eabi/lib/thumb/v7e-m+fp/hard/libc_nano.a(lib_a-memchr.o)
                                         0xaf (size before relaxing)
 .debug_str     0x00000000000051ce       0x43 /usr/lib/gcc/arm-none-eabi/10.3.1/../../../arm-none-eabi/lib/thumb/v7e-m+fp/hard/libc_nano.a(lib_a-memcpy.o)
                                         0xb6 (size before relaxing)
 .debug_str     0x0000000000005211       0x5f /usr/lib/gcc/arm-none-eabi/10.3.1/../../../arm-none-eabi/lib/thumb/v7e-m+fp/hard/libc_nano.a(lib_a-memmove.o)
                                        0x1df (size before relaxing)
 .debug_str     0x0000000000005270       0x23 /usr/lib/gcc/arm-none-eabi/10.3.1/../../../arm-none-eabi/lib/thumb/v7e-m+fp/hard/libc_nano.a(lib_a-nano-reallocr.o)
                                        0x57f (size before relaxing)
 .debug_str     0x0000000000005293        0xf /usr/lib/gcc/arm-none-eabi/10.3.1/../../../arm-none-eabi/lib/thumb/v7e-m+fp/hard/libc_nano.a(lib_a-nano-msizer.o)
                                        0x55d (size before relaxing)
 .debug_str     0x00000000000052a2       0xf8 /usr/lib/gcc/arm-none-eabi/10.3.1/../../../arm-none-eabi/lib/thumb/v7e-m+fp/hard/libnosys.a(sbrk.o)
                                        0x111 (size before relaxing)
 .debug_str     0x000000000000539a       0x9f /usr/lib/gcc/arm-none-eabi/10.3.1/thumb/v7e-m+fp/hard/libgcc.a(_arm_addsubdf3.o)
                                         0xab (size before relaxing)
 .debug_str     0x0000000000005439       0xab /usr/lib/gcc/arm-none-eabi/10.3.1/thumb/v7e-m+fp/hard/libgcc.a(_arm_muldivdf3.o)
 .debug_str     0x0000000000005439       0xab /usr/lib/gcc/arm-none-eabi/10.3.1/thumb/v7e-m+fp/hard/libgcc.a(_arm_truncdfsf2.o)
 .debug_str     0x0000000000005439       0x2c /usr/lib/gcc/arm-none-eabi/10.3.1/thumb/v7e-m+fp/hard/libgcc.a(_aeabi_uldivmod.o)
                                         0xa6 (size before relaxing)
 .debug_str     0x0000000000005465      0x53f /usr/lib/gcc/arm-none-eabi/10.3.1/thumb/v7e-m+fp/hard/libgcc.a(_udivmoddi4.o)
                                        0x647 (size before relaxing)
 .debug_str     0x00000000000059a4       0x30 /usr/lib/gcc/arm-none-eabi/10.3.1/thumb/v7e-m+fp/hard/libgcc.a(_dvmd_tls.o)
                                         0xaa (size before relaxing)

.debug_frame    0x0000000000000000     0x23d8
 .debug_frame   0x0000000000000000      0x274 build/stm32l4xx_hal.o
 .debug_frame   0x0000000000000274      0x148 build/stm32l4xx_hal_cortex.o
 .debug_frame   0x00000000000003bc       0xd0 build/stm32l4xx_hal_gpio.o
 .debug_frame   0x000000000000048c      0x2b8 build/stm32l4xx_hal_pwr_ex.o
 .debug_frame   0x0000000000000744      0x19c build/stm32l4xx_hal_rcc.o
 .debug_frame   0x00000000000008e0      0x204 build/stm32l4xx_hal_rcc_ex.o
 .debug_frame   0x0000000000000ae4      0x278 build/stm32l4xx_hal_rtc.o
 .debug_frame   0x0000000000000d5c      0x5f8 build/stm32l4xx_hal_spi.o
 .debug_frame   0x0000000000001354      0x600 build/stm32l4xx_hal_uart.o
 .debug_frame   0x0000000000001954      0x258 build/main.o
 .debug_frame   0x0000000000001bac       0x74 build/rtc.o
 .debug_frame   0x0000000000001c20       0xa8 build/spi.o
 .debug_frame   0x0000000000001cc8       0xa8 build/stm32l4xx_it.o
 .debug_frame   0x0000000000001d70       0xd0 build/stm32l4xx_hal_msp.o
 .debug_frame   0x0000000000001e40       0x30 build/system_stm32l4xx.o
 .debug_frame   0x0000000000001e70       0x2c /usr/lib/gcc/arm-none-eabi/10.3.1/../../../arm-none-eabi/lib/thumb/v7e-m+fp/hard/libc_nano.a(lib_a-init.o)
 .debug_frame   0x0000000000001e9c       0x30 /usr/lib/gcc/arm-none-eabi/10.3.1/../../../arm-none-eabi/lib/thumb/v7e-m+fp/hard/libc_nano.a(lib_a-malloc.o)
 .debug_frame   0x0000000000001ecc       0x2c /usr/lib/gcc/arm-none-eabi/10.3.1/../../../arm-none-eabi/lib/thumb/v7e-m+fp/hard/libc_nano.a(lib_a-memset.o)
 .debug_frame   0x0000000000001ef8       0x54 /usr/lib/gcc/arm-none-eabi/10.3.1/../../../arm-none-eabi/lib/thumb/v7e-m+fp/hard/libc_nano.a(lib_a-nano-freer.o)
 .debug_frame   0x0000000000001f4c       0x30 /usr/lib/gcc/arm-none-eabi/10.3.1/../../../arm-none-eabi/lib/thumb/v7e-m+fp/hard/libc_nano.a(lib_a-nano-mallocr.o)
 .debug_frame   0x0000000000001f7c       0x2c /usr/lib/gcc/arm-none-eabi/10.3.1/../../../arm-none-eabi/lib/thumb/v7e-m+fp/hard/libc_nano.a(lib_a-sbrkr.o)
 .debug_frame   0x0000000000001fa8       0x54 /usr/lib/gcc/arm-none-eabi/10.3.1/../../../arm-none-eabi/lib/thumb/v7e-m+fp/hard/libc_nano.a(lib_a-vsprintf.o)
 .debug_frame   0x0000000000001ffc       0x30 /usr/lib/gcc/arm-none-eabi/10.3.1/../../../arm-none-eabi/lib/thumb/v7e-m+fp/hard/libc_nano.a(lib_a-mlock.o)
 .debug_frame   0x000000000000202c       0x98 /usr/lib/gcc/arm-none-eabi/10.3.1/../../../arm-none-eabi/lib/thumb/v7e-m+fp/hard/libc_nano.a(lib_a-nano-svfprintf.o)
 .debug_frame   0x00000000000020c4       0x6c /usr/lib/gcc/arm-none-eabi/10.3.1/../../../arm-none-eabi/lib/thumb/v7e-m+fp/hard/libc_nano.a(lib_a-nano-vfprintf_i.o)
 .debug_frame   0x0000000000002130       0x70 /usr/lib/gcc/arm-none-eabi/10.3.1/../../../arm-none-eabi/lib/thumb/v7e-m+fp/hard/libc_nano.a(lib_a-reent.o)
 .debug_frame   0x00000000000021a0       0x40 /usr/lib/gcc/arm-none-eabi/10.3.1/../../../arm-none-eabi/lib/thumb/v7e-m+fp/hard/libc_nano.a(lib_a-memmove.o)
 .debug_frame   0x00000000000021e0       0x38 /usr/lib/gcc/arm-none-eabi/10.3.1/../../../arm-none-eabi/lib/thumb/v7e-m+fp/hard/libc_nano.a(lib_a-nano-reallocr.o)
 .debug_frame   0x0000000000002218       0x20 /usr/lib/gcc/arm-none-eabi/10.3.1/../../../arm-none-eabi/lib/thumb/v7e-m+fp/hard/libc_nano.a(lib_a-nano-msizer.o)
 .debug_frame   0x0000000000002238       0x20 /usr/lib/gcc/arm-none-eabi/10.3.1/../../../arm-none-eabi/lib/thumb/v7e-m+fp/hard/libnosys.a(sbrk.o)
 .debug_frame   0x0000000000002258       0xac /usr/lib/gcc/arm-none-eabi/10.3.1/thumb/v7e-m+fp/hard/libgcc.a(_arm_addsubdf3.o)
 .debug_frame   0x0000000000002304       0x50 /usr/lib/gcc/arm-none-eabi/10.3.1/thumb/v7e-m+fp/hard/libgcc.a(_arm_muldivdf3.o)
 .debug_frame   0x0000000000002354       0x24 /usr/lib/gcc/arm-none-eabi/10.3.1/thumb/v7e-m+fp/hard/libgcc.a(_arm_truncdfsf2.o)
 .debug_frame   0x0000000000002378       0x2c /usr/lib/gcc/arm-none-eabi/10.3.1/thumb/v7e-m+fp/hard/libgcc.a(_aeabi_uldivmod.o)
 .debug_frame   0x00000000000023a4       0x34 /usr/lib/gcc/arm-none-eabi/10.3.1/thumb/v7e-m+fp/hard/libgcc.a(_udivmoddi4.o)

Cross Reference Table

Symbol                                            File
ADC1_2_IRQHandler                                 build/startup_stm32l476xx.o
ADC3_IRQHandler                                   build/startup_stm32l476xx.o
AHBPrescTable                                     build/system_stm32l4xx.o
                                                  build/stm32l4xx_hal_rcc.o
APBPrescTable                                     build/system_stm32l4xx.o
                                                  build/stm32l4xx_hal_rcc.o
BusFault_Handler                                  build/stm32l4xx_it.o
CAN1_RX0_IRQHandler                               build/startup_stm32l476xx.o
CAN1_RX1_IRQHandler                               build/startup_stm32l476xx.o
CAN1_SCE_IRQHandler                               build/startup_stm32l476xx.o
CAN1_TX_IRQHandler                                build/startup_stm32l476xx.o
COMP_IRQHandler                                   build/startup_stm32l476xx.o
DFSDM1_FLT0_IRQHandler                            build/startup_stm32l476xx.o
DFSDM1_FLT1_IRQHandler                            build/startup_stm32l476xx.o
DFSDM1_FLT2_IRQHandler                            build/startup_stm32l476xx.o
DFSDM1_FLT3_IRQHandler                            build/startup_stm32l476xx.o
DMA1_Channel1_IRQHandler                          build/startup_stm32l476xx.o
DMA1_Channel2_IRQHandler                          build/startup_stm32l476xx.o
DMA1_Channel3_IRQHandler                          build/startup_stm32l476xx.o
DMA1_Channel4_IRQHandler                          build/startup_stm32l476xx.o
DMA1_Channel5_IRQHandler                          build/startup_stm32l476xx.o
DMA1_Channel6_IRQHandler                          build/startup_stm32l476xx.o
DMA1_Channel7_IRQHandler                          build/startup_stm32l476xx.o
DMA2_Channel1_IRQHandler                          build/startup_stm32l476xx.o
DMA2_Channel2_IRQHandler                          build/startup_stm32l476xx.o
DMA2_Channel3_IRQHandler                          build/startup_stm32l476xx.o
DMA2_Channel4_IRQHandler                          build/startup_stm32l476xx.o
DMA2_Channel5_IRQHandler                          build/startup_stm32l476xx.o
DMA2_Channel6_IRQHandler                          build/startup_stm32l476xx.o
DMA2_Channel7_IRQHandler                          build/startup_stm32l476xx.o
DebugMon_Handler                                  build/stm32l4xx_it.o
Default_Handler                                   build/startup_stm32l476xx.o
EXTI0_IRQHandler                                  build/startup_stm32l476xx.o
EXTI15_10_IRQHandler                              build/startup_stm32l476xx.o
EXTI1_IRQHandler                                  build/startup_stm32l476xx.o
EXTI2_IRQHandler                                  build/startup_stm32l476xx.o
EXTI3_IRQHandler                                  build/startup_stm32l476xx.o
EXTI4_IRQHandler                                  build/startup_stm32l476xx.o
EXTI9_5_IRQHandler                                build/startup_stm32l476xx.o
Error_Handler                                     build/main.o
                                                  build/stm32l4xx_hal_msp.o
FLASH_FlushCaches                                 build/stm32l4xx_hal_flash_ex.o
                                                  build/stm32l4xx_hal_flash.o
FLASH_IRQHandler                                  build/startup_stm32l476xx.o
FLASH_PageErase                                   build/stm32l4xx_hal_flash_ex.o
                                                  build/stm32l4xx_hal_flash.o
FLASH_WaitForLastOperation                        build/stm32l4xx_hal_flash.o
                                                  build/stm32l4xx_hal_flash_ex.o
FMC_IRQHandler                                    build/startup_stm32l476xx.o
FPU_IRQHandler                                    build/startup_stm32l476xx.o
HAL_DBGMCU_DisableDBGSleepMode                    build/stm32l4xx_hal.o
HAL_DBGMCU_DisableDBGStandbyMode                  build/stm32l4xx_hal.o
HAL_DBGMCU_DisableDBGStopMode                     build/stm32l4xx_hal.o
HAL_DBGMCU_EnableDBGSleepMode                     build/stm32l4xx_hal.o
HAL_DBGMCU_EnableDBGStandbyMode                   build/stm32l4xx_hal.o
HAL_DBGMCU_EnableDBGStopMode                      build/stm32l4xx_hal.o
HAL_DMA_Abort                                     build/stm32l4xx_hal_dma.o
                                                  build/stm32l4xx_hal_uart.o
                                                  build/stm32l4xx_hal_spi.o
HAL_DMA_Abort_IT                                  build/stm32l4xx_hal_dma.o
                                                  build/stm32l4xx_hal_uart.o
                                                  build/stm32l4xx_hal_spi.o
HAL_DMA_DeInit                                    build/stm32l4xx_hal_dma.o
HAL_DMA_GetError                                  build/stm32l4xx_hal_dma.o
                                                  build/stm32l4xx_hal_uart.o
HAL_DMA_GetState                                  build/stm32l4xx_hal_dma.o
HAL_DMA_IRQHandler                                build/stm32l4xx_hal_dma.o
HAL_DMA_Init                                      build/stm32l4xx_hal_dma.o
HAL_DMA_PollForTransfer                           build/stm32l4xx_hal_dma.o
HAL_DMA_RegisterCallback                          build/stm32l4xx_hal_dma.o
HAL_DMA_Start                                     build/stm32l4xx_hal_dma.o
HAL_DMA_Start_IT                                  build/stm32l4xx_hal_dma.o
                                                  build/stm32l4xx_hal_uart.o
                                                  build/stm32l4xx_hal_spi.o
HAL_DMA_UnRegisterCallback                        build/stm32l4xx_hal_dma.o
HAL_DeInit                                        build/stm32l4xx_hal.o
HAL_Delay                                         build/stm32l4xx_hal.o
                                                  build/main.o
HAL_EXTI_ClearConfigLine                          build/stm32l4xx_hal_exti.o
HAL_EXTI_ClearPending                             build/stm32l4xx_hal_exti.o
HAL_EXTI_GenerateSWI                              build/stm32l4xx_hal_exti.o
HAL_EXTI_GetConfigLine                            build/stm32l4xx_hal_exti.o
HAL_EXTI_GetHandle                                build/stm32l4xx_hal_exti.o
HAL_EXTI_GetPending                               build/stm32l4xx_hal_exti.o
HAL_EXTI_IRQHandler                               build/stm32l4xx_hal_exti.o
HAL_EXTI_RegisterCallback                         build/stm32l4xx_hal_exti.o
HAL_EXTI_SetConfigLine                            build/stm32l4xx_hal_exti.o
HAL_FLASHEx_DisableRunPowerDown                   build/stm32l4xx_hal_flash_ramfunc.o
HAL_FLASHEx_EnableRunPowerDown                    build/stm32l4xx_hal_flash_ramfunc.o
HAL_FLASHEx_Erase                                 build/stm32l4xx_hal_flash_ex.o
HAL_FLASHEx_Erase_IT                              build/stm32l4xx_hal_flash_ex.o
HAL_FLASHEx_OBGetConfig                           build/stm32l4xx_hal_flash_ex.o
HAL_FLASHEx_OBProgram                             build/stm32l4xx_hal_flash_ex.o
HAL_FLASH_EndOfOperationCallback                  build/stm32l4xx_hal_flash.o
HAL_FLASH_GetError                                build/stm32l4xx_hal_flash.o
HAL_FLASH_IRQHandler                              build/stm32l4xx_hal_flash.o
HAL_FLASH_Lock                                    build/stm32l4xx_hal_flash.o
HAL_FLASH_OB_Launch                               build/stm32l4xx_hal_flash.o
HAL_FLASH_OB_Lock                                 build/stm32l4xx_hal_flash.o
HAL_FLASH_OB_Unlock                               build/stm32l4xx_hal_flash.o
HAL_FLASH_OperationErrorCallback                  build/stm32l4xx_hal_flash.o
HAL_FLASH_Program                                 build/stm32l4xx_hal_flash.o
HAL_FLASH_Program_IT                              build/stm32l4xx_hal_flash.o
HAL_FLASH_Unlock                                  build/stm32l4xx_hal_flash.o
HAL_GPIO_DeInit                                   build/stm32l4xx_hal_gpio.o
                                                  build/stm32l4xx_hal_msp.o
HAL_GPIO_EXTI_Callback                            build/stm32l4xx_hal_gpio.o
HAL_GPIO_EXTI_IRQHandler                          build/stm32l4xx_hal_gpio.o
HAL_GPIO_Init                                     build/stm32l4xx_hal_gpio.o
                                                  build/stm32l4xx_hal_msp.o
                                                  build/main.o
                                                  build/stm32l4xx_hal_rcc_ex.o
                                                  build/stm32l4xx_hal_rcc.o
HAL_GPIO_LockPin                                  build/stm32l4xx_hal_gpio.o
HAL_GPIO_ReadPin                                  build/stm32l4xx_hal_gpio.o
                                                  build/spi.o
HAL_GPIO_TogglePin                                build/stm32l4xx_hal_gpio.o
                                                  build/main.o
HAL_GPIO_WritePin                                 build/stm32l4xx_hal_gpio.o
                                                  build/spi.o
                                                  build/main.o
HAL_GetDEVID                                      build/stm32l4xx_hal.o