../Core/Src/boards/lr1110_modem_board.c:119:6:lr1110_modem_board_init_io_context	16	static
../Core/Src/boards/lr1110_modem_board.c:133:6:lr1110_modem_board_init_io	16	static
../Core/Src/boards/lr1110_modem_board.c:142:6:lr1110_modem_board_deinit_io	16	static
../Core/Src/boards/lr1110_modem_board.c:153:6:lr1110_modem_board_analog_deinit_io	16	static
../Core/Src/boards/lr1110_modem_board.c:159:10:lr1110_modem_board_get_tcxo_wakeup_time	4	static
../Core/Src/boards/lr1110_modem_board.c:161:30:lr1110_modem_board_init	32	static
../Core/Src/boards/lr1110_modem_board.c:201:10:lr1110_modem_board_get_systime_from_gps	24	static
../Core/Src/boards/lr1110_modem_board.c:210:31:lr1110_modem_get_almanac_dates	32	static
../Core/Src/boards/lr1110_modem_board.c:253:6:lr1110_modem_board_lna_on	8	static
../Core/Src/boards/lr1110_modem_board.c:255:6:lr1110_modem_board_lna_off	8	static
../Core/Src/boards/lr1110_modem_board.c:257:30:lr1110_modem_board_event_flush	1048	static
../Core/Src/boards/lr1110_modem_board.c:270:6:lr1110_modem_board_read_event_line	16	static
../Core/Src/boards/lr1110_modem_board.c:275:6:lr1110_modem_board_is_ready	4	static
../Core/Src/boards/lr1110_modem_board.c:277:6:lr1110_modem_board_set_ready	16	static
../Core/Src/boards/lr1110_modem_board.c:279:30:lr1110_modem_board_measure_battery_drop	40	static
../Core/Src/boards/lr1110_modem_board.c:349:6:lr1110_modem_board_led_set	16	static
../Core/Src/boards/lr1110_modem_board.c:375:6:lr1110_modem_board_led_pulse	32	static
../Core/Src/boards/lr1110_modem_board.c:414:37:lr1110_modem_board_init_tcxo_io	16	static
../Core/Src/boards/lr1110_modem_board.c:420:6:on_led_timer_event	24	static
