smtc_hal_l4/smtc_hal_gpio.c:133:6:hal_gpio_irq_attach	0	static
smtc_hal_l4/smtc_hal_gpio.c:228:13:gpio_init.constprop	72	static
smtc_hal_l4/smtc_hal_gpio.c:125:6:hal_gpio_init_out	32	static
smtc_hal_l4/smtc_hal_gpio.c:106:6:hal_gpio_init_in	72	static
smtc_hal_l4/smtc_hal_gpio.c:141:6:hal_gpio_irq_deatach	0	static
smtc_hal_l4/smtc_hal_gpio.c:149:6:hal_gpio_irq_enable	8	static
smtc_hal_l4/smtc_hal_gpio.c:160:6:hal_gpio_irq_disable	8	static
smtc_hal_l4/smtc_hal_gpio.c:175:6:hal_gpio_set_value	0	static
smtc_hal_l4/smtc_hal_gpio.c:182:10:hal_gpio_get_value	8	static
smtc_hal_l4/smtc_hal_gpio.c:190:6:hal_gpio_clear_pending_irq	0	static
smtc_hal_l4/smtc_hal_gpio.c:319:6:EXTI0_IRQHandler	0	static
smtc_hal_l4/smtc_hal_gpio.c:333:6:EXTI1_IRQHandler	0	static
smtc_hal_l4/smtc_hal_gpio.c:348:6:EXTI2_IRQHandler	0	static
smtc_hal_l4/smtc_hal_gpio.c:362:6:EXTI3_IRQHandler	0	static
smtc_hal_l4/smtc_hal_gpio.c:376:6:EXTI4_IRQHandler	0	static
smtc_hal_l4/smtc_hal_gpio.c:390:6:EXTI9_5_IRQHandler	8	static
smtc_hal_l4/smtc_hal_gpio.c:407:6:EXTI15_10_IRQHandler	8	static
smtc_hal_l4/smtc_hal_gpio.c:423:6:HAL_GPIO_EXTI_Callback	0	static
