lr11xx_board/lr1110_board_mb1lxks.c:63:6:leds_on	8	static
lr11xx_board/lr1110_board_mb1lxks.c:77:6:leds_off	8	static
lr11xx_board/lr1110_board_mb1lxks.c:96:10:smtc_board_get_led_tx_mask	0	static
lr11xx_board/lr1110_board_mb1lxks.c:101:10:smtc_board_get_led_rx_mask	0	static
lr11xx_board/lr1110_board_mb1lxks.c:106:10:smtc_board_get_led_all_mask	0	static
lr11xx_board/lr1110_board_mb1lxks.c:111:6:smtc_board_led_set	0	static
lr11xx_board/lr1110_board_mb1lxks.c:123:6:smtc_board_led_pulse	16	static
lr11xx_board/lr1110_board_mb1lxks.c:142:6:geolocation_bsp_gnss_prescan_actions	8	static
lr11xx_board/lr1110_board_mb1lxks.c:148:6:geolocation_bsp_gnss_postscan_actions	8	static
lr11xx_board/lr1110_board_mb1lxks.c:154:6:geolocation_bsp_wifi_prescan_actions	0	static
lr11xx_board/lr1110_board_mb1lxks.c:159:6:geolocation_bsp_wifi_postscan_actions	0	static
lr11xx_board/lr1110_board_mb1lxks.c:164:27:geolocation_bsp_get_lr11xx_lf_clock_cfg	0	static
lr11xx_board/lr1110_board_mb1lxks.c:169:6:geolocation_bsp_get_lr11xx_reg_mode	0	static
lr11xx_board/lr1110_board_mb1lxks.c:174:6:geolocation_bsp_gnss_get_consumption	0	static
