smtc_hal_l4/smtc_hal_uart.c:84:6:uart4_init	16	static
smtc_hal_l4/smtc_hal_uart.c:106:6:uart4_deinit	0	static
smtc_hal_l4/smtc_hal_uart.c:111:6:uart2_init	8	static
smtc_hal_l4/smtc_hal_uart.c:130:6:uart2_deinit	0	static
smtc_hal_l4/smtc_hal_uart.c:135:6:uart4_dma_start_rx	24	static
smtc_hal_l4/smtc_hal_uart.c:141:6:uart4_dma_stop_rx	0	static
smtc_hal_l4/smtc_hal_uart.c:146:6:uart4_tx	0	static
smtc_hal_l4/smtc_hal_uart.c:151:6:uart2_tx	0	static
smtc_hal_l4/smtc_hal_uart.c:156:6:HAL_UART_MspInit	56	static
smtc_hal_l4/smtc_hal_uart.c:205:6:HAL_UART_MspDeInit	16	static
smtc_hal_l4/smtc_hal_uart.c:225:6:DMA2_Channel5_IRQHandler	0	static
