smtc_hal_l4/smtc_hal_mcu.c:171:44:hal_mcu_wait_us	24	static
smtc_hal_l4/smtc_hal_mcu.c:107:6:hal_mcu_critical_section_begin	0	static
smtc_hal_l4/smtc_hal_mcu.c:113:6:hal_mcu_critical_section_end	0	static
smtc_hal_l4/smtc_hal_mcu.c:118:6:hal_mcu_disable_irq	0	static
smtc_hal_l4/smtc_hal_mcu.c:123:6:hal_mcu_enable_irq	0	static
smtc_hal_l4/smtc_hal_mcu.c:165:6:hal_mcu_reset	0	static
smtc_hal_l4/smtc_hal_mcu.c:128:6:hal_mcu_init	256	static
smtc_hal_l4/smtc_hal_mcu.c:181:6:hal_mcu_set_sleep_for_ms	104	static
smtc_hal_l4/smtc_hal_mcu.c:218:6:SysTick_Handler	8	static
smtc_hal_l4/smtc_hal_mcu.c:224:6:HAL_MspInit	8	static
smtc_hal_l4/smtc_hal_mcu.c:475:6:HardFault_Handler	8	static
