smtc_modem_hal/smtc_modem_hal.c:114:6:smtc_modem_hal_reset_mcu	0	static
smtc_modem_hal/smtc_modem_hal.c:121:6:smtc_modem_hal_reload_wdog	0	static
smtc_modem_hal/smtc_modem_hal.c:128:10:smtc_modem_hal_get_time_in_s	0	static
smtc_modem_hal/smtc_modem_hal.c:133:10:smtc_modem_hal_get_time_in_ms	0	static
smtc_modem_hal/smtc_modem_hal.c:140:6:smtc_modem_hal_start_timer	16	static
smtc_modem_hal/smtc_modem_hal.c:146:6:smtc_modem_hal_stop_timer	0	static
smtc_modem_hal/smtc_modem_hal.c:153:6:smtc_modem_hal_disable_modem_irq	8	static
smtc_modem_hal/smtc_modem_hal.c:159:6:smtc_modem_hal_enable_modem_irq	8	static
smtc_modem_hal/smtc_modem_hal.c:167:6:smtc_modem_hal_context_restore	8	static
smtc_modem_hal/smtc_modem_hal.c:198:6:smtc_modem_hal_context_store	24	static
smtc_modem_hal/smtc_modem_hal.c:240:6:smtc_modem_hal_context_flash_pages_erase	8	static
smtc_modem_hal/smtc_modem_hal.c:255:6:smtc_modem_hal_crashlog_store	8	static
smtc_modem_hal/smtc_modem_hal.c:262:6:smtc_modem_hal_crashlog_restore	0	static
smtc_modem_hal/smtc_modem_hal.c:268:6:smtc_modem_hal_crashlog_set_status	0	static
smtc_modem_hal/smtc_modem_hal.c:273:6:smtc_modem_hal_crashlog_get_status	0	static
smtc_modem_hal/smtc_modem_hal.c:280:6:smtc_modem_hal_on_panic	296	static
smtc_modem_hal/smtc_modem_hal.c:298:10:smtc_modem_hal_get_random_nb_in_range	0	static
smtc_modem_hal/smtc_modem_hal.c:305:6:smtc_modem_hal_irq_config_radio_irq	0	static
smtc_modem_hal/smtc_modem_hal.c:314:6:smtc_modem_hal_radio_irq_clear_pending	0	static
smtc_modem_hal/smtc_modem_hal.c:319:6:smtc_modem_hal_start_radio_tcxo	0	static
smtc_modem_hal/smtc_modem_hal.c:324:6:smtc_modem_hal_stop_radio_tcxo	0	static
smtc_modem_hal/smtc_modem_hal.c:329:10:smtc_modem_hal_get_radio_tcxo_startup_delay_ms	0	static
smtc_modem_hal/smtc_modem_hal.c:339:6:smtc_modem_hal_set_ant_switch	0	static
smtc_modem_hal/smtc_modem_hal.c:345:9:smtc_modem_hal_get_battery_level	0	static
smtc_modem_hal/smtc_modem_hal.c:355:8:smtc_modem_hal_get_board_delay_ms	0	static
smtc_modem_hal/smtc_modem_hal.c:362:6:smtc_modem_hal_print_trace	16	static
smtc_modem_hal/smtc_modem_hal.c:426:8:smtc_modem_hal_get_temperature	0	static
smtc_modem_hal/smtc_modem_hal.c:432:10:smtc_modem_hal_get_voltage_mv	0	static
smtc_modem_hal/smtc_modem_hal.c:439:10:smtc_modem_hal_store_and_forward_get_number_of_pages	0	static
smtc_modem_hal/smtc_modem_hal.c:444:10:smtc_modem_hal_flash_get_page_size	0	static
smtc_modem_hal/smtc_modem_hal.c:451:6:smtc_modem_hal_user_lbm_irq	0	static
